******************************************************************************
            TI ARM Clang Linker PC v1.3.0                      
******************************************************************************
>> Linked Tue Feb  1 16:19:28 2022

OUTPUT FILE NAME:   <buttonLEDP71.out>
ENTRY POINT SYMBOL: "ResetISR"  address: 0000498b


MEMORY CONFIGURATION

         name            origin    length      used     unused   attr    fill
----------------------  --------  ---------  --------  --------  ----  --------
  FLASH                 00000000   000b0000  0000560c  000aa9f4  R  X
  GPRAM                 11000000   00002000  00000000  00002000  RW X
  SRAM                  20000000   00024000  00006de4  0001d21c  RW X
  LOG_DATA              90000000   00040000  00000000  00040000  R   


SEGMENT ALLOCATION MAP

run origin  load origin   length   init length attrs members
----------  ----------- ---------- ----------- ----- -------
00000000    00000000    000055b8   000055b8    r-x
  00000000    00000000    0000003c   0000003c    r-- .resetVecs
  0000003c    0000003c    00000004   00000004    r-- .const.1
  00000040    00000040    00004ba8   00004ba8    r-x .text
  00004be8    00004be8    0000046b   0000046b    r-- .const.2
  00005054    00005054    00000359   00000359    r-- .rodata
  000053b0    000053b0    00000208   00000208    r-- .cinit
000affa8    000affa8    00000058   00000058    r--
  000affa8    000affa8    00000058   00000058    r-- .ccfg
20000100    20000100    0000058c   00000000    rw-
  20000100    20000100    00000004   00000000    rw- .data:xdcRomConstPtr
  20000104    20000104    00000004   00000000    rw- .data:xdcRomExternFuncPtr
  20000108    20000108    00000004   00000000    rw- .data:xdcRomStatePtr
  20000110    20000110    0000057c   00000000    rw- .data
20001850    20001850    00000010   00000000    rw-
  20001850    20001850    00000010   00000000    rw- .TI.bound:dmaUart1RxControlTableEntry
20001860    20001860    00000010   00000000    rw-
  20001860    20001860    00000010   00000000    rw- .TI.bound:dmaUart1TxControlTableEntry
20001870    20001870    00004000   00000000    r--
  20001870    20001870    00004000   00000000    r-- .priheap
20005870    20005870    00002124   00000000    rw-
  20005870    20005870    00002124   00000000    rw- .bss
200239c0    200239c0    00000640   00000000    rw-
  200239c0    200239c0    00000640   00000000    rw- .stack


SECTION ALLOCATION MAP

 output                                  attributes/
section   page    origin      length       input sections
--------  ----  ----------  ----------   ----------------
.binit     0    00000000    00000000     

.cinit     0    000053b0    00000208     
                  000053b0    00000193     (.cinit..data.load) [load image, compression = lzss]
                  00005543    00000001     --HOLE-- [fill = 0]
                  00005544    0000000c     (__TI_handler_table)
                  00005550    00000008     (.cinit..TI.bound:dmaUart1RxControlTableEntry.load) [load image, compression = zero_init]
                  00005558    00000008     (.cinit..TI.bound:dmaUart1TxControlTableEntry.load) [load image, compression = zero_init]
                  00005560    00000008     (.cinit..bss.load) [load image, compression = zero_init]
                  00005568    00000008     (.cinit..data:xdcRomConstPtr.load) [load image, compression = lzss]
                  00005570    00000008     (.cinit..data:xdcRomExternFuncPtr.load) [load image, compression = lzss]
                  00005578    00000008     (.cinit..data:xdcRomStatePtr.load) [load image, compression = lzss]
                  00005580    00000038     (__TI_cinit_table)

.init_array 
*          0    00000000    00000000     UNINITIALIZED

.ccfg      0    000affa8    00000058     
                  000affa8    00000058     ti_devices_config.o (.ccfg)

.const.1   0    0000003c    00000004     
                  0000003c    00000004     buttonled_pm4f.om4f (.const:ti_sysbios_family_arm_m3_Hwi_E_exception__C)

.data:xdcRomConstPtr 
*          0    20000100    00000004     UNINITIALIZED
                  20000100    00000004     buttonled_pm4f.om4f (.data:xdcRomConstPtr)

.data      0    20000110    0000057c     UNINITIALIZED
                  20000110    00000170     drivers_cc13x2x7.a : PowerCC26X2.om4f (.data.PowerCC26X2_module)
                  20000280    0000010c     buttonled_pm4f.om4f (.data:ROM_stateStruct)
                  2000038c    0000007c     ti_drivers_config.o (.data.gpioPinConfigs)
                  20000408    0000004c     buttonled_pm4f.om4f (.data.ti_sysbios_knl_Task_Object__table__V)
                  20000454    00000004     buttonled_pm4f.om4f (.data.__xdc__init__addr)
                  20000458    00000048     buttonled_pm4f.om4f (.data.ti_sysbios_family_arm_cc26xx_Timer_Object__table__V)
                  200004a0    00000038     buttonled_pm4f.om4f (.data.ti_sysbios_gates_GateMutex_Object__table__V)
                  200004d8    00000030     buttonled_pm4f.om4f (.data.ti_sysbios_knl_Swi_Module_State_0_readyQ__A)
                  20000508    00000030     buttonled_pm4f.om4f (.data.ti_sysbios_knl_Swi_Object__table__V)
                  20000538    00000030     buttonled_pm4f.om4f (.data.ti_sysbios_knl_Task_Module_State_0_readyQ__A)
                  20000568    00000020     buttonled_pm4f.om4f (.data.ti_sysbios_knl_Clock_Object__table__V)
                  20000588    00000020     buttonled_pm4f.om4f (.data.xdc_runtime_Error_IgnoreBlock)
                  200005a8    00000018     buttonled_pm4f.om4f (.data.ti_sysbios_family_arm_m3_Hwi_Object__table__V)
                  200005c0    00000018     buttonled_pm4f.om4f (.data.ti_sysbios_heaps_HeapMem_Object__table__V)
                  200005d8    00000014     rom_sysbios.am4f : tirtos_pthread.o (.data.defaultPthreadAttrs)
                  200005ec    00000010     driverlib.lib : osc.o (.data._hposcCoeffs)
                  200005fc    0000000c     buttonled_pm4f.om4f (.data:xdc_runtime_SysMin_Module__state__V)
                  20000608    00000008     buttonled_pm4f.om4f (.data.ti_sysbios_family_arm_m3_Hwi_Module__root__V)
                  20000610    00000008     buttonled_pm4f.om4f (.data.ti_sysbios_gates_GateHwi_Module__root__V)
                  20000618    00000008     buttonled_pm4f.om4f (.data.ti_sysbios_gates_GateMutex_Module__root__V)
                  20000620    00000008     buttonled_pm4f.om4f (.data.ti_sysbios_hal_Hwi_Module__root__V)
                  20000628    00000008     buttonled_pm4f.om4f (.data.ti_sysbios_heaps_HeapMem_Module__root__V)
                  20000630    00000008     buttonled_pm4f.om4f (.data.ti_sysbios_knl_Clock_Module__root__V)
                  20000638    00000008     buttonled_pm4f.om4f (.data.ti_sysbios_knl_Event_Module__root__V)
                  20000640    00000008     buttonled_pm4f.om4f (.data.ti_sysbios_knl_Mailbox_Module__root__V)
                  20000648    00000008     buttonled_pm4f.om4f (.data.ti_sysbios_knl_Queue_Module__root__V)
                  20000650    00000008     buttonled_pm4f.om4f (.data.ti_sysbios_knl_Semaphore_Module__root__V)
                  20000658    00000008     buttonled_pm4f.om4f (.data.ti_sysbios_knl_Swi_Module__root__V)
                  20000660    00000008     buttonled_pm4f.om4f (.data.ti_sysbios_knl_Task_Module__root__V)
                  20000668    00000008     buttonled_pm4f.om4f (.data.xdc_runtime_System_Module_State_0_atexitHandlers__A)
                  20000670    00000004     libc.a : _lock.c.obj (.data._lock)
                  20000674    00000004            : _lock.c.obj (.data._unlock)
                  20000678    00000004     rom_sysbios.am4f : tirtos_pthread.o (.data.terminatedList)
                  2000067c    00000004     buttonled_pm4f.om4f (.data.ti_sysbios_family_arm_m3_Hwi_Module_State_0_excContext__A)
                  20000680    00000004     buttonled_pm4f.om4f (.data.ti_sysbios_family_arm_m3_Hwi_Module_State_0_excStack__A)
                  20000684    00000004     buttonled_pm4f.om4f (.data.ti_sysbios_knl_Task_Module_State_0_idleTask__A)
                  20000688    00000002     buttonled_pm4f.om4f (.data.ti_sysbios_family_arm_m3_Hwi_Module_State_0_excActive__A)
                  2000068a    00000001     drivers_cc13x2x7.a : GPIOCC26XX.om4f (.data.initCalled)
                  2000068b    00000001                        : PWM.om4f (.data.isInitialized)

.bss       0    20005870    00002124     UNINITIALIZED
                  20005870    00001000     (.common:ti_sysbios_heaps_HeapMem_Instance_State_0_buf__A)
                  20006870    00000400     ti_drivers_config.o (.bss.displayUART2Buffer)
                  20006c70    00000400     (.common:xdc_runtime_SysMin_Module_State_0_outbuf__A)
                  20007070    00000200     buttonled_pm4f.om4f (.bss:taskStackSection)
                  20007270    000001f8     (.common:uart2CC26X2Objects)
                  20007468    00000120     libsysbm.a : trgmsg.c.obj (.bss:_CIOBUF_)
                  20007588    000000d8     (.common:ti_sysbios_family_arm_m3_Hwi_dispatchTable)
                  20007660    000000b8     (.common:LEDObjects)
                  20007718    0000007c     (.common:gpioCallbackFunctions)
                  20007794    0000007c     (.common:gpioUserArgs)
                  20007810    00000048     (.common:ButtonObjects)
                  20007858    00000020     ti_drivers_config.o (.bss.uart2RxRingBuffer0)
                  20007878    00000020     ti_drivers_config.o (.bss.uart2TxRingBuffer0)
                  20007898    00000020     (.common:udmaCC26XXObject)
                  200078b8    0000001c     drivers_cc13x2x7.a : GPIOCC26XX.om4f (.bss.gpioHwi)
                  200078d4    0000001c     rom_sysbios.am4f : tirtos_pthread_key.o (.bss.sem)
                  200078f0    0000001c     (.common:bStats)
                  2000790c    0000001c     (.common:displaySemStruct)
                  20007928    00000018     (.common:eventRingObj)
                  20007940    0000000c     (.common:displayUart2Object)
                  2000794c    0000000a     (.common:eventBuf)
                  20007956    00000002     --HOLE--
                  20007958    00000008     (.common:buttonHandle)
                  20007960    00000008     (.common:ledHandle)
                  20007968    00000008     (.common:parmbuf)
                  20007970    00000004                      : ti_ReentSupport.o (.bss.errno)
                  20007974    00000004     driverlib.lib : osc.o (.bss.oscHfGlobals.0)
                  20007978    00000004                   : osc.o (.bss.oscHfGlobals.2)
                  2000797c    00000004                   : osc.o (.bss.oscHfGlobals.3)
                  20007980    00000004                   : osc.o (.bss.oscHfGlobals.4)
                  20007984    00000004     (.common:PowerCC26XX_swiKey)
                  20007988    00000004     (.common:PowerCC26XX_taskKey)
                  2000798c    00000004     (.common:display)
                  20007990    00000004     (.common:displaySem)

.stack     0    200239c0    00000640     UNINITIALIZED
                  200239c0    00000004     startup.am4f : boot_cortex_m.om4f (.stack)
                  200239c4    0000063c     --HOLE--

.priheap   0    20001870    00004000     UNINITIALIZED
                  20001870    00004000     --HOLE--

.log_data 
*          0    90000000    00000000     COPY SECTION

.data:xdcRomExternFuncPtr 
*          0    20000104    00000004     UNINITIALIZED
                  20000104    00000004     buttonled_pm4f.om4f (.data:xdcRomExternFuncPtr)

.data:xdcRomStatePtr 
*          0    20000108    00000004     UNINITIALIZED
                  20000108    00000004     buttonled_pm4f.om4f (.data:xdcRomStatePtr)

.bootVecs 
*          0    00000000    00000000     DSECT

.resetVecs 
*          0    00000000    0000003c     
                  00000000    0000003c     buttonled_pm4f.om4f (.resetVecs)

.vecs      0    20000000    000000d8     NOLOAD SECTION
                  20000000    000000d8     buttonled_pm4f.om4f (.vecs)

xdc.meta   0    00000000    000000fa     COPY SECTION
                  00000000    000000fa     buttonled_pm4f.om4f (xdc.meta)

xdc.noload 
*          0    00000000    00000000     COPY SECTION

__llvm_prf_cnts 
*          0    20000000    00000000     UNINITIALIZED

.TI.bound:dmaUart1RxControlTableEntry 
*          0    20001850    00000010     UNINITIALIZED
                  20001850    00000010     ti_drivers_config.o (.TI.bound:dmaUart1RxControlTableEntry)

.TI.bound:dmaUart1TxControlTableEntry 
*          0    20001860    00000010     UNINITIALIZED
                  20001860    00000010     ti_drivers_config.o (.TI.bound:dmaUart1TxControlTableEntry)

.text      0    00000040    00004ba8     
                  00000040    000002b8     drivers_cc13x2x7.a : UART2.om4f (.text.UART2_writeTimeout)
                  000002f8    00000280                        : UART2CC26X2.om4f (.text.UART2CC26X2_hwiIntFxn)
                  00000578    00000278                        : PowerCC26X2_calibrateRCOSC.om4f (.text.PowerCC26X2_auxISR)
                  000007f0    000001e8                        : UART2CC26X2.om4f (.text.UART2_open)
                  000009d8    000001b6     libclang_rt.builtins.a : adddf3.S.obj (.text)
                  00000b8e    00000002     ti_drivers_config.o (.text.Board_initHook)
                  00000b90    000001b4     buttonled_pm4f.om4f (.text.xdc_runtime_System_printfExtend__I)
                  00000d44    00000174     drivers_cc13x2x7.a : PowerCC26X2.om4f (.text.Power_sleep)
                  00000eb8    00000168                        : PowerCC26X2_calibrateRCOSC.om4f (.text.PowerCC26X2_calibrate)
                  00001020    0000014a                        : Button.om4f (.text.Button_clockTimeoutHandler)
                  0000116a    00000002     display_cc13x2x7.a : DisplayUart2.om4f (.text.DisplayUart2Min_clear)
                  0000116c    00000130     drivers_cc13x2x7.a : PowerCC26X2.om4f (.text.Power_init)
                  0000129c    00000118     buttonled.o (.text.handleButtonCallback)
                  000013b4    00000110     drivers_cc13x2x7.a : LED.om4f (.text.LED_open)
                  000014c4    0000010c                        : Button.om4f (.text.Button_open)
                  000015d0    00000104     driverlib.lib : sys_ctrl.o (.text.NOROM_SysCtrlStandby)
                  000016d4    00000104     drivers_cc13x2x7.a : UART2CC26X2.om4f (.text.UART2CC26X2_initHw)
                  000017d8    00000104     buttonled.o (.text.buttonLEDThreadFunc)
                  000018dc    000000fc     drivers_cc13x2x7.a : PowerCC26X2.om4f (.text.configureXOSCHF)
                  000019d8    000000fc     libclang_rt.builtins.a : muldf3.S.obj (.text)
                  00001ad4    000000f0     rom_sysbios.am4f : tirtos_pthread.o (.text.pthread_create)
                  00001bc4    000000d8     drivers_cc13x2x7.a : GPIOCC26XX.om4f (.text.GPIO_init)
                  00001c9c    000000c8     dpl_cc13x2x7.a : PowerCC26X2_tirtos.om4f (.text.PowerCC26XX_standbyPolicy)
                  00001d64    000000c8     buttonled.o (.text.doEventLogs)
                  00001e2c    000000c4     driverlib.lib : setup.o (.text.NOROM_SetupTrimDevice)
                  00001ef0    000000c2     drivers_cc13x2x7.a : UART2CC26X2.om4f (.text.UART2_close)
                  00001fb2    00000002     display_cc13x2x7.a : DisplayUart2.om4f (.text.DisplayUart2Min_clearLines)
                  00001fb4    000000c0     drivers_cc13x2x7.a : UART2CC26X2.om4f (.text.UART2Support_dmaStartRx)
                  00002074    000000bc     driverlib.lib : setup.o (.text.TrimAfterColdResetWakeupFromShutDown)
                  00002130    000000bc     displayBatmon.o (.text.displayBatmonThreadFunc)
                  000021ec    000000bc     rom_sysbios.am4f : knl_Task.o (.text.ti_sysbios_knl_Task_setPri__E)
                  000022a8    000000b8     main_tirtos.o (.text.main)
                  00002360    000000b4     driverlib.lib : osc.o (.text.NOROM_OSCHF_AttemptToSwitchToXosc)
                  00002414    000000b4     drivers_cc13x2x7.a : PowerCC26X2.om4f (.text.Power_releaseDependency)
                  000024c8    000000b0                        : PowerCC26X2.om4f (.text.Power_setDependency)
                  00002578    000000b0     libclang_rt.builtins.a : udivmoddi4.S.obj (.text)
                  00002628    000000a8     drivers_cc13x2x7.a : UART2CC26X2.om4f (.text.UART2Support_dmaStartTx)
                  000026d0    0000008c                        : GPIOCC26XX.om4f (.text.GPIO_setConfig)
                  0000275c    00000088     rom_sysbios.am4f : cc26xx_Timer.o (.text.ti_sysbios_family_arm_cc26xx_Timer_start__E)
                  000027e4    00000084                      : tirtos_pthread_key.o (.text._pthread_removeThreadKeys)
                  00002868    00000080                      : m3_Hwi.o (.text.ti_sysbios_family_arm_m3_Hwi_excHandlerMin__I)
                  000028e8    00000080     buttonled_pm4f.om4f (.text.xdc_runtime_Startup_getState__I)
                  00002968    0000007c     libclang_rt.builtins.a : comparedf2.c.obj (.text.__gedf2)
                  000029e4    0000007c                            : comparedf2.c.obj (.text.__ledf2)
                  00002a60    00000078     driverlib.lib : osc.o (.text.NOROM_OSCHF_SwitchToRcOscTurnOffXosc)
                  00002ad8    00000070     drivers_cc13x2x7.a : LED.om4f (.text.LED_startBlinking)
                  00002b48    00000070     rom_sysbios.am4f : runtime_System.o (.text.xdc_runtime_System_formatNum__I)
                  00002bb8    0000006a     libc.a : copy_decompress_lzss.c.obj (.text:decompress:lzss)
                  00002c22    00000002     display_cc13x2x7.a : DisplayUart2.om4f (.text.DisplayUart2Min_init)
                  00002c24    00000068     drivers_cc13x2x7.a : Button.om4f (.text.Button_gpioCallbackFxn)
                  00002c8c    00000066     buttonled_pm4f.om4f (.text.memalign)
                  00002cf2    00000002     drivers_cc13x2x7.a : LED.om4f (.text.LED_init)
                  00002cf4    00000064                        : PowerCC26X2_calibrateRCOSC.om4f (.text.PowerCC26X2_initiateCalibration)
                  00002d58    00000064                        : UDMACC26XX.om4f (.text.UDMACC26XX_open)
                  00002dbc    00000064                        : PowerCC26X2.om4f (.text.oscillatorISR)
                  00002e20    00000062     rom_sysbios.am4f : heaps_HeapMem.o (.text.ti_sysbios_heaps_HeapMem_allocUnprotected__E)
                  00002e82    00000002     drivers_cc13x2x7.a : UART2CC26X2.om4f (.text.UART2CC26X2_eventCallback)
                  00002e84    00000062     libclang_rt.builtins.a : aeabi_dcmp.S.obj (.text)
                  00002ee6    00000060     drivers_cc13x2x7.a : UART2.om4f (.text.UART2_writeCancel)
                  00002f46    0000005e                        : UART2.om4f (.text.UART2_readCancel)
                  00002fa4    0000005c                        : UART2CC26X2.om4f (.text.UART2Support_dmaStopTx)
                  00003000    0000005c     rom_sysbios.am4f : tirtos_pthread.o (.text.pthread_exit)
                  0000305c    00000058                      : heaps_HeapMem.o (.text.ti_sysbios_heaps_HeapMem_alloc__E)
                  000030b4    00000054     libsysbm.a : hostwrite.c.obj (.text.HOSTwrite)
                  00003108    00000054     drivers_cc13x2x7.a : UART2CC26X2.om4f (.text.UART2Support_dmaStopRx)
                  0000315c    00000052     display_cc13x2x7.a : DisplayUart2.om4f (.text.DisplayUart2Min_vprintf)
                  000031ae    00000002     libclang_rt.builtins.a : aeabi_div0.c.obj (.text.__aeabi_ldiv0)
                  000031b0    00000050     ti_drivers_config.o (.text.Board_shutDownExtFlash)
                  00003200    00000050     display_cc13x2x7.a : Display.om4f (.text.Display_doOpen)
                  00003250    0000004e     ti_drivers_config.o (.text.Board_sendExtFlashByte)
                  0000329e    0000004c     driverlib.lib : osc.o (.text.NOROM_OSC_HPOSCRelativeFrequencyOffsetGet)
                  000032ea    00000002     libc.a : _lock.c.obj (.text._nop)
                  000032ec    0000004c     drivers_cc13x2x7.a : PowerCC26X2.om4f (.text.switchXOSCHF)
                  00003338    00000048     driverlib.lib : aux_sysif.o (.text.NOROM_AUXSYSIFOpModeChange)
                  00003380    00000048     buttonled_pm4f.om4f (.text.realloc)
                  000033c8    00000048     libclang_rt.builtins.a : fixdfsi.S.obj (.text)
                  00003410    00000046     dpl_cc13x2x7.a : ClockP_tirtos.om4f (.text.ClockP_construct)
                  00003456    00000046     drivers_cc13x2x7.a : RingBuf.om4f (.text.RingBuf_put)
                  0000349c    00000044                        : PWM.om4f (.text.PWM_init)
                  000034e0    00000044     rom_sysbios.am4f : runtime_SysMin.o (.text.xdc_runtime_SysMin_flush__E)
                  00003524    00000044     libclang_rt.builtins.a : fixunsdfsi.S.obj (.text)
                  00003568    00000042     dpl_cc13x2x7.a : HwiP_tirtos.om4f (.text.HwiP_construct)
                  000035aa    00000002     drivers_cc13x2x7.a : PowerCC26X2.om4f (.text.emptyClockFunc)
                  000035ac    00000040     dpl_cc13x2x7.a : ClockP_tirtos.om4f (.text.ClockP_create)
                  000035ec    00000040     drivers_cc13x2x7.a : GPIOCC26XX.om4f (.text.GPIO_hwiIntFxn)
                  0000362c    00000040     driverlib.lib : prcm.o (.text.NOROM_PRCMPowerDomainsAllOn)
                  0000366c    00000040     drivers_cc13x2x7.a : PWM.om4f (.text.PWM_open)
                  000036ac    00000040                        : PowerCC26X2_calibrateRCOSC.om4f (.text.PowerCC26X2_RCOSC_clockFunc)
                  000036ec    00000040                        : LED.om4f (.text.clockTimeoutHandler)
                  0000372c    00000040     rom_sysbios.am4f : tirtos_sleep.o (.text.sleep)
                  0000376c    00000040                      : m3_Hwi.o (.text.ti_sysbios_family_arm_m3_Hwi_construct2__E)
                  000037ac    0000003e     drivers_cc13x2x7.a : LED.om4f (.text.LED_setBrightnessLevel)
                  000037ea    0000003e                        : LED.om4f (.text.LED_setOff)
                  00003828    0000003e     driverlib.lib : prcm.o (.text.NOROM_PRCMPowerDomainsAllOff)
                  00003866    0000003e     drivers_cc13x2x7.a : RingBuf.om4f (.text.RingBuf_get)
                  000038a4    0000003c     display_cc13x2x7.a : DisplayUart2.om4f (.text.DisplayUart2Min_open)
                  000038e0    0000003c     driverlib.lib : sys_ctrl.o (.text.NOROM_SysCtrlIdle)
                  0000391c    0000003c     drivers_cc13x2x7.a : UART2.om4f (.text.UART2_rxDisable)
                  00003958    0000003c     rom_sysbios.am4f : cc26xx_Timer.o (.text.ti_sysbios_family_arm_cc26xx_Timer_setThreshold__I)
                  00003994    0000003c                      : runtime_SysMin.o (.text.xdc_runtime_SysMin_putch__E)
                  000039d0    0000003c     libc.a : autoinit.c.obj (.text:__TI_auto_init_nobinit_nopinit)
                  00003a0c    00000038     drivers_cc13x2x7.a : LED.om4f (.text.LED_setOn)
                  00003a44    00000038                        : RingBuf.om4f (.text.RingBuf_putAdvance)
                  00003a7c    00000038                        : UDMACC26XX.om4f (.text.UDMACC26XX_close)
                  00003ab4    00000038     buttonled_pm4f.om4f (.text.ti_sysbios_rts_MemAlloc_alloc)
                  00003aec    00000038     libclang_rt.builtins.a : extendsfdf2.S.obj (.text)
                  00003b24    00000034     drivers_cc13x2x7.a : GPIO.om4f (.text.GPIO_resetConfig)
                  00003b58    00000034                        : PowerCC26X2.om4f (.text.Power_releaseConstraint)
                  00003b8c    00000034                        : UART2CC26X2.om4f (.text.UART2Support_sendData)
                  00003bc0    00000034     libsysbm.a : trgmsg.c.obj (.text.__TI_writemsg)
                  00003bf4    00000034     buttonled_pm4f.om4f (.text.ti_sysbios_BIOS_atExitFunc__I)
                  00003c28    00000034     rom_sysbios.am4f : cc26xx_Timer.o (.text.ti_sysbios_family_arm_cc26xx_Timer_getCurrentTick__E)
                  00003c5c    00000034                      : tirtos_sleep.o (.text.usleep)
                  00003c90    00000030     ti_drivers_config.o (.text.Board_wakeUpExtFlash)
                  00003cc0    00000030     drivers_cc13x2x7.a : PowerCC26X2.om4f (.text.Power_setConstraint)
                  00003cf0    00000030     libsysbm.a : trgmsg.c.obj (.text.__TI_readmsg)
                  00003d20    00000030     drivers_cc13x2x7.a : PowerCC26X2.om4f (.text.notify)
                  00003d50    00000030     buttonled_pm4f.om4f (.text.ti_sysbios_BIOS_startFunc__I)
                  00003d80    00000030     rom_sysbios.am4f : cc26xx_Timer.o (.text.ti_sysbios_family_arm_cc26xx_Timer_initDevice__I)
                  00003db0    00000030                      : runtime_SysMin.o (.text.xdc_runtime_SysMin_abort__E)
                  00003de0    00000030     startup.am4f : boot_cortex_m.om4f (.text:_c_int00)
                  00003e10    00000030                  : boot_cortex_m.om4f (.text:_c_int00_noargs)
                  00003e40    0000002e     drivers_cc13x2x7.a : RingBuf.om4f (.text.RingBuf_getConsume)
                  00003e6e    0000002e                        : RingBuf.om4f (.text.RingBuf_putPointer)
                  00003e9c    0000002e                        : UART2CC26X2.om4f (.text.UART2CC26X2_getRxData)
                  00003eca    00000002     buttonled_pm4f.om4f (.text.ti_sysbios_BIOS_nullFunc__I)
                  00003ecc    0000002c     drivers_cc13x2x7.a : GPIOCC26XX.om4f (.text.GPIO_setInterruptConfig)
                  00003ef8    0000002c     rom_sysbios.am4f : tirtos_pthread.o (.text._pthread_cleanupFxn)
                  00003f24    0000002c                      : tirtos_pthread.o (.text._pthread_delete)
                  00003f50    0000002c                      : knl_Clock.o (.text.ti_sysbios_knl_Clock_getTicksUntilInterrupt__E)
                  00003f7c    0000002c     startup.am4f : boot_cortex_m.om4f (.text:_c_int00_noinit)
                  00003fa8    0000002a     driverlib.lib : osc.o (.text.NOROM_OSCHF_TurnOnXosc)
                  00003fd2    0000002a     rom_sysbios.am4f : cc26xx_Timer.o (.text.ti_sysbios_family_arm_cc26xx_Timer_setNextTick__E)
                  00003ffc    00000028     drivers_cc13x2x7.a : GPIOCC26XX.om4f (.text.GPIO_setMux)
                  00004024    00000028                        : List.om4f (.text.List_remove)
                  0000404c    00000028     dpl_cc13x2x7.a : SemaphoreP_tirtos.om4f (.text.SemaphoreP_createBinary)
                  00004074    00000028     buttonled_pm4f.om4f (.text.calloc)
                  0000409c    00000028     buttonled_pm4f.om4f (.text.ti_sysbios_BIOS_registerRTSLock__I)
                  000040c4    00000028     startup.am4f : boot_cortex_m.om4f (.text:_c_int00_noinit_noargs)
                  000040ec    00000026     driverlib.lib : chipinfo.o (.text.NOROM_ThisLibraryIsFor_CC13x2x7_CC26x2x7_HaltIfViolated)
                  00004112    00000026     dpl_cc13x2x7.a : SemaphoreP_tirtos.om4f (.text.SemaphoreP_constructBinary)
                  00004138    00000024     display_cc13x2x7.a : Display.om4f (.text.Display_doInit)
                  0000415c    00000024     drivers_cc13x2x7.a : List.om4f (.text.List_put)
                  00004180    00000024                        : PowerCC26X2.om4f (.text.OSCClockLossEventEnable)
                  000041a4    00000024                        : PowerCC26X2.om4f (.text.Power_registerNotify)
                  000041c8    00000024     buttonled_pm4f.om4f (.text.ti_sysbios_BIOS_removeRTSLock__I)
                  000041ec    00000022     drivers_cc13x2x7.a : LED.om4f (.text.LED_stopBlinking)
                  0000420e    00000022                        : RingBuf.om4f (.text.RingBuf_getPointer)
                  00004230    00000022     rom_sysbios.am4f : cc26xx_Timer.o (.text.ti_sysbios_family_arm_cc26xx_Timer_getMaxTicks__E)
                  00004252    00000022     buttonled_pm4f.om4f (.text.xdc_runtime_SysMin_output__I)
                  00004274    00000020     dpl_cc13x2x7.a : PowerCC26X2_tirtos.om4f (.text.PowerCC26XX_schedulerRestore)
                  00004294    00000020     drivers_cc13x2x7.a : PowerCC26X2.om4f (.text.Power_getTransitionLatency)
                  000042b4    00000020                        : PowerCC26X2.om4f (.text.Power_unregisterNotify)
                  000042d4    00000020     rom_sysbios.am4f : runtime_Error.o (.text.xdc_runtime_Error_policyMin__E)
                  000042f4    00000020                      : runtime_SysMin.o (.text.xdc_runtime_SysMin_Module_startup__E)
                  00004314    00000020     libclang_rt.builtins.a : floatunsidf.S.obj (.text)
                  00004334    0000001c     dpl_cc13x2x7.a : PowerCC26X2_tirtos.om4f (.text.PowerCC26XX_schedulerDisable)
                  00004350    0000001c     rom_sysbios.am4f : tirtos_pthread.o (.text.pthread_attr_init)
                  0000436c    0000001c     buttonled_pm4f.om4f (.text.ti_sysbios_BIOS_rtsLock__I)
                  00004388    0000001c     rom_sysbios.am4f : ti_ReentSupport.o (.text.ti_sysbios_rts_ti_ReentSupport_getReent__F)
                  000043a4    0000001c                      : runtime_SysMin.o (.text.xdc_runtime_SysMin_exit__E)
                  000043c0    0000001a     drivers_cc13x2x7.a : LED.om4f (.text.LED_toggle)
                  000043da    0000001a                        : UART2CC26X2.om4f (.text.UART2Support_disableRx)
                  000043f4    00000018     display_cc13x2x7.a : DisplayUart2.om4f (.text.DisplayUart2Min_close)
                  0000440c    00000018     drivers_cc13x2x7.a : GPIO.om4f (.text.GPIO_setCallback)
                  00004424    00000018                        : PowerCC26X2.om4f (.text.PowerCC26XX_calibrate)
                  0000443c    00000018                        : PowerCC26X2.om4f (.text.Power_idleFunc)
                  00004454    00000018                        : PowerCC26X2.om4f (.text.switchToTCXO)
                  0000446c    00000018     buttonled_pm4f.om4f (.text.ti_sysbios_BIOS_exitFunc__I)
                  00004484    00000018     buttonled_pm4f.om4f (.text.ti_sysbios_BIOS_rtsUnlock__I)
                  0000449c    00000018     rom_sysbios.am4f : cc26xx_Timer.o (.text.ti_sysbios_family_arm_cc26xx_Timer_dynamicStub__E)
                  000044b4    00000018                      : cc26xx_TimestampProvider.o (.text.ti_sysbios_family_arm_cc26xx_TimestampProvider_get32__E)
                  000044cc    00000018     buttonled_pm4f.om4f (.text.ti_sysbios_knl_Clock_doTick__I)
                  000044e4    00000018     buttonled_pm4f.om4f (.text.ti_sysbios_rom_cortexm_cc26xx_cc26x2v2_CC26xx_checkRevision__E)
                  000044fc    00000018     drivers_cc13x2x7.a : UART2CC26X2.om4f (.text.uartDmaDisable)
                  00004514    00000018                        : UART2CC26X2.om4f (.text.uartDmaEnable)
                  0000452c    00000018     rom_sysbios.am4f : runtime_Error.o (.text.xdc_runtime_Error_init__E)
                  00004544    00000018     buttonled_pm4f.om4f (.text.xdc_runtime_Startup_exec__I)
                  0000455c    00000016     ti_drivers_config.o (.text.Board_init)
                  00004572    00000016     drivers_cc13x2x7.a : Button.om4f (.text.Button_getLastPressedDuration)
                  00004588    00000016     display_cc13x2x7.a : Display.om4f (.text.Display_doPrintf)
                  0000459e    00000016     drivers_cc13x2x7.a : UART2CC26X2.om4f (.text.UART2CC26X2_writeTimeout)
                  000045b4    00000016     rom_sysbios.am4f : tirtos_pthread.o (.text._pthread_runStub)
                  000045ca    00000002                      : runtime_SysCallback.o (.text.xdc_runtime_SysCallback_defaultAbort)
                  000045cc    00000014     drivers_cc13x2x7.a : GPIOCC26XX.om4f (.text.GPIO_disableInt)
                  000045e0    00000014                        : GPIOCC26XX.om4f (.text.GPIO_read)
                  000045f4    00000014     dpl_cc13x2x7.a : HwiP_tirtos.om4f (.text.HwiP_interruptsEnabled)
                  00004608    00000014                    : SemaphoreP_tirtos.om4f (.text.SemaphoreP_pend)
                  0000461c    00000014     drivers_cc13x2x7.a : UART2CC26X2.om4f (.text.UART2CC26X2_postNotifyFxn)
                  00004630    00000014                        : UART2CC26X2.om4f (.text.UART2CC26X2_readTimeout)
                  00004644    00000014     libc.a : args_main.c.obj (.text._args_main)
                  00004658    00000014     buttonled_pm4f.om4f (.text.free)
                  0000466c    00000014     rom_sysbios.am4f : tirtos_pthread.o (.text.pthread_attr_setschedparam)
                  00004680    00000014     buttonled_pm4f.om4f (.text.xdc_runtime_System_SupportProxy_Module__startupDone__S)
                  00004694    00000014     libclang_rt.builtins.a : aeabi_memset.S.obj (.text)
                  000046a8    00000014                            : aeabi_uldivmod.S.obj (.text)
                  000046bc    00000012     drivers_cc13x2x7.a : PowerCC26X2.om4f (.text.OUTLINED_FUNCTION_1)
                  000046ce    00000012     libc.a : memcpy_t2.S.obj (.text:TI_memcpy_small)
                  000046e0    00000010     drivers_cc13x2x7.a : Button.om4f (.text.Button_Params_init)
                  000046f0    00000010                        : GPIOCC26XX.om4f (.text.GPIO_write)
                  00004700    00000010     dpl_cc13x2x7.a : HwiP_tirtos.om4f (.text.HwiP_Params_init)
                  00004710    00000010     drivers_cc13x2x7.a : PWM.om4f (.text.PWM_Params_init)
                  00004720    00000010                        : PowerCC26X2.om4f (.text.Power_getDependencyCount)
                  00004730    00000010                        : RingBuf.om4f (.text.RingBuf_construct)
                  00004740    00000010                        : UART2CC26X2.om4f (.text.UART2Support_txDone)
                  00004750    00000010     rom_sysbios.am4f : runtime_SysMin.o (.text.xdc_runtime_SysMin_ready__E)
                  00004760    00000010     libc.a : copy_zero_init.c.obj (.text:decompress:ZI)
                  00004770    0000000e     drivers_cc13x2x7.a : LED.om4f (.text.LED_Params_init)
                  0000477e    0000000e                        : PowerCC26X2.om4f (.text.OUTLINED_FUNCTION_0)
                  0000478c    0000000e                        : UART2.om4f (.text.UART2_write)
                  0000479a    0000000e     rom_sysbios.am4f : tirtos_pthread.o (.text.pthread_self)
                  000047a8    0000000e     dpl_cc13x2x7.a : HwiP_tirtos.om4f (.text.ti_sysbios_family_arm_m3_Hwi_Params_init)
                  000047b6    0000000e                    : ClockP_tirtos.om4f (.text.ti_sysbios_knl_Clock_Params_init)
                  000047c4    0000000e                    : SemaphoreP_tirtos.om4f (.text.ti_sysbios_knl_Semaphore_Params_init)
                  000047d2    0000000e     buttonled_pm4f.om4f (.text.xdc_runtime_Startup_reset__I)
                  000047e0    0000000e     libc.a : memset_t2.S.obj (.text:TI_memset_small)
                  000047ee    0000000e            : copy_decompress_none.c.obj (.text:decompress:none)
                  000047fc    0000000c     dpl_cc13x2x7.a : ClockP_tirtos.om4f (.text.ClockP_getSystemTickPeriod)
                  00004808    0000000c     driverlib.lib : cpu.o (.text.NOROM_CPUcpsid)
                  00004814    0000000c                   : cpu.o (.text.NOROM_CPUcpsie)
                  00004820    0000000c     drivers_cc13x2x7.a : Button.om4f (.text.OUTLINED_FUNCTION_0)
                  0000482c    0000000c     main_tirtos.o (.text.OUTLINED_FUNCTION_0)
                  00004838    0000000c     drivers_cc13x2x7.a : PowerCC26X2.om4f (.text.Power_getConstraintMask)
                  00004844    0000000c     dpl_cc13x2x7.a : SemaphoreP_tirtos.om4f (.text.SemaphoreP_delete)
                  00004850    0000000c     drivers_cc13x2x7.a : UART2CC26X2.om4f (.text.UART2Support_disableTx)
                  0000485c    0000000c                        : UART2CC26X2.om4f (.text.UART2Support_enableTx)
                  00004868    0000000c                        : UART2.om4f (.text.UART2_Params_init)
                  00004874    0000000c     libc.a : _lock.c.obj (.text._register_lock)
                  00004880    0000000c            : _lock.c.obj (.text._register_unlock)
                  0000488c    0000000c     rom_sysbios.am4f : tirtos_pthread.o (.text.pthread_attr_setdetachstate)
                  00004898    0000000c                      : cc26xx_Timer.o (.text.ti_sysbios_family_arm_cc26xx_Timer_getCount64__E)
                  000048a4    0000000c                      : knl_Queue.o (.text.ti_sysbios_knl_Queue_insert__E)
                  000048b0    0000000a     dpl_cc13x2x7.a : ClockP_tirtos.om4f (.text.ClockP_Params_init)
                  000048ba    0000000a     drivers_cc13x2x7.a : Button.om4f (.text.OUTLINED_FUNCTION_1)
                  000048c4    0000000a     main_tirtos.o (.text.OUTLINED_FUNCTION_1)
                  000048ce    0000000a     drivers_cc13x2x7.a : UDMACC26XX.om4f (.text.UDMACC26XX_hwiIntFxn)
                  000048d8    0000000a     startup.am4f : clang_startup.om4f (.text._system_pre_init)
                  000048e2    0000000a     buttonled_pm4f.om4f (.text.ti_sysbios_rts_ti_ReentSupport_getTlsAddr__I)
                  000048ec    00000008     drivers_cc13x2x7.a : LED.om4f (.text.LED_getState)
                  000048f4    00000008     driverlib.lib : cpu.o (.text.NOROM_CPUdelay)
                  000048fc    00000008     buttonled.o (.text.OUTLINED_FUNCTION_0)
                  00004904    00000008     buttonled.o (.text.OUTLINED_FUNCTION_1)
                  0000490c    00000008     buttonled_pm4f.om4f (.text.xdc_runtime_Text_visitRope__I)
                  00004914    00000006     display_cc13x2x7.a : DisplayUart2.om4f (.text.DisplayUart2Min_control)
                  0000491a    00000006                        : DisplayUart2.om4f (.text.DisplayUart2Min_getType)
                  00004920    00000006     drivers_cc13x2x7.a : UART2.om4f (.text.OUTLINED_FUNCTION_0)
                  00004926    00000006                        : UART2CC26X2.om4f (.text.OUTLINED_FUNCTION_0)
                  0000492c    00000006                        : UART2CC26X2.om4f (.text.OUTLINED_FUNCTION_1)
                  00004932    00000006                        : PWM.om4f (.text.PWM_close)
                  00004938    00000006                        : PWM.om4f (.text.PWM_setDuty)
                  0000493e    00000006                        : PWM.om4f (.text.PWM_start)
                  00004944    00000006                        : UART2CC26X2.om4f (.text.UART2Support_powerRelConstraint)
                  0000494a    00000006     rom_sysbios.am4f : runtime_xdc_noinit.o (.text.__xdc__init)
                  00004950    00000006     buttonled.o (.text.handleButton1Callback)
                  00004956    00000006     buttonled.o (.text.handleButton2Callback)
                  0000495c    00000006     rom_sysbios.am4f : tirtos_pthread.o (.text.pthread_attr_setstacksize)
                  00004962    00000004     drivers_cc13x2x7.a : Button.om4f (.text.Button_init)
                  00004966    00000004     dpl_cc13x2x7.a : ClockP_tirtos.om4f (.text.ClockP_destruct)
                  0000496a    00000004                    : ClockP_tirtos.om4f (.text.ClockP_getCpuFreq)
                  0000496e    00000004                    : ClockP_tirtos.om4f (.text.ClockP_getSystemTicks)
                  00004972    00000004                    : ClockP_tirtos.om4f (.text.ClockP_setTimeout)
                  00004976    00000004                    : ClockP_tirtos.om4f (.text.ClockP_start)
                  0000497a    00000004                    : ClockP_tirtos.om4f (.text.ClockP_stop)
                  0000497e    00000004                    : HwiP_tirtos.om4f (.text.HwiP_destruct)
                  00004982    00000004                    : HwiP_tirtos.om4f (.text.HwiP_disable)
                  00004986    00000004                    : HwiP_tirtos.om4f (.text.HwiP_restore)
                  0000498a    00000004     buttonled_pm4f.om4f (.text.ResetISR)
                  0000498e    00000004     dpl_cc13x2x7.a : SemaphoreP_tirtos.om4f (.text.SemaphoreP_destruct)
                  00004992    00000004                    : SemaphoreP_tirtos.om4f (.text.SemaphoreP_post)
                  00004996    00000004                    : SystemP_tirtos.om4f (.text.SystemP_vsnprintf)
                  0000499a    00000004     rom_sysbios.am4f : ti_aeabi_portable.o (.text.__aeabi_errno_addr)
                  0000499e    00000004     startup.am4f : clang_startup.om4f (.text._system_post_cinit)
                  000049a2    00000004     buttonled_pm4f.om4f (.text.aligned_alloc)
                  000049a6    00000004     drivers_cc13x2x7.a : PowerCC26X2.om4f (.text.configureRFCoreClocks)
                  000049aa    00000004     buttonled_pm4f.om4f (.text.malloc)
                  000049ae    00000004     drivers_cc13x2x7.a : PowerCC26X2.om4f (.text.nopResourceHandler)
                  000049b2    00000004     rom_sysbios.am4f : cc26xx_Boot.o (.text.ti_sysbios_family_arm_cc26xx_Boot_trimDevice)
                  000049b6    00000004                      : knl_Task.o (.text.ti_sysbios_knl_Task_getArg1__E)
                  000049ba    00000004                      : knl_Task.o (.text.ti_sysbios_knl_Task_getEnv__E)
                  000049be    00000004     buttonled_pm4f.om4f (.text.ti_sysbios_rom_cortexm_cc26xx_cc26x2v2_CC26xx_badRomRevision__E)
                  000049c2    00000004     buttonled_pm4f.om4f (.text.ti_sysbios_rts_ti_ReentSupport_getReent__E)
                  000049c6    00000004     rom_sysbios.am4f : runtime_SysCallback.o (.text.xdc_runtime_SysCallback_defaultReady)
                  000049ca    00000004     buttonled_pm4f.om4f (.text.xdc_runtime_System_SupportProxy_abort__E)
                  000049ce    00000004     buttonled_pm4f.om4f (.text.xdc_runtime_System_SupportProxy_exit__E)
                  000049d2    00000004     buttonled_pm4f.om4f (.text.xdc_runtime_System_SupportProxy_flush__E)
                  000049d6    00000004     buttonled_pm4f.om4f (.text.xdc_runtime_System_SupportProxy_putch__E)
                  000049da    00000004     buttonled_pm4f.om4f (.text.xdc_runtime_System_SupportProxy_ready__E)
                  000049de    00000002     rom_sysbios.am4f : runtime_SysCallback.o (.text.xdc_runtime_SysCallback_defaultExit)
                  000049e0    00000004     libclang_rt.builtins.a : aeabi_memcpy.S.obj (.text)
                  000049e4    00000002     rom_sysbios.am4f : runtime_SysCallback.o (.text.xdc_runtime_SysCallback_defaultFlush)
                  000049e6    00000002                      : runtime_SysCallback.o (.text.xdc_runtime_SysCallback_defaultPutch)
                  000049e8    00000008     (.tramp.xdc_runtime_Startup_exec__E.1)
                  000049f0    00000008     (.tramp.xdc_runtime_System_vsnprintf__E.1)
                  000049f8    00000008     (.tramp.ti_sysbios_family_arm_m3_Hwi_destruct.1)
                  00004a00    00000008     (.tramp.ti_sysbios_knl_Clock_getTicks__E.1)
                  00004a08    00000008     (.tramp.ti_sysbios_BIOS_getCpuFreq__E.1)
                  00004a10    00000008     (.tramp.ti_sysbios_knl_Clock_destruct.1)
                  00004a18    00000008     (.tramp.ti_sysbios_knl_Semaphore_delete.1)
                  00004a20    00000008     (.tramp.ti_sysbios_knl_Clock_Params__init__S.1)
                  00004a28    00000008     (.tramp.ti_sysbios_family_arm_m3_Hwi_Params__init__S.1)
                  00004a30    00000008     (.tramp.ti_sysbios_knl_Task_self__E.1)
                  00004a38    00000008     (.tramp.ti_sysbios_family_arm_m3_Hwi_restoreFxn__E.1)
                  00004a40    00000008     (.tramp.ti_sysbios_family_arm_m3_Hwi_disableFxn__E.1)
                  00004a48    00000008     (.tramp.ti_sysbios_knl_Swi_post__E.1)
                  00004a50    00000008     (.tramp.ti_sysbios_knl_Clock_logTick__E.1)
                  00004a58    00000008     (.tramp.ti_sysbios_BIOS_RtsGateProxy_leave__E.1)
                  00004a60    00000008     (.tramp.ti_sysbios_BIOS_getThreadType__E.1)
                  00004a68    00000008     (.tramp.ti_sysbios_BIOS_RtsGateProxy_enter__E.1)
                  00004a70    00000008     (.tramp.ti_sysbios_knl_Swi_restore__E.1)
                  00004a78    00000008     (.tramp.ti_sysbios_knl_Semaphore_create.1)
                  00004a80    00000008     (.tramp.ti_sysbios_knl_Clock_TimerProxy_getCurrentTick__E.1)
                  00004a88    00000008     (.tramp.ti_sysbios_knl_Task_delete.1)
                  00004a90    00000008     (.tramp.ti_sysbios_knl_Semaphore_destruct.1)
                  00004a98    00000008     (.tramp.xdc_runtime_System_exit__E.1)
                  00004aa0    00000008     (.tramp.ti_sysbios_knl_Task_startup__E.1)
                  00004aa8    00000008     (.tramp.ti_sysbios_knl_Swi_startup__E.1)
                  00004ab0    00000008     (.tramp.ti_sysbios_hal_Hwi_startup__E.1)
                  00004ab8    00000008     (.tramp.ti_sysbios_family_arm_cc26xx_Timer_startup__E.1)
                  00004ac0    00000008     (.tramp.xdc_runtime_System_atexit__E.1)
                  00004ac8    00000008     (.tramp.ti_sysbios_BIOS_linkedWithIncorrectBootLibrary__E.1)
                  00004ad0    00000008     (.tramp.xdc_runtime_Startup_rtsDone__E.1)
                  00004ad8    00000008     (.tramp.ti_sysbios_knl_Swi_disable__E.1)
                  00004ae0    00000008     (.tramp.ti_sysbios_family_arm_m3_Hwi_construct.1)
                  00004ae8    00000008     (.tramp.ti_sysbios_knl_Task_sleep__E.1)
                  00004af0    00000008     (.tramp.ti_sysbios_knl_Clock_create.1)
                  00004af8    00000008     (.tramp.xdc_runtime_Gate_leaveSystem__E.1)
                  00004b00    00000008     (.tramp.xdc_runtime_Gate_enterSystem__E.1)
                  00004b08    00000008     (.tramp.ti_sysbios_knl_Clock_construct.1)
                  00004b10    00000008     (.tramp.ti_sysbios_heaps_HeapMem_Module_GateProxy_leave__E.1)
                  00004b18    00000008     (.tramp.ti_sysbios_heaps_HeapMem_Module_GateProxy_enter__E.1)
                  00004b20    00000008     (.tramp.xdc_runtime_Error_raiseX__E.1)
                  00004b28    00000008     (.tramp.ti_sysbios_BIOS_setThreadType__E.1)
                  00004b30    00000008     (.tramp.ti_sysbios_family_arm_m3_Hwi_excFillContext__I.1)
                  00004b38    00000008     (.tramp.xdc_runtime_Memory_free__E.1)
                  00004b40    00000008     (.tramp.ti_sysbios_knl_Queue_next__E.1)
                  00004b48    00000008     (.tramp.ti_sysbios_knl_Queue_head__E.1)
                  00004b50    00000008     (.tramp.ti_sysbios_knl_Task_disable__E.1)
                  00004b58    00000008     (.tramp.ti_sysbios_BIOS_start__E.1)
                  00004b60    00000008     (.tramp.ti_sysbios_knl_Task_restore__E.1)
                  00004b68    00000008     (.tramp.ti_sysbios_knl_Queue_enqueue__E.1)
                  00004b70    00000008     (.tramp.ti_sysbios_knl_Queue_empty__E.1)
                  00004b78    00000008     (.tramp.ti_sysbios_knl_Queue_remove__E.1)
                  00004b80    00000008     (.tramp.ti_sysbios_knl_Clock_stop__E.1)
                  00004b88    00000008     (.tramp.ti_sysbios_knl_Clock_start__E.1)
                  00004b90    00000008     (.tramp.ti_sysbios_knl_Clock_setTimeout__E.1)
                  00004b98    00000008     (.tramp.ti_sysbios_knl_Task_create.1)
                  00004ba0    00000008     (.tramp.ti_sysbios_knl_Semaphore_construct.1)
                  00004ba8    00000008     (.tramp.ti_sysbios_knl_Semaphore_Params__init__S.1)
                  00004bb0    00000008     (.tramp.ti_sysbios_knl_Queue_construct.1)
                  00004bb8    00000008     (.tramp.xdc_runtime_Memory_alloc__E.1)
                  00004bc0    00000008     (.tramp.ti_sysbios_knl_Task_Params__init__S.1)
                  00004bc8    00000008     (.tramp.ti_sysbios_knl_Semaphore_post__E.1)
                  00004bd0    00000008     (.tramp.ti_sysbios_knl_Semaphore_pend__E.1)
                  00004bd8    00000008     (.tramp.xdc_runtime_System_printf__E.1)
                  00004be0    00000008     (.tramp.xdc_runtime_System_doPrint__I.1)

.const.2   0    00004be8    0000046b     
                  00004be8    000003b8     buttonled_pm4f.om4f (.const:ROM_constStruct)
                  00004fa0    00000048     buttonled_pm4f.om4f (.const:ROM_externFuncPtrs)
                  00004fe8    00000028     buttonled_pm4f.om4f (.const:xdc_runtime_Startup_sfxnTab__A)
                  00005010    00000014     buttonled_pm4f.om4f (.const:xdc_runtime_Startup_sfxnRts__A)
                  00005024    0000000c     buttonled_pm4f.om4f (.const:xdc_runtime_Startup_firstFxns__A)
                  00005030    00000008     buttonled_pm4f.om4f (.const:ti_sysbios_family_arm_m3_Hwi_excHookFuncs__A)
                  00005038    00000008     buttonled_pm4f.om4f (.const:ti_sysbios_knl_Idle_funcList__A)
                  00005040    00000004     buttonled_pm4f.om4f (.const:ti_sysbios_knl_Clock_tickPeriod__C)
                  00005044    00000004     buttonled_pm4f.om4f (.const:ti_sysbios_knl_Task_Object__heap__C)
                  00005048    00000004     buttonled_pm4f.om4f (.const:xdc_runtime_SysMin_bufSize__C)
                  0000504c    00000004     buttonled_pm4f.om4f (.const:xdc_runtime_SysMin_outputFunc__C)
                  00005050    00000002     buttonled_pm4f.om4f (.const:xdc_runtime_SysMin_flushAtExit__C)
                  00005052    00000001     buttonled_pm4f.om4f (.const:xdc_runtime_Text_charTab__A)

.rodata    0    00005054    00000359     
                  00005054    000000fc     buttonled.o (.rodata.str1.1)
                  00005150    00000058     ti_drivers_config.o (.rodata.uart2CC26X2HWAttrs)
                  000051a8    00000054     drivers_cc13x2x7.a : PowerCC26X2.om4f (.rodata.resourceDB)
                  000051fc    0000004d     buttonled_pm4f.om4f (.rodata.str1.1)
                  00005249    00000002     drivers_cc13x2x7.a : UART2CC26X2.om4f (.rodata.stopBits)
                  0000524b    00000001     ti_drivers_config.o (.rodata.Button_count)
                  0000524c    00000024     drivers_cc13x2x7.a : UART2.om4f (.rodata.UART2_defaultParams)
                  00005270    00000020     display_cc13x2x7.a : DisplayUart2.om4f (.rodata.DisplayUart2Min_fxnTable)
                  00005290    00000020     displayBatmon.o (.rodata.str1.1)
                  000052b0    00000018     drivers_cc13x2x7.a : PWM.om4f (.rodata.PWM_defaultParams)
                  000052c8    00000018     rom_sysbios.am4f : runtime_System.o (.rodata.str1.1)
                  000052e0    00000014     drivers_cc13x2x7.a : Button.om4f (.rodata.Button_defaultParams)
                  000052f4    00000014     ti_drivers_config.o (.rodata.PowerCC26X2_config)
                  00005308    00000014     ti_drivers_config.o (.rodata.displayUart2HWAttrs)
                  0000531c    00000010     ti_drivers_config.o (.rodata.ButtonHWAttrs)
                  0000532c    00000010     ti_drivers_config.o (.rodata.Button_config)
                  0000533c    00000010     ti_drivers_config.o (.rodata.GPIO_config)
                  0000534c    00000010     ti_drivers_config.o (.rodata.LED_config)
                  0000535c    0000000c     ti_drivers_config.o (.rodata.Display_config)
                  00005368    00000008     drivers_cc13x2x7.a : LED.om4f (.rodata.LED_defaultParams)
                  00005370    00000008     ti_drivers_config.o (.rodata.UART2_config)
                  00005378    00000008     ti_drivers_config.o (.rodata.UDMACC26XX_config)
                  00005380    00000008     driverlib.lib : aux_sysif.o (.rodata.cst4)
                  00005388    00000008     ti_drivers_config.o (.rodata.udmaCC26XXHWAttrs)
                  00005390    00000005     drivers_cc13x2x7.a : UART2CC26X2.om4f (.rodata.parityType)
                  00005395    00000005                        : UART2CC26X2.om4f (.rodata.rxFifoThreshold)
                  0000539a    00000005                        : UART2CC26X2.om4f (.rodata.txFifoThreshold)
                  0000539f    00000004     ti_drivers_config.o (.rodata.LEDHWAttrs)
                  000053a3    00000004     drivers_cc13x2x7.a : UART2CC26X2.om4f (.rodata.cst4)
                  000053a7    00000001     ti_drivers_config.o (.rodata.Display_count)
                  000053a8    00000001     display_cc13x2x7.a : Display.om4f (.rodata.Display_defaultParams)
                  000053a9    00000001     ti_drivers_config.o (.rodata.GPIO_pinLowerBound)
                  000053aa    00000001     ti_drivers_config.o (.rodata.GPIO_pinUpperBound)
                  000053ab    00000001     ti_drivers_config.o (.rodata.LED_count)
                  000053ac    00000001     ti_drivers_config.o (.rodata.UART2_count)

MODULE SUMMARY

       Module                            code    ro data   rw data
       ------                            ----    -------   -------
    .\
       buttonled.o                       768     252       78     
       main_tirtos.o                     206     0         36     
       displayBatmon.o                   188     32        0      
    +--+---------------------------------+-------+---------+---------+
       Total:                            1162    284       114    
                                                                  
    .\syscfg\
       ti_drivers_config.o               230     238       2296   
       ti_devices_config.o               0       88        0      
    +--+---------------------------------+-------+---------+---------+
       Total:                            230     326       2296   
                                                                  
    C:\Users\kingi\Documents\UTD\Senior_Design\CCS\buttonLEDP71\Debug\configPkg\package\cfg\
       buttonled_pm4f.om4f               1306    1272      6938   
    +--+---------------------------------+-------+---------+---------+
       Total:                            1306    1272      6938   
                                                                  
    C:/ti/simplelink_cc13xx_cc26xx_sdk_5_30_01_01/kernel/tirtos/packages/ti/dpl/lib/ticlang/m4f/dpl_cc13x2x7.a
       PowerCC26X2_tirtos.om4f           260     0         8      
       ClockP_tirtos.om4f                194     0         0      
       SemaphoreP_tirtos.om4f            132     0         0      
       HwiP_tirtos.om4f                  128     0         0      
       SystemP_tirtos.om4f               4       0         0      
    +--+---------------------------------+-------+---------+---------+
       Total:                            718     0         8      
                                                                  
    C:/ti/simplelink_cc13xx_cc26xx_sdk_5_30_01_01/source/ti/devices/cc13x2x7_cc26x2x7/driverlib/bin/ticlang/driverlib.lib
       osc.o                             418     0         32     
       setup.o                           384     0         0      
       sys_ctrl.o                        320     0         0      
       prcm.o                            126     0         0      
       aux_sysif.o                       72      8         0      
       chipinfo.o                        38      0         0      
       cpu.o                             32      0         0      
    +--+---------------------------------+-------+---------+---------+
       Total:                            1390    8         32     
                                                                  
    C:/ti/simplelink_cc13xx_cc26xx_sdk_5_30_01_01/source/ti/display/lib/ticlang/m4f/display_cc13x2x7.a
       DisplayUart2.om4f                 184     32        0      
       Display.om4f                      138     1         0      
    +--+---------------------------------+-------+---------+---------+
       Total:                            322     33        0      
                                                                  
    C:/ti/simplelink_cc13xx_cc26xx_sdk_5_30_01_01/source/ti/drivers/lib/ticlang/m4f/drivers_cc13x2x7.a
       UART2CC26X2.om4f                  2412    21        0      
       PowerCC26X2.om4f                  1886    84        368    
       PowerCC26X2_calibrateRCOSC.om4f   1156    0         0      
       UART2.om4f                        978     36        0      
       Button.om4f                       766     20        0      
       LED.om4f                          712     8         0      
       GPIOCC26XX.om4f                   560     0         29     
       RingBuf.om4f                      330     0         0      
       PWM.om4f                          166     24        1      
       UDMACC26XX.om4f                   166     0         0      
       GPIO.om4f                         76      0         0      
       List.om4f                         76      0         0      
    +--+---------------------------------+-------+---------+---------+
       Total:                            9284    193       398    
                                                                  
    C:\Users\kingi\Documents\UTD\Senior_Design\CCS\buttonLEDP71\src\sysbios\rom_sysbios.am4f
       tirtos_pthread.o                  522     0         24     
       cc26xx_Timer.o                    408     0         0      
       runtime_SysMin.o                  252     0         0      
       knl_Task.o                        196     0         0      
       m3_Hwi.o                          192     0         0      
       heaps_HeapMem.o                   186     0         0      
       tirtos_pthread_key.o              132     0         28     
       runtime_System.o                  112     24        0      
       tirtos_sleep.o                    116     0         0      
       runtime_Error.o                   56      0         0      
       knl_Clock.o                       44      0         0      
       ti_ReentSupport.o                 28      0         4      
       cc26xx_TimestampProvider.o        24      0         0      
       knl_Queue.o                       12      0         0      
       runtime_SysCallback.o             12      0         0      
       runtime_xdc_noinit.o              6       0         0      
       cc26xx_Boot.o                     4       0         0      
       ti_aeabi_portable.o               4       0         0      
    +--+---------------------------------+-------+---------+---------+
       Total:                            2306    24        56     
                                                                  
    C:\ti\ccs1110\ccs\tools\compiler\ti-cgt-armllvm_1.3.0.LTS\lib\armv7em-ti-none-eabihf/c/libc.a
       copy_decompress_lzss.c.obj        106     0         0      
       autoinit.c.obj                    60      0         0      
       _lock.c.obj                       26      0         8      
       args_main.c.obj                   20      0         0      
       memcpy_t2.S.obj                   18      0         0      
       copy_zero_init.c.obj              16      0         0      
       copy_decompress_none.c.obj        14      0         0      
       memset_t2.S.obj                   14      0         0      
    +--+---------------------------------+-------+---------+---------+
       Total:                            274     0         8      
                                                                  
    C:\ti\ccs1110\ccs\tools\compiler\ti-cgt-armllvm_1.3.0.LTS\lib\armv7em-ti-none-eabihf/c/libsysbm.a
       trgmsg.c.obj                      100     0         288    
       hostwrite.c.obj                   84      0         0      
       hostopen.c.obj                    0       0         8      
    +--+---------------------------------+-------+---------+---------+
       Total:                            184     0         296    
                                                                  
    C:\ti\ccs1110\ccs\tools\compiler\ti-cgt-armllvm_1.3.0.LTS\lib\clang/12.0.1/lib/armv7em-ti-none-eabihf/libclang_rt.builtins.a
       adddf3.S.obj                      438     0         0      
       muldf3.S.obj                      252     0         0      
       comparedf2.c.obj                  248     0         0      
       udivmoddi4.S.obj                  176     0         0      
       aeabi_dcmp.S.obj                  98      0         0      
       fixdfsi.S.obj                     72      0         0      
       fixunsdfsi.S.obj                  68      0         0      
       extendsfdf2.S.obj                 56      0         0      
       floatunsidf.S.obj                 32      0         0      
       aeabi_memset.S.obj                20      0         0      
       aeabi_uldivmod.S.obj              20      0         0      
       aeabi_memcpy.S.obj                4       0         0      
       aeabi_div0.c.obj                  2       0         0      
    +--+---------------------------------+-------+---------+---------+
       Total:                            1486    0         0      
                                                                  
    C:\ti\simplelink_cc13xx_cc26xx_sdk_5_30_01_01\kernel\tirtos\packages\ti\targets\arm\rtsarm\lib\startup.am4f
       boot_cortex_m.om4f                180     0         0      
       clang_startup.om4f                14      0         0      
    +--+---------------------------------+-------+---------+---------+
       Total:                            194     0         0      
                                                                  
       Stack:                            0       0         1600   
       Linker Generated:                 512     519       0      
    +--+---------------------------------+-------+---------+---------+
       Grand Total:                      19368   2659      11746  


LINKER GENERATED COPY TABLES

__TI_cinit_table @ 00005580 records: 7, size/record: 8, table size: 56
	.data: load addr=000053b0, load size=00000193 bytes, run addr=20000110, run size=0000057c bytes, compression=lzss
	.TI.bound:dmaUart1RxControlTableEntry: load addr=00005550, load size=00000008 bytes, run addr=20001850, run size=00000010 bytes, compression=zero_init
	.TI.bound:dmaUart1TxControlTableEntry: load addr=00005558, load size=00000008 bytes, run addr=20001860, run size=00000010 bytes, compression=zero_init
	.bss: load addr=00005560, load size=00000008 bytes, run addr=20005870, run size=00002124 bytes, compression=zero_init
	.data:xdcRomConstPtr: load addr=00005568, load size=00000008 bytes, run addr=20000100, run size=00000004 bytes, compression=lzss
	.data:xdcRomExternFuncPtr: load addr=00005570, load size=00000008 bytes, run addr=20000104, run size=00000004 bytes, compression=lzss
	.data:xdcRomStatePtr: load addr=00005578, load size=00000008 bytes, run addr=20000108, run size=00000004 bytes, compression=lzss


LINKER GENERATED HANDLER TABLE

__TI_handler_table @ 00005544 records: 3, size/record: 4, table size: 12
	index: 0, handler: __TI_decompress_lzss
	index: 1, handler: __TI_decompress_none
	index: 2, handler: __TI_zero_init


FAR CALL TRAMPOLINES

callee name               trampoline name
   callee addr  tramp addr   call addr  call info
--------------  -----------  ---------  ----------------
xdc_runtime_Startup_exec__E  $Tramp$TT$L$PI$$xdc_runtime_Startup_exec__E
   1002f475     000049e8     0000499e   startup.am4f : clang_startup.om4f (.text._system_post_cinit)
xdc_runtime_System_vsnprintf__E  $Tramp$TT$L$PI$$xdc_runtime_System_vsnprintf__E
   1002f8b9     000049f0     00004996   dpl_cc13x2x7.a : SystemP_tirtos.om4f (.text.SystemP_vsnprintf)
ti_sysbios_family_arm_m3_Hwi_destruct  $Tramp$TT$L$PI$$ti_sysbios_family_arm_m3_Hwi_destruct
   1002e475     000049f8     0000497e   dpl_cc13x2x7.a : HwiP_tirtos.om4f (.text.HwiP_destruct)
ti_sysbios_knl_Clock_getTicks__E  $Tramp$TT$L$PI$$ti_sysbios_knl_Clock_getTicks__E
   1002dc11     00004a00     0000496e   dpl_cc13x2x7.a : ClockP_tirtos.om4f (.text.ClockP_getSystemTicks)
ti_sysbios_BIOS_getCpuFreq__E  $Tramp$TT$L$PI$$ti_sysbios_BIOS_getCpuFreq__E
   1002e9fd     00004a08     0000496a   dpl_cc13x2x7.a : ClockP_tirtos.om4f (.text.ClockP_getCpuFreq)
ti_sysbios_knl_Clock_destruct  $Tramp$TT$L$PI$$ti_sysbios_knl_Clock_destruct
   1002e649     00004a10     00004966   dpl_cc13x2x7.a : ClockP_tirtos.om4f (.text.ClockP_destruct)
ti_sysbios_knl_Semaphore_delete  $Tramp$TT$L$PI$$ti_sysbios_knl_Semaphore_delete
   1002ecdb     00004a18     0000484a   dpl_cc13x2x7.a : SemaphoreP_tirtos.om4f (.text.SemaphoreP_delete)
ti_sysbios_knl_Clock_Params__init__S  $Tramp$TT$L$PI$$ti_sysbios_knl_Clock_Params__init__S
   1002eb9d     00004a20     000047be   dpl_cc13x2x7.a : ClockP_tirtos.om4f (.text.ti_sysbios_knl_Clock_Params_init)
ti_sysbios_family_arm_m3_Hwi_Params__init__S  $Tramp$TT$L$PI$$ti_sysbios_family_arm_m3_Hwi_Params__init__S
   1002eb49     00004a28     000047b0   dpl_cc13x2x7.a : HwiP_tirtos.om4f (.text.ti_sysbios_family_arm_m3_Hwi_Params_init)
ti_sysbios_knl_Task_self__E  $Tramp$TT$L$PI$$ti_sysbios_knl_Task_self__E
   1002eaf5     00004a30     0000479c   rom_sysbios.am4f : tirtos_pthread.o (.text.pthread_self)
                             000048e4   buttonled_pm4f.om4f (.text.ti_sysbios_rts_ti_ReentSupport_getTlsAddr__I)
ti_sysbios_family_arm_m3_Hwi_restoreFxn__E  $Tramp$TT$L$PI$$ti_sysbios_family_arm_m3_Hwi_restoreFxn__E
   1002ec47     00004a38     000045fc   dpl_cc13x2x7.a : HwiP_tirtos.om4f (.text.HwiP_interruptsEnabled)
                             00004986                  : HwiP_tirtos.om4f (.text.HwiP_restore)
ti_sysbios_family_arm_m3_Hwi_disableFxn__E  $Tramp$TT$L$PI$$ti_sysbios_family_arm_m3_Hwi_disableFxn__E
   1002eb55     00004a40     000045f6   dpl_cc13x2x7.a : HwiP_tirtos.om4f (.text.HwiP_interruptsEnabled)
                             00004982                  : HwiP_tirtos.om4f (.text.HwiP_disable)
ti_sysbios_knl_Swi_post__E  $Tramp$TT$L$PI$$ti_sysbios_knl_Swi_post__E
   1002d891     00004a48     000044da   buttonled_pm4f.om4f (.text.ti_sysbios_knl_Clock_doTick__I)
ti_sysbios_knl_Clock_logTick__E  $Tramp$TT$L$PI$$ti_sysbios_knl_Clock_logTick__E
   1002dbd7     00004a50     000044ce   buttonled_pm4f.om4f (.text.ti_sysbios_knl_Clock_doTick__I)
ti_sysbios_BIOS_RtsGateProxy_leave__E  $Tramp$TT$L$PI$$ti_sysbios_BIOS_RtsGateProxy_leave__E
   1002ec7b     00004a58     00004494   buttonled_pm4f.om4f (.text.ti_sysbios_BIOS_rtsUnlock__I)
ti_sysbios_BIOS_getThreadType__E  $Tramp$TT$L$PI$$ti_sysbios_BIOS_getThreadType__E
   1002ea95     00004a60     0000438a   rom_sysbios.am4f : ti_ReentSupport.o (.text.ti_sysbios_rts_ti_ReentSupport_getReent__F)
ti_sysbios_BIOS_RtsGateProxy_enter__E  $Tramp$TT$L$PI$$ti_sysbios_BIOS_RtsGateProxy_enter__E
   1002ec77     00004a68     00004372   buttonled_pm4f.om4f (.text.ti_sysbios_BIOS_rtsLock__I)
ti_sysbios_knl_Swi_restore__E  $Tramp$TT$L$PI$$ti_sysbios_knl_Swi_restore__E
   1002db61     00004a70     0000427a   dpl_cc13x2x7.a : PowerCC26X2_tirtos.om4f (.text.PowerCC26XX_schedulerRestore)
ti_sysbios_knl_Semaphore_create  $Tramp$TT$L$PI$$ti_sysbios_knl_Semaphore_create
   1002dc49     00004a78     00004066   dpl_cc13x2x7.a : SemaphoreP_tirtos.om4f (.text.SemaphoreP_createBinary)
ti_sysbios_knl_Clock_TimerProxy_getCurrentTick__E  $Tramp$TT$L$PI$$ti_sysbios_knl_Clock_TimerProxy_getCurrentTick__E
   1002eac5     00004a80     00003f62   rom_sysbios.am4f : knl_Clock.o (.text.ti_sysbios_knl_Clock_getTicksUntilInterrupt__E)
ti_sysbios_knl_Task_delete  $Tramp$TT$L$PI$$ti_sysbios_knl_Task_delete
   1002ece7     00004a88     00003f36   rom_sysbios.am4f : tirtos_pthread.o (.text._pthread_delete)
ti_sysbios_knl_Semaphore_destruct  $Tramp$TT$L$PI$$ti_sysbios_knl_Semaphore_destruct
   1002e6fd     00004a90     00003f2a   rom_sysbios.am4f : tirtos_pthread.o (.text._pthread_delete)
                             0000498e   dpl_cc13x2x7.a : SemaphoreP_tirtos.om4f (.text.SemaphoreP_destruct)
xdc_runtime_System_exit__E  $Tramp$TT$L$PI$$xdc_runtime_System_exit__E
   1002f7b1     00004a98     00003e04   startup.am4f : boot_cortex_m.om4f (.text:_c_int00)
                             00003e32                : boot_cortex_m.om4f (.text:_c_int00_noargs)
                             00003f9a                : boot_cortex_m.om4f (.text:_c_int00_noinit)
                             000040e0                : boot_cortex_m.om4f (.text:_c_int00_noinit_noargs)
                             00004480   buttonled_pm4f.om4f (.text.ti_sysbios_BIOS_exitFunc__I)
ti_sysbios_knl_Task_startup__E  $Tramp$TT$L$PI$$ti_sysbios_knl_Task_startup__E
   1002eceb     00004aa0     00003d78   buttonled_pm4f.om4f (.text.ti_sysbios_BIOS_startFunc__I)
ti_sysbios_knl_Swi_startup__E  $Tramp$TT$L$PI$$ti_sysbios_knl_Swi_startup__E
   1002ec6b     00004aa8     00003d70   buttonled_pm4f.om4f (.text.ti_sysbios_BIOS_startFunc__I)
ti_sysbios_hal_Hwi_startup__E  $Tramp$TT$L$PI$$ti_sysbios_hal_Hwi_startup__E
   1002ec31     00004ab0     00003d6c   buttonled_pm4f.om4f (.text.ti_sysbios_BIOS_startFunc__I)
ti_sysbios_family_arm_cc26xx_Timer_startup__E  $Tramp$TT$L$PI$$ti_sysbios_family_arm_cc26xx_Timer_startup__E
   1002dcf1     00004ab8     00003d68   buttonled_pm4f.om4f (.text.ti_sysbios_BIOS_startFunc__I)
xdc_runtime_System_atexit__E  $Tramp$TT$L$PI$$xdc_runtime_System_atexit__E
   1002f559     00004ac0     00003d60   buttonled_pm4f.om4f (.text.ti_sysbios_BIOS_startFunc__I)
ti_sysbios_BIOS_linkedWithIncorrectBootLibrary__E  $Tramp$TT$L$PI$$ti_sysbios_BIOS_linkedWithIncorrectBootLibrary__E
   1002d01b     00004ac8     00003d5a   buttonled_pm4f.om4f (.text.ti_sysbios_BIOS_startFunc__I)
xdc_runtime_Startup_rtsDone__E  $Tramp$TT$L$PI$$xdc_runtime_Startup_rtsDone__E
   1002f8e5     00004ad0     00003d52   buttonled_pm4f.om4f (.text.ti_sysbios_BIOS_startFunc__I)
ti_sysbios_knl_Swi_disable__E  $Tramp$TT$L$PI$$ti_sysbios_knl_Swi_disable__E
   1002ea25     00004ad8     00003bf6   buttonled_pm4f.om4f (.text.ti_sysbios_BIOS_atExitFunc__I)
                             0000433e   dpl_cc13x2x7.a : PowerCC26X2_tirtos.om4f (.text.PowerCC26XX_schedulerDisable)
ti_sysbios_family_arm_m3_Hwi_construct  $Tramp$TT$L$PI$$ti_sysbios_family_arm_m3_Hwi_construct
   1002d421     00004ae0     0000378c   rom_sysbios.am4f : m3_Hwi.o (.text.ti_sysbios_family_arm_m3_Hwi_construct2__E)
ti_sysbios_knl_Task_sleep__E  $Tramp$TT$L$PI$$ti_sysbios_knl_Task_sleep__E
   1002ce01     00004ae8     00003758   rom_sysbios.am4f : tirtos_sleep.o (.text.sleep)
                             00003c80                    : tirtos_sleep.o (.text.usleep)
ti_sysbios_knl_Clock_create  $Tramp$TT$L$PI$$ti_sysbios_knl_Clock_create
   1002db25     00004af0     000035e0   dpl_cc13x2x7.a : ClockP_tirtos.om4f (.text.ClockP_create)
xdc_runtime_Gate_leaveSystem__E  $Tramp$TT$L$PI$$xdc_runtime_Gate_leaveSystem__E
   1002f90f     00004af8     00003514   rom_sysbios.am4f : runtime_SysMin.o (.text.xdc_runtime_SysMin_flush__E)
                             000039c0                    : runtime_SysMin.o (.text.xdc_runtime_SysMin_putch__E)
xdc_runtime_Gate_enterSystem__E  $Tramp$TT$L$PI$$xdc_runtime_Gate_enterSystem__E
   1002f91b     00004b00     000034e6   rom_sysbios.am4f : runtime_SysMin.o (.text.xdc_runtime_SysMin_flush__E)
                             0000399e                    : runtime_SysMin.o (.text.xdc_runtime_SysMin_putch__E)
ti_sysbios_knl_Clock_construct  $Tramp$TT$L$PI$$ti_sysbios_knl_Clock_construct
   1002dd8d     00004b08     0000344a   dpl_cc13x2x7.a : ClockP_tirtos.om4f (.text.ClockP_construct)
ti_sysbios_heaps_HeapMem_Module_GateProxy_leave__E  $Tramp$TT$L$PI$$ti_sysbios_heaps_HeapMem_Module_GateProxy_leave__E
   1002ecaf     00004b10     00003084   rom_sysbios.am4f : heaps_HeapMem.o (.text.ti_sysbios_heaps_HeapMem_alloc__E)
ti_sysbios_heaps_HeapMem_Module_GateProxy_enter__E  $Tramp$TT$L$PI$$ti_sysbios_heaps_HeapMem_Module_GateProxy_enter__E
   1002ecab     00004b18     0000306e   rom_sysbios.am4f : heaps_HeapMem.o (.text.ti_sysbios_heaps_HeapMem_alloc__E)
xdc_runtime_Error_raiseX__E  $Tramp$TT$L$PI$$xdc_runtime_Error_raiseX__E
   1002f739     00004b20     000028c8   rom_sysbios.am4f : m3_Hwi.o (.text.ti_sysbios_family_arm_m3_Hwi_excHandlerMin__I)
                             0000309e                    : heaps_HeapMem.o (.text.ti_sysbios_heaps_HeapMem_alloc__E)
ti_sysbios_BIOS_setThreadType__E  $Tramp$TT$L$PI$$ti_sysbios_BIOS_setThreadType__E
   1002ea11     00004b28     00002888   rom_sysbios.am4f : m3_Hwi.o (.text.ti_sysbios_family_arm_m3_Hwi_excHandlerMin__I)
                             00003c00   buttonled_pm4f.om4f (.text.ti_sysbios_BIOS_atExitFunc__I)
                             00004476   buttonled_pm4f.om4f (.text.ti_sysbios_BIOS_exitFunc__I)
ti_sysbios_family_arm_m3_Hwi_excFillContext__I  $Tramp$TT$L$PI$$ti_sysbios_family_arm_m3_Hwi_excFillContext__I
   1002bda9     00004b30     00002882   rom_sysbios.am4f : m3_Hwi.o (.text.ti_sysbios_family_arm_m3_Hwi_excHandlerMin__I)
xdc_runtime_Memory_free__E  $Tramp$TT$L$PI$$xdc_runtime_Memory_free__E
   1002f81d     00004b38     0000284c   rom_sysbios.am4f : tirtos_pthread_key.o (.text._pthread_removeThreadKeys)
                             00003f46                    : tirtos_pthread.o (.text._pthread_delete)
                             00004666   buttonled_pm4f.om4f (.text.free)
ti_sysbios_knl_Queue_next__E  $Tramp$TT$L$PI$$ti_sysbios_knl_Queue_next__E
   1002ecd7     00004b40     0000282a   rom_sysbios.am4f : tirtos_pthread_key.o (.text._pthread_removeThreadKeys)
ti_sysbios_knl_Queue_head__E  $Tramp$TT$L$PI$$ti_sysbios_knl_Queue_head__E
   1002ecd3     00004b48     00002814   rom_sysbios.am4f : tirtos_pthread_key.o (.text._pthread_removeThreadKeys)
ti_sysbios_knl_Task_disable__E  $Tramp$TT$L$PI$$ti_sysbios_knl_Task_disable__E
   1002ea4d     00004b50     000027ea   rom_sysbios.am4f : tirtos_pthread_key.o (.text._pthread_removeThreadKeys)
                             00003030                    : tirtos_pthread.o (.text.pthread_exit)
                             00003bfa   buttonled_pm4f.om4f (.text.ti_sysbios_BIOS_atExitFunc__I)
                             00003efa   rom_sysbios.am4f : tirtos_pthread.o (.text._pthread_cleanupFxn)
                             00004336   dpl_cc13x2x7.a : PowerCC26X2_tirtos.om4f (.text.PowerCC26XX_schedulerDisable)
ti_sysbios_BIOS_start__E  $Tramp$TT$L$PI$$ti_sysbios_BIOS_start__E
   1002eaa5     00004b58     00002342   main_tirtos.o (.text.main)
ti_sysbios_knl_Task_restore__E  $Tramp$TT$L$PI$$ti_sysbios_knl_Task_restore__E
   1002df45     00004b60     00002296   rom_sysbios.am4f : knl_Task.o (.text.ti_sysbios_knl_Task_setPri__E)
                             000027fe                    : tirtos_pthread_key.o (.text._pthread_removeThreadKeys)
                             0000303c                    : tirtos_pthread.o (.text.pthread_exit)
                             00003f08                    : tirtos_pthread.o (.text._pthread_cleanupFxn)
                             00003f1a                    : tirtos_pthread.o (.text._pthread_cleanupFxn)
                             00004286   dpl_cc13x2x7.a : PowerCC26X2_tirtos.om4f (.text.PowerCC26XX_schedulerRestore)
ti_sysbios_knl_Queue_enqueue__E  $Tramp$TT$L$PI$$ti_sysbios_knl_Queue_enqueue__E
   1002ebd9     00004b68     0000225c   rom_sysbios.am4f : knl_Task.o (.text.ti_sysbios_knl_Task_setPri__E)
ti_sysbios_knl_Queue_empty__E  $Tramp$TT$L$PI$$ti_sysbios_knl_Queue_empty__E
   1002eb21     00004b70     00002242   rom_sysbios.am4f : knl_Task.o (.text.ti_sysbios_knl_Task_setPri__E)
                             000027f6                    : tirtos_pthread_key.o (.text._pthread_removeThreadKeys)
ti_sysbios_knl_Queue_remove__E  $Tramp$TT$L$PI$$ti_sysbios_knl_Queue_remove__E
   1002eb2f     00004b78     0000223c   rom_sysbios.am4f : knl_Task.o (.text.ti_sysbios_knl_Task_setPri__E)
                             00002832                    : tirtos_pthread_key.o (.text._pthread_removeThreadKeys)
                             00002838                    : tirtos_pthread_key.o (.text._pthread_removeThreadKeys)
ti_sysbios_knl_Clock_stop__E  $Tramp$TT$L$PI$$ti_sysbios_knl_Clock_stop__E
   1002e2c5     00004b80     00001d0c   dpl_cc13x2x7.a : PowerCC26X2_tirtos.om4f (.text.PowerCC26XX_standbyPolicy)
                             0000497a                  : ClockP_tirtos.om4f (.text.ClockP_stop)
ti_sysbios_knl_Clock_start__E  $Tramp$TT$L$PI$$ti_sysbios_knl_Clock_start__E
   1002e9e7     00004b88     00001cf8   dpl_cc13x2x7.a : PowerCC26X2_tirtos.om4f (.text.PowerCC26XX_standbyPolicy)
                             00004976                  : ClockP_tirtos.om4f (.text.ClockP_start)
ti_sysbios_knl_Clock_setTimeout__E  $Tramp$TT$L$PI$$ti_sysbios_knl_Clock_setTimeout__E
   1002ecc3     00004b90     00001cf2   dpl_cc13x2x7.a : PowerCC26X2_tirtos.om4f (.text.PowerCC26XX_standbyPolicy)
                             00004972                  : ClockP_tirtos.om4f (.text.ClockP_setTimeout)
ti_sysbios_knl_Task_create  $Tramp$TT$L$PI$$ti_sysbios_knl_Task_create
   1002d529     00004b98     00001b8a   rom_sysbios.am4f : tirtos_pthread.o (.text.pthread_create)
ti_sysbios_knl_Semaphore_construct  $Tramp$TT$L$PI$$ti_sysbios_knl_Semaphore_construct
   1002ddc1     00004ba0     00001b80   rom_sysbios.am4f : tirtos_pthread.o (.text.pthread_create)
                             000022da   main_tirtos.o (.text.main)
                             0000412e   dpl_cc13x2x7.a : SemaphoreP_tirtos.om4f (.text.SemaphoreP_constructBinary)
ti_sysbios_knl_Semaphore_Params__init__S  $Tramp$TT$L$PI$$ti_sysbios_knl_Semaphore_Params__init__S
   1002ebe5     00004ba8     00001b6e   rom_sysbios.am4f : tirtos_pthread.o (.text.pthread_create)
                             000022bc   main_tirtos.o (.text.main)
                             000047cc   dpl_cc13x2x7.a : SemaphoreP_tirtos.om4f (.text.ti_sysbios_knl_Semaphore_Params_init)
ti_sysbios_knl_Queue_construct  $Tramp$TT$L$PI$$ti_sysbios_knl_Queue_construct
   1002dee5     00004bb0     00001b60   rom_sysbios.am4f : tirtos_pthread.o (.text.pthread_create)
xdc_runtime_Memory_alloc__E  $Tramp$TT$L$PI$$xdc_runtime_Memory_alloc__E
   1002f289     00004bb8     00001b06   rom_sysbios.am4f : tirtos_pthread.o (.text.pthread_create)
                             00002cdc   buttonled_pm4f.om4f (.text.memalign)
                             00003ad8   buttonled_pm4f.om4f (.text.ti_sysbios_rts_MemAlloc_alloc)
ti_sysbios_knl_Task_Params__init__S  $Tramp$TT$L$PI$$ti_sysbios_knl_Task_Params__init__S
   1002ec09     00004bc0     00001af4   rom_sysbios.am4f : tirtos_pthread.o (.text.pthread_create)
ti_sysbios_knl_Semaphore_post__E  $Tramp$TT$L$PI$$ti_sysbios_knl_Semaphore_post__E
   1002cd21     00004bc8     0000188e   buttonled.o (.text.buttonLEDThreadFunc)
                             00001e08   buttonled.o (.text.doEventLogs)
                             000021be   displayBatmon.o (.text.displayBatmonThreadFunc)
                             0000285a   rom_sysbios.am4f : tirtos_pthread_key.o (.text._pthread_removeThreadKeys)
[...]
1002ea4d  ti_sysbios_knl_Task_disable__E                                  
1002ea61  ti_sysbios_hal_Hwi_Module_startup__E                            
1002ea73  ti_sysbios_knl_Event_sync__E                                    
1002ea85  ti_sysbios_BIOS_exit__E                                         
1002ea95  ti_sysbios_BIOS_getThreadType__E                                
1002eaa5  ti_sysbios_BIOS_start__E                                        
1002eab5  ti_sysbios_family_arm_m3_TaskSupport_getStackAlignment__E       
1002eab5  ti_sysbios_knl_Task_SupportProxy_getStackAlignment__E           
1002eac5  ti_sysbios_knl_Clock_TimerProxy_getCurrentTick__E               
1002ead5  ti_sysbios_knl_Clock_TimerProxy_getMaxTicks__E                  
1002eae5  ti_sysbios_knl_Clock_TimerProxy_setNextTick__E                  
1002eaf5  ti_sysbios_knl_Task_self__E                                     
1002eb05  ti_sysbios_gates_GateMutex_leave__E                             
1002eb13  ti_sysbios_heaps_HeapMem_restore__E                             
1002eb21  ti_sysbios_knl_Queue_empty__E                                   
1002eb2f  ti_sysbios_knl_Queue_remove__E                                  
1002eb3d  ti_sysbios_family_arm_cc26xx_TimestampProvider_getFreq__E       
1002eb3d  xdc_runtime_Timestamp_SupportProxy_getFreq__E                   
1002eb3d  xdc_runtime_Timestamp_getFreq__E                                
1002eb49  ti_sysbios_family_arm_m3_Hwi_Params__init__S                    
1002eb49  ti_sysbios_hal_Hwi_HwiProxy_Params__init__S                     
1002eb55  ti_sysbios_family_arm_m3_Hwi_disableFxn__E                      
1002eb61  ti_sysbios_family_arm_m3_Hwi_enableFxn__E                       
1002eb6d  ti_sysbios_gates_GateHwi_enter__E                               
1002eb79  ti_sysbios_BIOS_RtsGateProxy_Params__init__S                    
1002eb79  ti_sysbios_gates_GateMutex_Params__init__S                      
1002eb79  ti_sysbios_heaps_HeapMem_Module_GateProxy_Params__init__S       
1002eb85  ti_sysbios_heaps_HeapTrack_Params__init__S                      
1002eb91  ti_sysbios_heaps_HeapTrack_isBlocking__E                        
1002eb9d  ti_sysbios_knl_Clock_Params__init__S                            
1002eba9  ti_sysbios_knl_Clock_getTimerHandle__E                          
1002ebb5  ti_sysbios_knl_Event_Params__init__S                            
1002ebc1  ti_sysbios_knl_Mailbox_Params__init__S                          
1002ebcd  ti_sysbios_knl_Queue_dequeue__E                                 
1002ebd9  ti_sysbios_knl_Queue_enqueue__E                                 
1002ebe5  ti_sysbios_knl_Semaphore_Params__init__S                        
1002ebf1  ti_sysbios_knl_Swi_Params__init__S                              
1002ebfd  ti_sysbios_knl_Swi_self__E                                      
1002ec09  ti_sysbios_knl_Task_Params__init__S                             
1002ec15  ti_sysbios_hal_Hwi_Instance_finalize__E                         
1002ec1f  ti_sysbios_knl_Event_Instance_init__E                           
1002ec29  ti_sysbios_family_arm_m3_Hwi_doSwiRestore__I                    
1002ec31  ti_sysbios_family_arm_m3_Hwi_startup__E                         
1002ec31  ti_sysbios_hal_Hwi_HwiProxy_startup__E                          
1002ec31  ti_sysbios_hal_Hwi_startup__E                                   
1002ec39  ti_sysbios_knl_Idle_loop__E                                     
1002ec41  ti_sysbios_family_arm_m3_Hwi_doTaskRestore__I                   
1002ec47  ti_sysbios_family_arm_m3_Hwi_restoreFxn__E                      
1002ec4d  ti_sysbios_gates_GateHwi_leave__E                               
1002ec53  ti_sysbios_gates_GateMutex_Instance_finalize__E                 
1002ec59  ti_sysbios_heaps_HeapMem_isBlocking__E                          
1002ec5f  ti_sysbios_knl_Queue_Instance_init__E                           
1002ec65  ti_sysbios_knl_Queue_elemClear__E                               
1002ec6b  ti_sysbios_knl_Swi_startup__E                                   
1002ec71  ti_sysbios_knl_Task_enable__E                                   
1002ec77  ti_sysbios_BIOS_RtsGateProxy_enter__E                           
1002ec7b  ti_sysbios_BIOS_RtsGateProxy_leave__E                           
1002ec7f  ti_sysbios_family_arm_cc26xx_Timer_getExpiredTicks__E           
1002ec83  ti_sysbios_family_arm_cc26xx_Timer_getPeriod__E                 
1002ec87  ti_sysbios_family_arm_cc26xx_Timer_setPeriod__E                 
1002ec8b  ti_sysbios_family_arm_m3_Hwi_delete                             
1002ec8f  ti_sysbios_family_arm_m3_TaskSupport_Module__startupDone__S     
1002ec8f  ti_sysbios_knl_Task_SupportProxy_Module__startupDone__S         
1002ec93  ti_sysbios_gates_GateHwi_query__E                               
1002ec93  xdc_runtime_System_Module_GateProxy_query__E                    
1002ec97  ti_sysbios_gates_GateMutex_delete                               
1002ec9b  ti_sysbios_BIOS_RtsGateProxy_query__E                           
1002ec9b  ti_sysbios_gates_GateMutex_query__E                             
1002ec9b  ti_sysbios_heaps_HeapMem_Module_GateProxy_query__E              
1002ec9f  ti_sysbios_hal_Hwi_HwiProxy_create                              
1002eca3  ti_sysbios_hal_Hwi_HwiProxy_delete                              
1002eca7  ti_sysbios_hal_Hwi_delete                                       
1002ecab  ti_sysbios_heaps_HeapMem_Module_GateProxy_enter__E              
1002ecaf  ti_sysbios_heaps_HeapMem_Module_GateProxy_leave__E              
1002ecb3  ti_sysbios_knl_Clock_TimerProxy_getExpiredTicks__E              
1002ecb7  ti_sysbios_knl_Clock_TimerProxy_getPeriod__E                    
1002ecbb  ti_sysbios_knl_Clock_delete                                     
1002ecbf  ti_sysbios_knl_Clock_removeI__E                                 
1002ecc3  ti_sysbios_knl_Clock_setTimeout__E                              
1002ecc7  ti_sysbios_knl_Event_delete                                     
1002eccb  ti_sysbios_knl_Mailbox_delete                                   
1002eccf  ti_sysbios_knl_Queue_delete                                     
1002ecd3  ti_sysbios_knl_Queue_head__E                                    
1002ecd7  ti_sysbios_knl_Queue_next__E                                    
1002ecdb  ti_sysbios_knl_Semaphore_delete                                 
1002ecdf  ti_sysbios_knl_Swi_delete                                       
1002ece3  ti_sysbios_knl_Swi_postInit__I                                  
1002ece7  ti_sysbios_knl_Task_delete                                      
1002eceb  ti_sysbios_knl_Task_startup__E                                  
1002ecf1  xdc_runtime_System_doPrint__I                                   
1002f055  xdc_runtime_Startup_startMods__I                                
1002f15d  xdc_runtime_Text_putSite__E                                     
1002f1f7  xdc_runtime_Error_policySpin__E                                 
1002f1f9  xdc_runtime_Text_putMod__E                                      
1002f289  xdc_runtime_Memory_alloc__E                                     
1002f2f9  xdc_runtime_Core_createObject__I                                
1002f367  xdc_runtime_Core_deleteObject__I                                
1002f3c5  xdc_runtime_Text_putLab__E                                      
1002f421  xdc_runtime_Assert_raise__I                                     
1002f475  xdc_runtime_Startup_exec__E                                     
1002f4c9  xdc_runtime_Core_assignParams__I                                
1002f511  xdc_runtime_Core_constructObject__I                             
1002f559  xdc_runtime_System_atexit__E                                    
1002f5a1  xdc_runtime_Text_xprintf__I                                     
1002f5e5  xdc_runtime_System_processAtExit__E                             
1002f625  xdc_runtime_System_putchar__I                                   
1002f659  xdc_runtime_Core_assignLabel__I                                 
1002f689  xdc_runtime_Text_printVisFxn__I                                 
1002f6b9  xdc_runtime_System_vprintf__E                                   
1002f6e5  xdc_runtime_Text_cordText__E                                    
1002f711  xdc_runtime_System_abort__E                                     
1002f739  xdc_runtime_Error_raiseX__E                                     
1002f759  xdc_runtime_Registry_findById__E                                
1002f779  xdc_runtime_Error_check__E                                      
1002f795  xdc_runtime_Memory_valloc__E                                    
1002f7b1  xdc_runtime_System_exit__E                                      
1002f7cd  xdc_runtime_Text_ropeText__E                                    
1002f7e9  xdc_runtime_System_printf__E                                    
1002f803  xdc_runtime_Core_destructObject__I                              
1002f81b  xdc_runtime_System_abortSpin__E                                 
1002f81d  xdc_runtime_Memory_free__E                                      
1002f831  xdc_runtime_Memory_getStats__E                                  
1002f845  xdc_runtime_SysCallback_abort__E                                
1002f859  xdc_runtime_SysCallback_exit__E                                 
1002f86d  xdc_runtime_SysCallback_flush__E                                
1002f881  xdc_runtime_SysCallback_putch__E                                
1002f895  xdc_runtime_SysCallback_ready__E                                
1002f8a9  xdc_runtime_Memory_getMaxDefaultTypeAlign__E                    
1002f8b9  xdc_runtime_System_vsnprintf__E                                 
1002f8c9  xdc_runtime_Timestamp_SupportProxy_get32__E                     
1002f8c9  xdc_runtime_Timestamp_get32__E                                  
1002f8d9  xdc_runtime_Memory_calloc__E                                    
1002f8e5  xdc_runtime_Startup_rtsDone__E                                  
1002f8f1  xdc_runtime_Memory_HeapProxy_alloc__E                           
1002f8fb  xdc_runtime_Memory_HeapProxy_free__E                            
1002f905  xdc_runtime_Memory_HeapProxy_getStats__E                        
1002f90f  xdc_runtime_Gate_leaveSystem__E                                 
1002f915  xdc_runtime_System_Module_startup__E                            
1002f91b  xdc_runtime_Gate_enterSystem__E                                 
1002f91f  xdc_runtime_SysCallback_Module__startupDone__S                  
1002f923  xdc_runtime_System_Module_GateProxy_enter__E                    
1002f927  xdc_runtime_System_Module_GateProxy_leave__E                    
1002f92b  xdc_runtime_System_printf_va__F                                 
1002f92f  xdc_runtime_System_exitSpin__E                                  
1002f931  ti_sysbios_family_arm_m3_Hwi_dispatch__I                        
1002fa11  ti_sysbios_family_arm_m3_Hwi_interruptsAreDisabledButShouldNotBe
1002fa2d  ti_sysbios_family_arm_m3_TaskSupport_buildTaskStack             
1002fab9  ti_sysbios_family_arm_m3_Hwi_initStacks__E                      
1002fb11  ti_sysbios_family_arm_m3_Hwi_pendSV__I                          
1002fb35  ti_sysbios_family_arm_m3_Hwi_return                             
1002fb39  ti_sysbios_family_arm_m3_Hwi_excHandlerAsm__I                   
1002fb59  ti_sysbios_family_xxx_Hwi_switchAndRunFunc                      
1002fb77  ti_sysbios_family_arm_m3_TaskSupport_swap__E                    
1002fb77  ti_sysbios_knl_Task_SupportProxy_swap__E                        
1002fb83  ti_sysbios_knl_Task_swapReturn                                  
1002fb8f  ti_sysbios_family_arm_m3_TaskSupport_glue                       
1002fba0  ti_sysbios_knl_Task_Object__PARAMS__C                           
1002fbdc  ti_sysbios_knl_Mailbox_Object__PARAMS__C                        
1002fc10  ti_sysbios_family_arm_m3_Hwi_Object__PARAMS__C                  
1002fc40  ti_sysbios_hal_Hwi_Object__PARAMS__C                            
1002fc6c  ti_sysbios_knl_Swi_Object__PARAMS__C                            
1002fc94  ti_sysbios_heaps_HeapMem_Object__PARAMS__C                      
1002fcb8  ti_sysbios_knl_Clock_Object__PARAMS__C                          
1002fcdc  ti_sysbios_knl_Semaphore_Object__PARAMS__C                      
1002fd00  ti_sysbios_gates_GateHwi_Object__PARAMS__C                      
1002fd18  ti_sysbios_gates_GateMutex_Object__PARAMS__C                    
1002fd30  ti_sysbios_knl_Event_Object__PARAMS__C                          
1002fd48  ti_sysbios_knl_Queue_Object__PARAMS__C                          
1002fd80  ti_sysbios_heaps_HeapTrack_Object__PARAMS__C                    
1002fd9c  ti_sysbios_heaps_HeapTrack_Instance_State_trackQueue__O         
1002fda0  ti_sysbios_heaps_HeapTrack_Module__diagsEnabled__C              
1002fda4  ti_sysbios_heaps_HeapTrack_Module__diagsIncluded__C             
1002fda8  ti_sysbios_heaps_HeapTrack_Module__diagsMask__C                 
1002fddb  strlen                                                          
20000000  __start___llvm_prf_cnts                                         
20000000  __stop___llvm_prf_cnts                                          
20000000  ti_sysbios_family_arm_m3_Hwi_ramVectors                         
20000100  xdcRomConstPtr                                                  
20000104  xdcRomExternFuncPtr                                             
20000108  xdcRomStatePtr                                                  
20000110  PowerCC26X2_module                                              
20000280  ROM_stateStruct                                                 
20000280  ti_sysbios_knl_Clock_Module__state__V                           
200002ac  ti_sysbios_family_arm_cc26xx_TimestampProvider_Module__state__V 
200002b0  xdc_runtime_Startup_Module__state__V                            
200002b8  xdc_runtime_Registry_Module__state__V                           
200002c0  ti_sysbios_BIOS_Module__state__V                                
200002e4  ti_sysbios_knl_Swi_Module__state__V                             
20000300  ti_sysbios_knl_Task_Module__state__V                            
20000344  xdc_runtime_Memory_Module__state__V                             
20000348  xdc_runtime_System_Module__state__V                             
20000350  ti_sysbios_family_arm_m3_Hwi_Module__state__V                   
20000384  ti_sysbios_family_arm_cc26xx_Timer_Module__state__V             
2000038c  gpioPinConfigs                                                  
20000408  ti_sysbios_knl_Task_Object__table__V                            
20000454  __xdc__init__addr                                               
20000458  ti_sysbios_family_arm_cc26xx_Timer_Object__table__V             
200004a0  ti_sysbios_gates_GateMutex_Object__table__V                     
200004d8  ti_sysbios_knl_Swi_Module_State_0_readyQ__A                     
20000508  ti_sysbios_knl_Swi_Object__table__V                             
20000538  ti_sysbios_knl_Task_Module_State_0_readyQ__A                    
20000568  ti_sysbios_knl_Clock_Object__table__V                           
20000588  xdc_runtime_Error_IgnoreBlock                                   
200005a8  ti_sysbios_family_arm_m3_Hwi_Object__table__V                   
200005c0  ti_sysbios_heaps_HeapMem_Object__table__V                       
200005ec  _hposcCoeffs                                                    
200005fc  xdc_runtime_SysMin_Module__state__V                             
20000608  ti_sysbios_family_arm_m3_Hwi_Module__root__V                    
20000610  ti_sysbios_gates_GateHwi_Module__root__V                        
20000618  ti_sysbios_gates_GateMutex_Module__root__V                      
20000620  ti_sysbios_hal_Hwi_Module__root__V                              
20000628  ti_sysbios_heaps_HeapMem_Module__root__V                        
20000630  ti_sysbios_knl_Clock_Module__root__V                            
20000638  ti_sysbios_knl_Event_Module__root__V                            
20000640  ti_sysbios_knl_Mailbox_Module__root__V                          
20000648  ti_sysbios_knl_Queue_Module__root__V                            
20000650  ti_sysbios_knl_Semaphore_Module__root__V                        
20000658  ti_sysbios_knl_Swi_Module__root__V                              
20000660  ti_sysbios_knl_Task_Module__root__V                             
20000668  xdc_runtime_System_Module_State_0_atexitHandlers__A             
20000670  _lock                                                           
20000674  _unlock                                                         
2000067c  ti_sysbios_family_arm_m3_Hwi_Module_State_0_excContext__A       
20000680  ti_sysbios_family_arm_m3_Hwi_Module_State_0_excStack__A         
20000684  ti_sysbios_knl_Task_Module_State_0_idleTask__A                  
20000688  ti_sysbios_family_arm_m3_Hwi_Module_State_0_excActive__A        
20001870  __primary_heap_start__                                          
20005870  __primary_heap_end__                                            
20005870  ti_sysbios_heaps_HeapMem_Instance_State_0_buf__A                
20006c70  xdc_runtime_SysMin_Module_State_0_outbuf__A                     
20007070  ti_sysbios_knl_Task_Instance_State_0_stack__A                   
20007270  uart2CC26X2Objects                                              
20007468  __CIOBUF_                                                       
20007588  ti_sysbios_family_arm_m3_Hwi_dispatchTable                      
20007660  LEDObjects                                                      
20007718  gpioCallbackFunctions                                           
20007794  gpioUserArgs                                                    
20007810  ButtonObjects                                                   
20007898  udmaCC26XXObject                                                
200078f0  bStats                                                          
2000790c  displaySemStruct                                                
20007928  eventRingObj                                                    
20007940  displayUart2Object                                              
2000794c  eventBuf                                                        
20007958  buttonHandle                                                    
20007960  ledHandle                                                       
20007968  parmbuf                                                         
20007984  PowerCC26XX_swiKey                                              
20007988  PowerCC26XX_taskKey                                             
2000798c  display                                                         
20007990  displaySem                                                      
200239c0  __stack                                                         
20024000  __STACK_END                                                     
e000e000  ti_sysbios_family_arm_m3_Hwi_nvic                               
ffffffff  __TI_pprof_out_hndl                                             
ffffffff  __TI_prof_data_size                                             
ffffffff  __TI_prof_data_start                                            
ffffffff  __binit__                                                       
ffffffff  binit                                                           
UNDEFED   ITM_flush                                                       
UNDEFED   ITM_restore                                                     
UNDEFED   PIN_hwi_bypass                                                  
UNDEFED   PWM_config                                                      
UNDEFED   PWM_count                                                       
UNDEFED   __c_args__                                                      
UNDEFED   __mpu_init                                                      

[912 symbols]
