<?xml version="1.0" encoding="ISO-8859-1" ?>
<link_info>
   <banner>TI ARM Clang Linker PC v1.3.0.LTS</banner>
   <copyright>Copyright (c) 1996-2018 Texas Instruments Incorporated</copyright>
   <link_time>0x61f9b1f0</link_time>
   <link_errors>0x0</link_errors>
   <output_file>buttonLEDP71.out</output_file>
   <entry_point>
      <name>ResetISR</name>
      <address>0x498b</address>
   </entry_point>
   <input_file_list>
      <input_file id="fl-1">
         <path>.\</path>
         <kind>object</kind>
         <file>buttonled.o</file>
         <name>buttonled.o</name>
      </input_file>
      <input_file id="fl-2">
         <path>.\syscfg\</path>
         <kind>object</kind>
         <file>ti_devices_config.o</file>
         <name>ti_devices_config.o</name>
      </input_file>
      <input_file id="fl-3">
         <path>.\syscfg\</path>
         <kind>object</kind>
         <file>ti_drivers_config.o</file>
         <name>ti_drivers_config.o</name>
      </input_file>
      <input_file id="fl-4">
         <path>.\</path>
         <kind>object</kind>
         <file>displayBatmon.o</file>
         <name>displayBatmon.o</name>
      </input_file>
      <input_file id="fl-5">
         <path>.\</path>
         <kind>object</kind>
         <file>main_tirtos.o</file>
         <name>main_tirtos.o</name>
      </input_file>
      <input_file id="fl-10">
         <path>C:\Users\kingi\Documents\UTD\Senior_Design\CCS\buttonLEDP71\Debug\configPkg\package\cfg\</path>
         <kind>object</kind>
         <file>buttonled_pm4f.om4f</file>
         <name>buttonled_pm4f.om4f</name>
      </input_file>
      <input_file id="fl-1d">
         <kind>object</kind>
         <file>&lt;internal&gt;</file>
         <name>&lt;internal&gt;</name>
      </input_file>
      <input_file id="fl-1e">
         <path>C:\ti\simplelink_cc13xx_cc26xx_sdk_5_30_01_01\source\ti\drivers\lib\ticlang\m4f\</path>
         <kind>archive</kind>
         <file>drivers_cc13x2x7.a</file>
         <name>GPIO.om4f</name>
      </input_file>
      <input_file id="fl-1f">
         <path>C:\ti\simplelink_cc13xx_cc26xx_sdk_5_30_01_01\source\ti\drivers\lib\ticlang\m4f\</path>
         <kind>archive</kind>
         <file>drivers_cc13x2x7.a</file>
         <name>RingBuf.om4f</name>
      </input_file>
      <input_file id="fl-20">
         <path>C:\ti\simplelink_cc13xx_cc26xx_sdk_5_30_01_01\source\ti\drivers\lib\ticlang\m4f\</path>
         <kind>archive</kind>
         <file>drivers_cc13x2x7.a</file>
         <name>LED.om4f</name>
      </input_file>
      <input_file id="fl-21">
         <path>C:\ti\simplelink_cc13xx_cc26xx_sdk_5_30_01_01\source\ti\drivers\lib\ticlang\m4f\</path>
         <kind>archive</kind>
         <file>drivers_cc13x2x7.a</file>
         <name>Button.om4f</name>
      </input_file>
      <input_file id="fl-22">
         <path>C:\ti\simplelink_cc13xx_cc26xx_sdk_5_30_01_01\source\ti\drivers\lib\ticlang\m4f\</path>
         <kind>archive</kind>
         <file>drivers_cc13x2x7.a</file>
         <name>GPIOCC26XX.om4f</name>
      </input_file>
      <input_file id="fl-23">
         <path>C:\ti\simplelink_cc13xx_cc26xx_sdk_5_30_01_01\source\ti\drivers\lib\ticlang\m4f\</path>
         <kind>archive</kind>
         <file>drivers_cc13x2x7.a</file>
         <name>PowerCC26X2.om4f</name>
      </input_file>
      <input_file id="fl-24">
         <path>C:\ti\simplelink_cc13xx_cc26xx_sdk_5_30_01_01\source\ti\drivers\lib\ticlang\m4f\</path>
         <kind>archive</kind>
         <file>drivers_cc13x2x7.a</file>
         <name>PowerCC26X2_calibrateRCOSC.om4f</name>
      </input_file>
      <input_file id="fl-25">
         <path>C:\ti\simplelink_cc13xx_cc26xx_sdk_5_30_01_01\source\ti\drivers\lib\ticlang\m4f\</path>
         <kind>archive</kind>
         <file>drivers_cc13x2x7.a</file>
         <name>TemperatureCC26X2.om4f</name>
      </input_file>
      <input_file id="fl-26">
         <path>C:\ti\simplelink_cc13xx_cc26xx_sdk_5_30_01_01\source\ti\drivers\lib\ticlang\m4f\</path>
         <kind>archive</kind>
         <file>drivers_cc13x2x7.a</file>
         <name>PWM.om4f</name>
      </input_file>
      <input_file id="fl-27">
         <path>C:\ti\simplelink_cc13xx_cc26xx_sdk_5_30_01_01\source\ti\drivers\lib\ticlang\m4f\</path>
         <kind>archive</kind>
         <file>drivers_cc13x2x7.a</file>
         <name>List.om4f</name>
      </input_file>
      <input_file id="fl-28">
         <path>C:\ti\simplelink_cc13xx_cc26xx_sdk_5_30_01_01\source\ti\display\lib\ticlang\m4f\</path>
         <kind>archive</kind>
         <file>display_cc13x2x7.a</file>
         <name>Display.om4f</name>
      </input_file>
      <input_file id="fl-29">
         <path>C:\ti\simplelink_cc13xx_cc26xx_sdk_5_30_01_01\source\ti\display\lib\ticlang\m4f\</path>
         <kind>archive</kind>
         <file>display_cc13x2x7.a</file>
         <name>DisplayUart2.om4f</name>
      </input_file>
      <input_file id="fl-2a">
         <path>C:\ti\simplelink_cc13xx_cc26xx_sdk_5_30_01_01\source\ti\drivers\lib\ticlang\m4f\</path>
         <kind>archive</kind>
         <file>drivers_cc13x2x7.a</file>
         <name>UART2.om4f</name>
      </input_file>
      <input_file id="fl-2b">
         <path>C:\ti\simplelink_cc13xx_cc26xx_sdk_5_30_01_01\source\ti\drivers\lib\ticlang\m4f\</path>
         <kind>archive</kind>
         <file>drivers_cc13x2x7.a</file>
         <name>UART2CC26X2.om4f</name>
      </input_file>
      <input_file id="fl-2c">
         <path>C:\ti\simplelink_cc13xx_cc26xx_sdk_5_30_01_01\source\ti\drivers\lib\ticlang\m4f\</path>
         <kind>archive</kind>
         <file>drivers_cc13x2x7.a</file>
         <name>UDMACC26XX.om4f</name>
      </input_file>
      <input_file id="fl-2d">
         <path>C:\ti\simplelink_cc13xx_cc26xx_sdk_5_30_01_01\kernel\tirtos\packages\ti\dpl\lib\ticlang\m4f\</path>
         <kind>archive</kind>
         <file>dpl_cc13x2x7.a</file>
         <name>ClockP_tirtos.om4f</name>
      </input_file>
      <input_file id="fl-2e">
         <path>C:\ti\simplelink_cc13xx_cc26xx_sdk_5_30_01_01\kernel\tirtos\packages\ti\dpl\lib\ticlang\m4f\</path>
         <kind>archive</kind>
         <file>dpl_cc13x2x7.a</file>
         <name>HwiP_tirtos.om4f</name>
      </input_file>
      <input_file id="fl-2f">
         <path>C:\ti\simplelink_cc13xx_cc26xx_sdk_5_30_01_01\kernel\tirtos\packages\ti\dpl\lib\ticlang\m4f\</path>
         <kind>archive</kind>
         <file>dpl_cc13x2x7.a</file>
         <name>SemaphoreP_tirtos.om4f</name>
      </input_file>
      <input_file id="fl-30">
         <path>C:\ti\simplelink_cc13xx_cc26xx_sdk_5_30_01_01\kernel\tirtos\packages\ti\dpl\lib\ticlang\m4f\</path>
         <kind>archive</kind>
         <file>dpl_cc13x2x7.a</file>
         <name>SystemP_tirtos.om4f</name>
      </input_file>
      <input_file id="fl-31">
         <path>C:\ti\simplelink_cc13xx_cc26xx_sdk_5_30_01_01\kernel\tirtos\packages\ti\dpl\lib\ticlang\m4f\</path>
         <kind>archive</kind>
         <file>dpl_cc13x2x7.a</file>
         <name>PowerCC26X2_tirtos.om4f</name>
      </input_file>
      <input_file id="fl-32">
         <path>C:\Users\kingi\Documents\UTD\Senior_Design\CCS\buttonLEDP71\src\sysbios\</path>
         <kind>archive</kind>
         <file>rom_sysbios.am4f</file>
         <name>knl_Clock.o</name>
      </input_file>
      <input_file id="fl-33">
         <path>C:\Users\kingi\Documents\UTD\Senior_Design\CCS\buttonLEDP71\src\sysbios\</path>
         <kind>archive</kind>
         <file>rom_sysbios.am4f</file>
         <name>knl_Queue.o</name>
      </input_file>
      <input_file id="fl-34">
         <path>C:\Users\kingi\Documents\UTD\Senior_Design\CCS\buttonLEDP71\src\sysbios\</path>
         <kind>archive</kind>
         <file>rom_sysbios.am4f</file>
         <name>knl_Task.o</name>
      </input_file>
      <input_file id="fl-35">
         <path>C:\Users\kingi\Documents\UTD\Senior_Design\CCS\buttonLEDP71\src\sysbios\</path>
         <kind>archive</kind>
         <file>rom_sysbios.am4f</file>
         <name>cfg_buttonled_pm4f_ti_sysbios_knl_Task_SupportProxy_config.o</name>
      </input_file>
      <input_file id="fl-36">
         <path>C:\Users\kingi\Documents\UTD\Senior_Design\CCS\buttonLEDP71\src\sysbios\</path>
         <kind>archive</kind>
         <file>rom_sysbios.am4f</file>
         <name>m3_Hwi.o</name>
      </input_file>
      <input_file id="fl-37">
         <path>C:\Users\kingi\Documents\UTD\Senior_Design\CCS\buttonLEDP71\src\sysbios\</path>
         <kind>archive</kind>
         <file>rom_sysbios.am4f</file>
         <name>m3_TaskSupport.o</name>
      </input_file>
      <input_file id="fl-38">
         <path>C:\Users\kingi\Documents\UTD\Senior_Design\CCS\buttonLEDP71\src\sysbios\</path>
         <kind>archive</kind>
         <file>rom_sysbios.am4f</file>
         <name>cc26xx_Boot.o</name>
      </input_file>
      <input_file id="fl-39">
         <path>C:\Users\kingi\Documents\UTD\Senior_Design\CCS\buttonLEDP71\src\sysbios\</path>
         <kind>archive</kind>
         <file>rom_sysbios.am4f</file>
         <name>cc26xx_Seconds.o</name>
      </input_file>
      <input_file id="fl-3a">
         <path>C:\Users\kingi\Documents\UTD\Senior_Design\CCS\buttonLEDP71\src\sysbios\</path>
         <kind>archive</kind>
         <file>rom_sysbios.am4f</file>
         <name>cc26xx_Timer.o</name>
      </input_file>
      <input_file id="fl-3b">
         <path>C:\Users\kingi\Documents\UTD\Senior_Design\CCS\buttonLEDP71\src\sysbios\</path>
         <kind>archive</kind>
         <file>rom_sysbios.am4f</file>
         <name>cc26xx_TimestampProvider.o</name>
      </input_file>
      <input_file id="fl-3c">
         <path>C:\Users\kingi\Documents\UTD\Senior_Design\CCS\buttonLEDP71\src\sysbios\</path>
         <kind>archive</kind>
         <file>rom_sysbios.am4f</file>
         <name>hal_Seconds.o</name>
      </input_file>
      <input_file id="fl-3d">
         <path>C:\Users\kingi\Documents\UTD\Senior_Design\CCS\buttonLEDP71\src\sysbios\</path>
         <kind>archive</kind>
         <file>rom_sysbios.am4f</file>
         <name>heaps_HeapMem.o</name>
      </input_file>
      <input_file id="fl-3e">
         <path>C:\Users\kingi\Documents\UTD\Senior_Design\CCS\buttonLEDP71\src\sysbios\</path>
         <kind>archive</kind>
         <file>rom_sysbios.am4f</file>
         <name>cfg_buttonled_pm4f_ti_sysbios_gates_GateHwi_config.o</name>
      </input_file>
      <input_file id="fl-3f">
         <path>C:\Users\kingi\Documents\UTD\Senior_Design\CCS\buttonLEDP71\src\sysbios\</path>
         <kind>archive</kind>
         <file>rom_sysbios.am4f</file>
         <name>gates_GateMutexPri.o</name>
      </input_file>
      <input_file id="fl-40">
         <path>C:\Users\kingi\Documents\UTD\Senior_Design\CCS\buttonLEDP71\src\sysbios\</path>
         <kind>archive</kind>
         <file>rom_sysbios.am4f</file>
         <name>ti_ReentSupport.o</name>
      </input_file>
      <input_file id="fl-41">
         <path>C:\Users\kingi\Documents\UTD\Senior_Design\CCS\buttonLEDP71\src\sysbios\</path>
         <kind>archive</kind>
         <file>rom_sysbios.am4f</file>
         <name>runtime_xdc_noinit.o</name>
      </input_file>
      <input_file id="fl-42">
         <path>C:\Users\kingi\Documents\UTD\Senior_Design\CCS\buttonLEDP71\src\sysbios\</path>
         <kind>archive</kind>
         <file>rom_sysbios.am4f</file>
         <name>runtime_Error.o</name>
      </input_file>
      <input_file id="fl-43">
         <path>C:\Users\kingi\Documents\UTD\Senior_Design\CCS\buttonLEDP71\src\sysbios\</path>
         <kind>archive</kind>
         <file>rom_sysbios.am4f</file>
         <name>runtime_HeapMin.o</name>
      </input_file>
      <input_file id="fl-44">
         <path>C:\Users\kingi\Documents\UTD\Senior_Design\CCS\buttonLEDP71\src\sysbios\</path>
         <kind>archive</kind>
         <file>rom_sysbios.am4f</file>
         <name>runtime_System.o</name>
      </input_file>
      <input_file id="fl-45">
         <path>C:\Users\kingi\Documents\UTD\Senior_Design\CCS\buttonLEDP71\src\sysbios\</path>
         <kind>archive</kind>
         <file>rom_sysbios.am4f</file>
         <name>cfg_buttonled_pm4f_xdc_runtime_System_config.o</name>
      </input_file>
      <input_file id="fl-46">
         <path>C:\Users\kingi\Documents\UTD\Senior_Design\CCS\buttonLEDP71\src\sysbios\</path>
         <kind>archive</kind>
         <file>rom_sysbios.am4f</file>
         <name>runtime_SysCallback.o</name>
      </input_file>
      <input_file id="fl-47">
         <path>C:\Users\kingi\Documents\UTD\Senior_Design\CCS\buttonLEDP71\src\sysbios\</path>
         <kind>archive</kind>
         <file>rom_sysbios.am4f</file>
         <name>runtime_SysMin.o</name>
      </input_file>
      <input_file id="fl-48">
         <path>C:\Users\kingi\Documents\UTD\Senior_Design\CCS\buttonLEDP71\src\sysbios\</path>
         <kind>archive</kind>
         <file>rom_sysbios.am4f</file>
         <name>runtime_Text.o</name>
      </input_file>
      <input_file id="fl-49">
         <path>C:\Users\kingi\Documents\UTD\Senior_Design\CCS\buttonLEDP71\src\sysbios\</path>
         <kind>archive</kind>
         <file>rom_sysbios.am4f</file>
         <name>tirtos_pthread.o</name>
      </input_file>
      <input_file id="fl-4a">
         <path>C:\Users\kingi\Documents\UTD\Senior_Design\CCS\buttonLEDP71\src\sysbios\</path>
         <kind>archive</kind>
         <file>rom_sysbios.am4f</file>
         <name>tirtos_pthread_key.o</name>
      </input_file>
      <input_file id="fl-4b">
         <path>C:\Users\kingi\Documents\UTD\Senior_Design\CCS\buttonLEDP71\src\sysbios\</path>
         <kind>archive</kind>
         <file>rom_sysbios.am4f</file>
         <name>tirtos_sleep.o</name>
      </input_file>
      <input_file id="fl-4c">
         <path>C:\Users\kingi\Documents\UTD\Senior_Design\CCS\buttonLEDP71\src\sysbios\</path>
         <kind>archive</kind>
         <file>rom_sysbios.am4f</file>
         <name>ti_aeabi_portable.o</name>
      </input_file>
      <input_file id="fl-4d">
         <path>C:\ti\simplelink_cc13xx_cc26xx_sdk_5_30_01_01\kernel\tirtos\packages\ti\targets\arm\rtsarm\lib\</path>
         <kind>archive</kind>
         <file>startup.am4f</file>
         <name>boot_cortex_m.om4f</name>
      </input_file>
      <input_file id="fl-4e">
         <path>C:\ti\simplelink_cc13xx_cc26xx_sdk_5_30_01_01\kernel\tirtos\packages\ti\targets\arm\rtsarm\lib\</path>
         <kind>archive</kind>
         <file>startup.am4f</file>
         <name>clang_startup.om4f</name>
      </input_file>
      <input_file id="fl-4f">
         <path>C:\ti\simplelink_cc13xx_cc26xx_sdk_5_30_01_01\source\ti\devices\cc13x2x7_cc26x2x7\driverlib\bin\ticlang\</path>
         <kind>archive</kind>
         <file>driverlib.lib</file>
         <name>prcm.o</name>
      </input_file>
      <input_file id="fl-50">
         <path>C:\ti\simplelink_cc13xx_cc26xx_sdk_5_30_01_01\source\ti\devices\cc13x2x7_cc26x2x7\driverlib\bin\ticlang\</path>
         <kind>archive</kind>
         <file>driverlib.lib</file>
         <name>osc.o</name>
      </input_file>
      <input_file id="fl-51">
         <path>C:\ti\simplelink_cc13xx_cc26xx_sdk_5_30_01_01\source\ti\devices\cc13x2x7_cc26x2x7\driverlib\bin\ticlang\</path>
         <kind>archive</kind>
         <file>driverlib.lib</file>
         <name>cpu.o</name>
      </input_file>
      <input_file id="fl-52">
         <path>C:\ti\simplelink_cc13xx_cc26xx_sdk_5_30_01_01\source\ti\devices\cc13x2x7_cc26x2x7\driverlib\bin\ticlang\</path>
         <kind>archive</kind>
         <file>driverlib.lib</file>
         <name>setup.o</name>
      </input_file>
      <input_file id="fl-53">
         <path>C:\ti\simplelink_cc13xx_cc26xx_sdk_5_30_01_01\source\ti\devices\cc13x2x7_cc26x2x7\driverlib\bin\ticlang\</path>
         <kind>archive</kind>
         <file>driverlib.lib</file>
         <name>sys_ctrl.o</name>
      </input_file>
      <input_file id="fl-54">
         <path>C:\ti\simplelink_cc13xx_cc26xx_sdk_5_30_01_01\source\ti\devices\cc13x2x7_cc26x2x7\driverlib\bin\ticlang\</path>
         <kind>archive</kind>
         <file>driverlib.lib</file>
         <name>chipinfo.o</name>
      </input_file>
      <input_file id="fl-55">
         <path>C:\ti\simplelink_cc13xx_cc26xx_sdk_5_30_01_01\source\ti\devices\cc13x2x7_cc26x2x7\driverlib\bin\ticlang\</path>
         <kind>archive</kind>
         <file>driverlib.lib</file>
         <name>aux_sysif.o</name>
      </input_file>
      <input_file id="fl-61">
         <path>C:\ti\ccs1110\ccs\tools\compiler\ti-cgt-armllvm_1.3.0.LTS\lib\armv7em-ti-none-eabihf\c\</path>
         <kind>archive</kind>
         <file>libc.a</file>
         <name>exit.c.obj</name>
      </input_file>
      <input_file id="fl-62">
         <path>C:\ti\ccs1110\ccs\tools\compiler\ti-cgt-armllvm_1.3.0.LTS\lib\armv7em-ti-none-eabihf\c\</path>
         <kind>archive</kind>
         <file>libc.a</file>
         <name>_lock.c.obj</name>
      </input_file>
      <input_file id="fl-63">
         <path>C:\ti\ccs1110\ccs\tools\compiler\ti-cgt-armllvm_1.3.0.LTS\lib\armv7em-ti-none-eabihf\c\</path>
         <kind>archive</kind>
         <file>libc.a</file>
         <name>args_main.c.obj</name>
      </input_file>
      <input_file id="fl-64">
         <path>C:\ti\ccs1110\ccs\tools\compiler\ti-cgt-armllvm_1.3.0.LTS\lib\armv7em-ti-none-eabihf\c\</path>
         <kind>archive</kind>
         <file>libc.a</file>
         <name>autoinit.c.obj</name>
      </input_file>
      <input_file id="fl-65">
         <path>C:\ti\ccs1110\ccs\tools\compiler\ti-cgt-armllvm_1.3.0.LTS\lib\armv7em-ti-none-eabihf\c\</path>
         <kind>archive</kind>
         <file>libc.a</file>
         <name>cpy_tbl.c.obj</name>
      </input_file>
      <input_file id="fl-66">
         <path>C:\ti\ccs1110\ccs\tools\compiler\ti-cgt-armllvm_1.3.0.LTS\lib\armv7em-ti-none-eabihf\c\</path>
         <kind>archive</kind>
         <file>libc.a</file>
         <name>copy_zero_init.c.obj</name>
      </input_file>
      <input_file id="fl-67">
         <path>C:\ti\ccs1110\ccs\tools\compiler\ti-cgt-armllvm_1.3.0.LTS\lib\armv7em-ti-none-eabihf\c\</path>
         <kind>archive</kind>
         <file>libc.a</file>
         <name>copy_decompress_none.c.obj</name>
      </input_file>
      <input_file id="fl-68">
         <path>C:\ti\ccs1110\ccs\tools\compiler\ti-cgt-armllvm_1.3.0.LTS\lib\armv7em-ti-none-eabihf\c\</path>
         <kind>archive</kind>
         <file>libc.a</file>
         <name>copy_decompress_lzss.c.obj</name>
      </input_file>
      <input_file id="fl-a1">
         <path>C:\ti\ccs1110\ccs\tools\compiler\ti-cgt-armllvm_1.3.0.LTS\lib\armv7em-ti-none-eabihf\c\</path>
         <kind>archive</kind>
         <file>libsysbm.a</file>
         <name>hostwrite.c.obj</name>
      </input_file>
      <input_file id="fl-a2">
         <path>C:\ti\ccs1110\ccs\tools\compiler\ti-cgt-armllvm_1.3.0.LTS\lib\armv7em-ti-none-eabihf\c\</path>
         <kind>archive</kind>
         <file>libsysbm.a</file>
         <name>trgmsg.c.obj</name>
      </input_file>
      <input_file id="fl-a3">
         <path>C:\ti\ccs1110\ccs\tools\compiler\ti-cgt-armllvm_1.3.0.LTS\lib\armv7em-ti-none-eabihf\c\</path>
         <kind>archive</kind>
         <file>libsysbm.a</file>
         <name>hostopen.c.obj</name>
      </input_file>
      <input_file id="fl-a4">
         <path>C:\ti\ccs1110\ccs\tools\compiler\ti-cgt-armllvm_1.3.0.LTS\lib\clang\12.0.1\lib\armv7em-ti-none-eabihf\</path>
         <kind>archive</kind>
         <file>libclang_rt.builtins.a</file>
         <name>adddf3.S.obj</name>
      </input_file>
      <input_file id="fl-a5">
         <path>C:\ti\ccs1110\ccs\tools\compiler\ti-cgt-armllvm_1.3.0.LTS\lib\clang\12.0.1\lib\armv7em-ti-none-eabihf\</path>
         <kind>archive</kind>
         <file>libclang_rt.builtins.a</file>
         <name>muldf3.S.obj</name>
      </input_file>
      <input_file id="fl-a6">
         <path>C:\ti\ccs1110\ccs\tools\compiler\ti-cgt-armllvm_1.3.0.LTS\lib\clang\12.0.1\lib\armv7em-ti-none-eabihf\</path>
         <kind>archive</kind>
         <file>libclang_rt.builtins.a</file>
         <name>extendsfdf2.S.obj</name>
      </input_file>
      <input_file id="fl-a7">
         <path>C:\ti\ccs1110\ccs\tools\compiler\ti-cgt-armllvm_1.3.0.LTS\lib\clang\12.0.1\lib\armv7em-ti-none-eabihf\</path>
         <kind>archive</kind>
         <file>libclang_rt.builtins.a</file>
         <name>fixdfsi.S.obj</name>
      </input_file>
      <input_file id="fl-a8">
         <path>C:\ti\ccs1110\ccs\tools\compiler\ti-cgt-armllvm_1.3.0.LTS\lib\clang\12.0.1\lib\armv7em-ti-none-eabihf\</path>
         <kind>archive</kind>
         <file>libclang_rt.builtins.a</file>
         <name>fixunsdfsi.S.obj</name>
      </input_file>
      <input_file id="fl-a9">
         <path>C:\ti\ccs1110\ccs\tools\compiler\ti-cgt-armllvm_1.3.0.LTS\lib\clang\12.0.1\lib\armv7em-ti-none-eabihf\</path>
         <kind>archive</kind>
         <file>libclang_rt.builtins.a</file>
         <name>floatunsidf.S.obj</name>
      </input_file>
      <input_file id="fl-aa">
         <path>C:\ti\ccs1110\ccs\tools\compiler\ti-cgt-armllvm_1.3.0.LTS\lib\clang\12.0.1\lib\armv7em-ti-none-eabihf\</path>
         <kind>archive</kind>
         <file>libclang_rt.builtins.a</file>
         <name>aeabi_dcmp.S.obj</name>
      </input_file>
      <input_file id="fl-ab">
         <path>C:\ti\ccs1110\ccs\tools\compiler\ti-cgt-armllvm_1.3.0.LTS\lib\clang\12.0.1\lib\armv7em-ti-none-eabihf\</path>
         <kind>archive</kind>
         <file>libclang_rt.builtins.a</file>
         <name>aeabi_ldivmod.S.obj</name>
      </input_file>
      <input_file id="fl-ac">
         <path>C:\ti\ccs1110\ccs\tools\compiler\ti-cgt-armllvm_1.3.0.LTS\lib\clang\12.0.1\lib\armv7em-ti-none-eabihf\</path>
         <kind>archive</kind>
         <file>libclang_rt.builtins.a</file>
         <name>aeabi_memcpy.S.obj</name>
      </input_file>
      <input_file id="fl-ad">
         <path>C:\ti\ccs1110\ccs\tools\compiler\ti-cgt-armllvm_1.3.0.LTS\lib\clang\12.0.1\lib\armv7em-ti-none-eabihf\</path>
         <kind>archive</kind>
         <file>libclang_rt.builtins.a</file>
         <name>aeabi_memset.S.obj</name>
      </input_file>
      <input_file id="fl-ae">
         <path>C:\ti\ccs1110\ccs\tools\compiler\ti-cgt-armllvm_1.3.0.LTS\lib\clang\12.0.1\lib\armv7em-ti-none-eabihf\</path>
         <kind>archive</kind>
         <file>libclang_rt.builtins.a</file>
         <name>aeabi_uldivmod.S.obj</name>
      </input_file>
      <input_file id="fl-af">
         <path>C:\ti\ccs1110\ccs\tools\compiler\ti-cgt-armllvm_1.3.0.LTS\lib\clang\12.0.1\lib\armv7em-ti-none-eabihf\</path>
         <kind>archive</kind>
         <file>libclang_rt.builtins.a</file>
         <name>udivmoddi4.S.obj</name>
      </input_file>
      <input_file id="fl-b0">
         <path>C:\ti\ccs1110\ccs\tools\compiler\ti-cgt-armllvm_1.3.0.LTS\lib\clang\12.0.1\lib\armv7em-ti-none-eabihf\</path>
         <kind>archive</kind>
         <file>libclang_rt.builtins.a</file>
         <name>comparedf2.c.obj</name>
      </input_file>
      <input_file id="fl-b1">
         <path>C:\ti\ccs1110\ccs\tools\compiler\ti-cgt-armllvm_1.3.0.LTS\lib\clang\12.0.1\lib\armv7em-ti-none-eabihf\</path>
         <kind>archive</kind>
         <file>libclang_rt.builtins.a</file>
         <name>divmoddi4.c.obj</name>
      </input_file>
      <input_file id="fl-b2">
         <path>C:\ti\ccs1110\ccs\tools\compiler\ti-cgt-armllvm_1.3.0.LTS\lib\clang\12.0.1\lib\armv7em-ti-none-eabihf\</path>
         <kind>archive</kind>
         <file>libclang_rt.builtins.a</file>
         <name>aeabi_div0.c.obj</name>
      </input_file>
      <input_file id="fl-b3">
         <path>C:\ti\ccs1110\ccs\tools\compiler\ti-cgt-armllvm_1.3.0.LTS\lib\armv7em-ti-none-eabihf\c\</path>
         <kind>archive</kind>
         <file>libc.a</file>
         <name>memcpy_t2.S.obj</name>
      </input_file>
      <input_file id="fl-b4">
         <path>C:\ti\ccs1110\ccs\tools\compiler\ti-cgt-armllvm_1.3.0.LTS\lib\armv7em-ti-none-eabihf\c\</path>
         <kind>archive</kind>
         <file>libc.a</file>
         <name>memset_t2.S.obj</name>
      </input_file>
   </input_file_list>
   <object_component_list>
      <object_component id="oc-4fb">
         <name>.text.UART2_writeTimeout</name>
         <load_address>0x40</load_address>
         <run_address>0x40</run_address>
         <size>0x2b8</size>
         <input_file_ref idref="fl-2a"/>
      </object_component>
      <object_component id="oc-4f3">
         <name>.text.UART2CC26X2_hwiIntFxn</name>
         <load_address>0x2f8</load_address>
         <run_address>0x2f8</run_address>
         <size>0x280</size>
         <input_file_ref idref="fl-2b"/>
      </object_component>
      <object_component id="oc-3c7">
         <name>.text.PowerCC26X2_auxISR</name>
         <load_address>0x578</load_address>
         <run_address>0x578</run_address>
         <size>0x278</size>
         <input_file_ref idref="fl-24"/>
      </object_component>
      <object_component id="oc-4b8">
         <name>.text.UART2_open</name>
         <load_address>0x7f0</load_address>
         <run_address>0x7f0</run_address>
         <size>0x1e8</size>
         <input_file_ref idref="fl-2b"/>
      </object_component>
      <object_component id="oc-385">
         <name>.text</name>
         <load_address>0x9d8</load_address>
         <run_address>0x9d8</run_address>
         <size>0x1b6</size>
         <input_file_ref idref="fl-a4"/>
      </object_component>
      <object_component id="oc-335">
         <name>.text.Board_initHook</name>
         <load_address>0xb8e</load_address>
         <run_address>0xb8e</run_address>
         <size>0x2</size>
         <input_file_ref idref="fl-3"/>
      </object_component>
      <object_component id="oc-2e8">
         <name>.text.xdc_runtime_System_printfExtend__I</name>
         <load_address>0xb90</load_address>
         <run_address>0xb90</run_address>
         <size>0x1b4</size>
         <input_file_ref idref="fl-10"/>
      </object_component>
      <object_component id="oc-49a">
         <name>.text.Power_sleep</name>
         <load_address>0xd44</load_address>
         <run_address>0xd44</run_address>
         <size>0x174</size>
         <input_file_ref idref="fl-23"/>
      </object_component>
      <object_component id="oc-44a">
         <name>.text.PowerCC26X2_calibrate</name>
         <load_address>0xeb8</load_address>
         <run_address>0xeb8</run_address>
         <size>0x168</size>
         <input_file_ref idref="fl-24"/>
      </object_component>
      <object_component id="oc-3fa">
         <name>.text.Button_clockTimeoutHandler</name>
         <load_address>0x1020</load_address>
         <run_address>0x1020</run_address>
         <size>0x14a</size>
         <input_file_ref idref="fl-21"/>
      </object_component>
      <object_component id="oc-460">
         <name>.text.DisplayUart2Min_clear</name>
         <load_address>0x116a</load_address>
         <run_address>0x116a</run_address>
         <size>0x2</size>
         <input_file_ref idref="fl-29"/>
      </object_component>
      <object_component id="oc-328">
         <name>.text.Power_init</name>
         <load_address>0x116c</load_address>
         <run_address>0x116c</run_address>
         <size>0x130</size>
         <input_file_ref idref="fl-23"/>
      </object_component>
      <object_component id="oc-416">
         <name>.text.handleButtonCallback</name>
         <load_address>0x129c</load_address>
         <run_address>0x129c</run_address>
         <size>0x118</size>
         <input_file_ref idref="fl-1"/>
      </object_component>
      <object_component id="oc-35d">
         <name>.text.LED_open</name>
         <load_address>0x13b4</load_address>
         <run_address>0x13b4</run_address>
         <size>0x110</size>
         <input_file_ref idref="fl-20"/>
      </object_component>
      <object_component id="oc-35b">
         <name>.text.Button_open</name>
         <load_address>0x14c4</load_address>
         <run_address>0x14c4</run_address>
         <size>0x10c</size>
         <input_file_ref idref="fl-21"/>
      </object_component>
      <object_component id="oc-4d9">
         <name>.text.NOROM_SysCtrlStandby</name>
         <load_address>0x15d0</load_address>
         <run_address>0x15d0</run_address>
         <size>0x104</size>
         <input_file_ref idref="fl-53"/>
      </object_component>
      <object_component id="oc-4ec">
         <name>.text.UART2CC26X2_initHw</name>
         <load_address>0x16d4</load_address>
         <run_address>0x16d4</run_address>
         <size>0x104</size>
         <input_file_ref idref="fl-2b"/>
      </object_component>
      <object_component id="oc-2b1">
         <name>.text.buttonLEDThreadFunc</name>
         <load_address>0x17d8</load_address>
         <run_address>0x17d8</run_address>
         <size>0x104</size>
         <input_file_ref idref="fl-1"/>
      </object_component>
      <object_component id="oc-435">
         <name>.text.configureXOSCHF</name>
         <load_address>0x18dc</load_address>
         <run_address>0x18dc</run_address>
         <size>0xfc</size>
         <input_file_ref idref="fl-23"/>
      </object_component>
      <object_component id="oc-386">
         <name>.text</name>
         <load_address>0x19d8</load_address>
         <run_address>0x19d8</run_address>
         <size>0xfc</size>
         <input_file_ref idref="fl-a5"/>
      </object_component>
      <object_component id="oc-2ad">
         <name>.text.pthread_create</name>
         <load_address>0x1ad4</load_address>
         <run_address>0x1ad4</run_address>
         <size>0xf0</size>
         <input_file_ref idref="fl-49"/>
      </object_component>
      <object_component id="oc-32e">
         <name>.text.GPIO_init</name>
         <load_address>0x1bc4</load_address>
         <run_address>0x1bc4</run_address>
         <size>0xd8</size>
         <input_file_ref idref="fl-22"/>
      </object_component>
      <object_component id="oc-437">
         <name>.text.PowerCC26XX_standbyPolicy</name>
         <load_address>0x1c9c</load_address>
         <run_address>0x1c9c</run_address>
         <size>0xc8</size>
         <input_file_ref idref="fl-31"/>
      </object_component>
      <object_component id="oc-35f">
         <name>.text.doEventLogs</name>
         <load_address>0x1d64</load_address>
         <run_address>0x1d64</run_address>
         <size>0xc8</size>
         <input_file_ref idref="fl-1"/>
      </object_component>
      <object_component id="oc-288">
         <name>.text.NOROM_SetupTrimDevice</name>
         <load_address>0x1e2c</load_address>
         <run_address>0x1e2c</run_address>
         <size>0xc4</size>
         <input_file_ref idref="fl-52"/>
      </object_component>
      <object_component id="oc-4c7">
         <name>.text.UART2_close</name>
         <load_address>0x1ef0</load_address>
         <run_address>0x1ef0</run_address>
         <size>0xc2</size>
         <input_file_ref idref="fl-2b"/>
      </object_component>
      <object_component id="oc-461">
         <name>.text.DisplayUart2Min_clearLines</name>
         <load_address>0x1fb2</load_address>
         <run_address>0x1fb2</run_address>
         <size>0x2</size>
         <input_file_ref idref="fl-29"/>
      </object_component>
      <object_component id="oc-524">
         <name>.text.UART2Support_dmaStartRx</name>
         <load_address>0x1fb4</load_address>
         <run_address>0x1fb4</run_address>
         <size>0xc0</size>
         <input_file_ref idref="fl-2b"/>
      </object_component>
      <object_component id="oc-323">
         <name>.text.TrimAfterColdResetWakeupFromShutDown</name>
         <load_address>0x2074</load_address>
         <run_address>0x2074</run_address>
         <size>0xbc</size>
         <input_file_ref idref="fl-52"/>
      </object_component>
      <object_component id="oc-2b7">
         <name>.text.displayBatmonThreadFunc</name>
         <load_address>0x2130</load_address>
         <run_address>0x2130</run_address>
         <size>0xbc</size>
         <input_file_ref idref="fl-4"/>
      </object_component>
      <object_component id="oc-340">
         <name>.text.ti_sysbios_knl_Task_setPri__E</name>
         <load_address>0x21ec</load_address>
         <run_address>0x21ec</run_address>
         <size>0xbc</size>
         <input_file_ref idref="fl-34"/>
      </object_component>
      <object_component id="oc-271">
         <name>.text.main</name>
         <load_address>0x22a8</load_address>
         <run_address>0x22a8</run_address>
         <size>0xb8</size>
         <input_file_ref idref="fl-5"/>
      </object_component>
      <object_component id="oc-4a7">
         <name>.text.NOROM_OSCHF_AttemptToSwitchToXosc</name>
         <load_address>0x2360</load_address>
         <run_address>0x2360</run_address>
         <size>0xb4</size>
         <input_file_ref idref="fl-50"/>
      </object_component>
      <object_component id="oc-4aa">
         <name>.text.Power_releaseDependency</name>
         <load_address>0x2414</load_address>
         <run_address>0x2414</run_address>
         <size>0xb4</size>
         <input_file_ref idref="fl-23"/>
      </object_component>
      <object_component id="oc-3cc">
         <name>.text.Power_setDependency</name>
         <load_address>0x24c8</load_address>
         <run_address>0x24c8</run_address>
         <size>0xb0</size>
         <input_file_ref idref="fl-23"/>
      </object_component>
      <object_component id="oc-422">
         <name>.text</name>
         <load_address>0x2578</load_address>
         <run_address>0x2578</run_address>
         <size>0xb0</size>
         <input_file_ref idref="fl-af"/>
      </object_component>
      <object_component id="oc-528">
         <name>.text.UART2Support_dmaStartTx</name>
         <load_address>0x2628</load_address>
         <run_address>0x2628</run_address>
         <size>0xa8</size>
         <input_file_ref idref="fl-2b"/>
      </object_component>
      <object_component id="oc-3d8">
         <name>.text.GPIO_setConfig</name>
         <load_address>0x26d0</load_address>
         <run_address>0x26d0</run_address>
         <size>0x8c</size>
         <input_file_ref idref="fl-22"/>
      </object_component>
      <object_component id="oc-2f5">
         <name>.text.ti_sysbios_family_arm_cc26xx_Timer_start__E</name>
         <load_address>0x275c</load_address>
         <run_address>0x275c</run_address>
         <size>0x88</size>
         <input_file_ref idref="fl-3a"/>
      </object_component>
      <object_component id="oc-46c">
         <name>.text._pthread_removeThreadKeys</name>
         <load_address>0x27e4</load_address>
         <run_address>0x27e4</run_address>
         <size>0x84</size>
         <input_file_ref idref="fl-4a"/>
      </object_component>
      <object_component id="oc-2d3">
         <name>.text.ti_sysbios_family_arm_m3_Hwi_excHandlerMin__I</name>
         <load_address>0x2868</load_address>
         <run_address>0x2868</run_address>
         <size>0x80</size>
         <input_file_ref idref="fl-36"/>
      </object_component>
      <object_component id="oc-2ee">
         <name>.text.xdc_runtime_Startup_getState__I</name>
         <load_address>0x28e8</load_address>
         <run_address>0x28e8</run_address>
         <size>0x80</size>
         <input_file_ref idref="fl-10"/>
      </object_component>
      <object_component id="oc-419">
         <name>.text.__gedf2</name>
         <load_address>0x2968</load_address>
         <run_address>0x2968</run_address>
         <size>0x7c</size>
         <input_file_ref idref="fl-b0"/>
      </object_component>
      <object_component id="oc-418">
         <name>.text.__ledf2</name>
         <load_address>0x29e4</load_address>
         <run_address>0x29e4</run_address>
         <size>0x7c</size>
         <input_file_ref idref="fl-b0"/>
      </object_component>
      <object_component id="oc-491">
         <name>.text.NOROM_OSCHF_SwitchToRcOscTurnOffXosc</name>
         <load_address>0x2a60</load_address>
         <run_address>0x2a60</run_address>
         <size>0x78</size>
         <input_file_ref idref="fl-50"/>
      </object_component>
      <object_component id="oc-408">
         <name>.text.LED_startBlinking</name>
         <load_address>0x2ad8</load_address>
         <run_address>0x2ad8</run_address>
         <size>0x70</size>
         <input_file_ref idref="fl-20"/>
      </object_component>
      <object_component id="oc-308">
         <name>.text.xdc_runtime_System_formatNum__I</name>
         <load_address>0x2b48</load_address>
         <run_address>0x2b48</run_address>
         <size>0x70</size>
         <input_file_ref idref="fl-44"/>
      </object_component>
      <object_component id="oc-4a">
         <name>.text:decompress:lzss</name>
         <load_address>0x2bb8</load_address>
         <run_address>0x2bb8</run_address>
         <size>0x6a</size>
         <input_file_ref idref="fl-68"/>
      </object_component>
      <object_component id="oc-45a">
         <name>.text.DisplayUart2Min_init</name>
         <load_address>0x2c22</load_address>
         <run_address>0x2c22</run_address>
         <size>0x2</size>
         <input_file_ref idref="fl-29"/>
      </object_component>
      <object_component id="oc-3fb">
         <name>.text.Button_gpioCallbackFxn</name>
         <load_address>0x2c24</load_address>
         <run_address>0x2c24</run_address>
         <size>0x68</size>
         <input_file_ref idref="fl-21"/>
      </object_component>
      <object_component id="oc-3b">
         <name>.text.memalign</name>
         <load_address>0x2c8c</load_address>
         <run_address>0x2c8c</run_address>
         <size>0x66</size>
         <input_file_ref idref="fl-10"/>
      </object_component>
      <object_component id="oc-34e">
         <name>.text.LED_init</name>
         <load_address>0x2cf2</load_address>
         <run_address>0x2cf2</run_address>
         <size>0x2</size>
         <input_file_ref idref="fl-20"/>
      </object_component>
      <object_component id="oc-4a3">
         <name>.text.PowerCC26X2_initiateCalibration</name>
         <load_address>0x2cf4</load_address>
         <run_address>0x2cf4</run_address>
         <size>0x64</size>
         <input_file_ref idref="fl-24"/>
      </object_component>
      <object_component id="oc-4e6">
         <name>.text.UDMACC26XX_open</name>
         <load_address>0x2d58</load_address>
         <run_address>0x2d58</run_address>
         <size>0x64</size>
         <input_file_ref idref="fl-2c"/>
      </object_component>
      <object_component id="oc-3c6">
         <name>.text.oscillatorISR</name>
         <load_address>0x2dbc</load_address>
         <run_address>0x2dbc</run_address>
         <size>0x64</size>
         <input_file_ref idref="fl-23"/>
      </object_component>
      <object_component id="oc-37e">
         <name>.text.ti_sysbios_heaps_HeapMem_allocUnprotected__E</name>
         <load_address>0x2e20</load_address>
         <run_address>0x2e20</run_address>
         <size>0x62</size>
         <input_file_ref idref="fl-3d"/>
      </object_component>
      <object_component id="oc-4f1">
         <name>.text.UART2CC26X2_eventCallback</name>
         <load_address>0x2e82</load_address>
         <run_address>0x2e82</run_address>
         <size>0x2</size>
         <input_file_ref idref="fl-2b"/>
      </object_component>
      <object_component id="oc-382">
         <name>.text</name>
         <load_address>0x2e84</load_address>
         <run_address>0x2e84</run_address>
         <size>0x62</size>
         <input_file_ref idref="fl-aa"/>
      </object_component>
      <object_component id="oc-4fc">
         <name>.text.UART2_writeCancel</name>
         <load_address>0x2ee6</load_address>
         <run_address>0x2ee6</run_address>
         <size>0x60</size>
         <input_file_ref idref="fl-2a"/>
      </object_component>
      <object_component id="oc-4fd">
         <name>.text.UART2_readCancel</name>
         <load_address>0x2f46</load_address>
         <run_address>0x2f46</run_address>
         <size>0x5e</size>
         <input_file_ref idref="fl-2a"/>
      </object_component>
      <object_component id="oc-527">
         <name>.text.UART2Support_dmaStopTx</name>
         <load_address>0x2fa4</load_address>
         <run_address>0x2fa4</run_address>
         <size>0x5c</size>
         <input_file_ref idref="fl-2b"/>
      </object_component>
      <object_component id="oc-3ec">
         <name>.text.pthread_exit</name>
         <load_address>0x3000</load_address>
         <run_address>0x3000</run_address>
         <size>0x5c</size>
         <input_file_ref idref="fl-49"/>
      </object_component>
      <object_component id="oc-2d9">
         <name>.text.ti_sysbios_heaps_HeapMem_alloc__E</name>
         <load_address>0x305c</load_address>
         <run_address>0x305c</run_address>
         <size>0x58</size>
         <input_file_ref idref="fl-3d"/>
      </object_component>
      <object_component id="oc-4d3">
         <name>.text.HOSTwrite</name>
         <load_address>0x30b4</load_address>
         <run_address>0x30b4</run_address>
         <size>0x54</size>
         <input_file_ref idref="fl-a1"/>
      </object_component>
      <object_component id="oc-523">
         <name>.text.UART2Support_dmaStopRx</name>
         <load_address>0x3108</load_address>
         <run_address>0x3108</run_address>
         <size>0x54</size>
         <input_file_ref idref="fl-2b"/>
      </object_component>
      <object_component id="oc-462">
         <name>.text.DisplayUart2Min_vprintf</name>
         <load_address>0x315c</load_address>
         <run_address>0x315c</run_address>
         <size>0x52</size>
         <input_file_ref idref="fl-29"/>
      </object_component>
      <object_component id="oc-48e">
         <name>.text.__aeabi_ldiv0</name>
         <load_address>0x31ae</load_address>
         <run_address>0x31ae</run_address>
         <size>0x2</size>
         <input_file_ref idref="fl-b2"/>
      </object_component>
      <object_component id="oc-334">
         <name>.text.Board_shutDownExtFlash</name>
         <load_address>0x31b0</load_address>
         <run_address>0x31b0</run_address>
         <size>0x50</size>
         <input_file_ref idref="fl-3"/>
      </object_component>
      <object_component id="oc-2a3">
         <name>.text.Display_doOpen</name>
         <load_address>0x3200</load_address>
         <run_address>0x3200</run_address>
         <size>0x50</size>
         <input_file_ref idref="fl-28"/>
      </object_component>
      <object_component id="oc-3d7">
         <name>.text.Board_sendExtFlashByte</name>
         <load_address>0x3250</load_address>
         <run_address>0x3250</run_address>
         <size>0x4e</size>
         <input_file_ref idref="fl-3"/>
      </object_component>
      <object_component id="oc-448">
         <name>.text.NOROM_OSC_HPOSCRelativeFrequencyOffsetGet</name>
         <load_address>0x329e</load_address>
         <run_address>0x329e</run_address>
         <size>0x4c</size>
         <input_file_ref idref="fl-50"/>
      </object_component>
      <object_component id="oc-427">
         <name>.text._nop</name>
         <load_address>0x32ea</load_address>
         <run_address>0x32ea</run_address>
         <size>0x2</size>
         <input_file_ref idref="fl-62"/>
      </object_component>
      <object_component id="oc-443">
         <name>.text.switchXOSCHF</name>
         <load_address>0x32ec</load_address>
         <run_address>0x32ec</run_address>
         <size>0x4c</size>
         <input_file_ref idref="fl-23"/>
      </object_component>
      <object_component id="oc-3a7">
         <name>.text.NOROM_AUXSYSIFOpModeChange</name>
         <load_address>0x3338</load_address>
         <run_address>0x3338</run_address>
         <size>0x48</size>
         <input_file_ref idref="fl-55"/>
      </object_component>
      <object_component id="oc-3c">
         <name>.text.realloc</name>
         <load_address>0x3380</load_address>
         <run_address>0x3380</run_address>
         <size>0x48</size>
         <input_file_ref idref="fl-10"/>
      </object_component>
      <object_component id="oc-387">
         <name>.text</name>
         <load_address>0x33c8</load_address>
         <run_address>0x33c8</run_address>
         <size>0x48</size>
         <input_file_ref idref="fl-a7"/>
      </object_component>
      <object_component id="oc-3b0">
         <name>.text.ClockP_construct</name>
         <load_address>0x3410</load_address>
         <run_address>0x3410</run_address>
         <size>0x46</size>
         <input_file_ref idref="fl-2d"/>
      </object_component>
      <object_component id="oc-488">
         <name>.text.RingBuf_put</name>
         <load_address>0x3456</load_address>
         <run_address>0x3456</run_address>
         <size>0x46</size>
         <input_file_ref idref="fl-1f"/>
      </object_component>
      <object_component id="oc-3fc">
         <name>.text.PWM_init</name>
         <load_address>0x349c</load_address>
         <run_address>0x349c</run_address>
         <size>0x44</size>
         <input_file_ref idref="fl-26"/>
      </object_component>
      <object_component id="oc-390">
         <name>.text.xdc_runtime_SysMin_flush__E</name>
         <load_address>0x34e0</load_address>
         <run_address>0x34e0</run_address>
         <size>0x44</size>
         <input_file_ref idref="fl-47"/>
      </object_component>
      <object_component id="oc-383">
         <name>.text</name>
         <load_address>0x3524</load_address>
         <run_address>0x3524</run_address>
         <size>0x44</size>
         <input_file_ref idref="fl-a8"/>
      </object_component>
      <object_component id="oc-3b4">
         <name>.text.HwiP_construct</name>
         <load_address>0x3568</load_address>
         <run_address>0x3568</run_address>
         <size>0x42</size>
         <input_file_ref idref="fl-2e"/>
      </object_component>
      <object_component id="oc-3bf">
         <name>.text.emptyClockFunc</name>
         <load_address>0x35aa</load_address>
         <run_address>0x35aa</run_address>
         <size>0x2</size>
         <input_file_ref idref="fl-23"/>
      </object_component>
      <object_component id="oc-3f6">
         <name>.text.ClockP_create</name>
         <load_address>0x35ac</load_address>
         <run_address>0x35ac</run_address>
         <size>0x40</size>
         <input_file_ref idref="fl-2d"/>
      </object_component>
      <object_component id="oc-3d0">
         <name>.text.GPIO_hwiIntFxn</name>
         <load_address>0x35ec</load_address>
         <run_address>0x35ec</run_address>
         <size>0x40</size>
         <input_file_ref idref="fl-22"/>
      </object_component>
      <object_component id="oc-44b">
         <name>.text.NOROM_PRCMPowerDomainsAllOn</name>
         <load_address>0x362c</load_address>
         <run_address>0x362c</run_address>
         <size>0x40</size>
         <input_file_ref idref="fl-4f"/>
      </object_component>
      <object_component id="oc-403">
         <name>.text.PWM_open</name>
         <load_address>0x366c</load_address>
         <run_address>0x366c</run_address>
         <size>0x40</size>
         <input_file_ref idref="fl-26"/>
      </object_component>
      <object_component id="oc-3c0">
         <name>.text.PowerCC26X2_RCOSC_clockFunc</name>
         <load_address>0x36ac</load_address>
         <run_address>0x36ac</run_address>
         <size>0x40</size>
         <input_file_ref idref="fl-24"/>
      </object_component>
      <object_component id="oc-40d">
         <name>.text.clockTimeoutHandler</name>
         <load_address>0x36ec</load_address>
         <run_address>0x36ec</run_address>
         <size>0x40</size>
         <input_file_ref idref="fl-20"/>
      </object_component>
      <object_component id="oc-371">
         <name>.text.sleep</name>
         <load_address>0x372c</load_address>
         <run_address>0x372c</run_address>
         <size>0x40</size>
         <input_file_ref idref="fl-4b"/>
      </object_component>
      <object_component id="oc-431">
         <name>.text.ti_sysbios_family_arm_m3_Hwi_construct2__E</name>
         <load_address>0x376c</load_address>
         <run_address>0x376c</run_address>
         <size>0x40</size>
         <input_file_ref idref="fl-36"/>
      </object_component>
      <object_component id="oc-47e">
         <name>.text.LED_setBrightnessLevel</name>
         <load_address>0x37ac</load_address>
         <run_address>0x37ac</run_address>
         <size>0x3e</size>
         <input_file_ref idref="fl-20"/>
      </object_component>
      <object_component id="oc-406">
         <name>.text.LED_setOff</name>
         <load_address>0x37ea</load_address>
         <run_address>0x37ea</run_address>
         <size>0x3e</size>
         <input_file_ref idref="fl-20"/>
      </object_component>
      <object_component id="oc-4de">
         <name>.text.NOROM_PRCMPowerDomainsAllOff</name>
         <load_address>0x3828</load_address>
         <run_address>0x3828</run_address>
         <size>0x3e</size>
         <input_file_ref idref="fl-4f"/>
      </object_component>
      <object_component id="oc-40e">
         <name>.text.RingBuf_get</name>
         <load_address>0x3866</load_address>
         <run_address>0x3866</run_address>
         <size>0x3e</size>
         <input_file_ref idref="fl-1f"/>
      </object_component>
      <object_component id="oc-45e">
         <name>.text.DisplayUart2Min_open</name>
         <load_address>0x38a4</load_address>
         <run_address>0x38a4</run_address>
         <size>0x3c</size>
         <input_file_ref idref="fl-29"/>
      </object_component>
      <object_component id="oc-49b">
         <name>.text.NOROM_SysCtrlIdle</name>
         <load_address>0x38e0</load_address>
         <run_address>0x38e0</run_address>
         <size>0x3c</size>
         <input_file_ref idref="fl-53"/>
      </object_component>
      <object_component id="oc-4fe">
         <name>.text.UART2_rxDisable</name>
         <load_address>0x391c</load_address>
         <run_address>0x391c</run_address>
         <size>0x3c</size>
         <input_file_ref idref="fl-2a"/>
      </object_component>
      <object_component id="oc-2fc">
         <name>.text.ti_sysbios_family_arm_cc26xx_Timer_setThreshold__I</name>
         <load_address>0x3958</load_address>
         <run_address>0x3958</run_address>
         <size>0x3c</size>
         <input_file_ref idref="fl-3a"/>
      </object_component>
      <object_component id="oc-391">
         <name>.text.xdc_runtime_SysMin_putch__E</name>
         <load_address>0x3994</load_address>
         <run_address>0x3994</run_address>
         <size>0x3c</size>
         <input_file_ref idref="fl-47"/>
      </object_component>
      <object_component id="oc-293">
         <name>.text:__TI_auto_init_nobinit_nopinit</name>
         <load_address>0x39d0</load_address>
         <run_address>0x39d0</run_address>
         <size>0x3c</size>
         <input_file_ref idref="fl-64"/>
      </object_component>
      <object_component id="oc-409">
         <name>.text.LED_setOn</name>
         <load_address>0x3a0c</load_address>
         <run_address>0x3a0c</run_address>
         <size>0x38</size>
         <input_file_ref idref="fl-20"/>
      </object_component>
      <object_component id="oc-52a">
         <name>.text.RingBuf_putAdvance</name>
         <load_address>0x3a44</load_address>
         <run_address>0x3a44</run_address>
         <size>0x38</size>
         <input_file_ref idref="fl-1f"/>
      </object_component>
      <object_component id="oc-503">
         <name>.text.UDMACC26XX_close</name>
         <load_address>0x3a7c</load_address>
         <run_address>0x3a7c</run_address>
         <size>0x38</size>
         <input_file_ref idref="fl-2c"/>
      </object_component>
      <object_component id="oc-259">
         <name>.text.ti_sysbios_rts_MemAlloc_alloc</name>
         <load_address>0x3ab4</load_address>
         <run_address>0x3ab4</run_address>
         <size>0x38</size>
         <input_file_ref idref="fl-10"/>
      </object_component>
      <object_component id="oc-370">
         <name>.text</name>
         <load_address>0x3aec</load_address>
         <run_address>0x3aec</run_address>
         <size>0x38</size>
         <input_file_ref idref="fl-a6"/>
      </object_component>
      <object_component id="oc-3d9">
         <name>.text.GPIO_resetConfig</name>
         <load_address>0x3b24</load_address>
         <run_address>0x3b24</run_address>
         <size>0x34</size>
         <input_file_ref idref="fl-1e"/>
      </object_component>
      <object_component id="oc-447">
         <name>.text.Power_releaseConstraint</name>
         <load_address>0x3b58</load_address>
         <run_address>0x3b58</run_address>
         <size>0x34</size>
         <input_file_ref idref="fl-23"/>
      </object_component>
      <object_component id="oc-52e">
         <name>.text.UART2Support_sendData</name>
         <load_address>0x3b8c</load_address>
         <run_address>0x3b8c</run_address>
         <size>0x34</size>
         <input_file_ref idref="fl-2b"/>
      </object_component>
      <object_component id="oc-509">
         <name>.text.__TI_writemsg</name>
         <load_address>0x3bc0</load_address>
         <run_address>0x3bc0</run_address>
         <size>0x34</size>
         <input_file_ref idref="fl-a2"/>
      </object_component>
      <object_component id="oc-3a3">
         <name>.text.ti_sysbios_BIOS_atExitFunc__I</name>
         <load_address>0x3bf4</load_address>
         <run_address>0x3bf4</run_address>
         <size>0x34</size>
         <input_file_ref idref="fl-10"/>
      </object_component>
      <object_component id="oc-301">
         <name>.text.ti_sysbios_family_arm_cc26xx_Timer_getCurrentTick__E</name>
         <load_address>0x3c28</load_address>
         <run_address>0x3c28</run_address>
         <size>0x34</size>
         <input_file_ref idref="fl-3a"/>
      </object_component>
      <object_component id="oc-360">
         <name>.text.usleep</name>
         <load_address>0x3c5c</load_address>
         <run_address>0x3c5c</run_address>
         <size>0x34</size>
         <input_file_ref idref="fl-4b"/>
      </object_component>
      <object_component id="oc-3d6">
         <name>.text.Board_wakeUpExtFlash</name>
         <load_address>0x3c90</load_address>
         <run_address>0x3c90</run_address>
         <size>0x30</size>
         <input_file_ref idref="fl-3"/>
      </object_component>
      <object_component id="oc-3ba">
         <name>.text.Power_setConstraint</name>
         <load_address>0x3cc0</load_address>
         <run_address>0x3cc0</run_address>
         <size>0x30</size>
         <input_file_ref idref="fl-23"/>
      </object_component>
      <object_component id="oc-50a">
         <name>.text.__TI_readmsg</name>
         <load_address>0x3cf0</load_address>
         <run_address>0x3cf0</run_address>
         <size>0x30</size>
         <input_file_ref idref="fl-a2"/>
      </object_component>
      <object_component id="oc-4a8">
         <name>.text.notify</name>
         <load_address>0x3d20</load_address>
         <run_address>0x3d20</run_address>
         <size>0x30</size>
         <input_file_ref idref="fl-23"/>
      </object_component>
      <object_component id="oc-30f">
         <name>.text.ti_sysbios_BIOS_startFunc__I</name>
         <load_address>0x3d50</load_address>
         <run_address>0x3d50</run_address>
         <size>0x30</size>
         <input_file_ref idref="fl-10"/>
      </object_component>
      <object_component id="oc-2fb">
         <name>.text.ti_sysbios_family_arm_cc26xx_Timer_initDevice__I</name>
         <load_address>0x3d80</load_address>
         <run_address>0x3d80</run_address>
         <size>0x30</size>
         <input_file_ref idref="fl-3a"/>
      </object_component>
      <object_component id="oc-38e">
         <name>.text.xdc_runtime_SysMin_abort__E</name>
         <load_address>0x3db0</load_address>
         <run_address>0x3db0</run_address>
         <size>0x30</size>
         <input_file_ref idref="fl-47"/>
      </object_component>
      <object_component id="oc-40">
         <name>.text:_c_int00</name>
         <load_address>0x3de0</load_address>
         <run_address>0x3de0</run_address>
         <size>0x30</size>
         <input_file_ref idref="fl-4d"/>
      </object_component>
      <object_component id="oc-46">
         <name>.text:_c_int00_noargs</name>
         <load_address>0x3e10</load_address>
         <run_address>0x3e10</run_address>
         <size>0x30</size>
         <input_file_ref idref="fl-4d"/>
      </object_component>
      <object_component id="oc-526">
         <name>.text.RingBuf_getConsume</name>
         <load_address>0x3e40</load_address>
         <run_address>0x3e40</run_address>
         <size>0x2e</size>
         <input_file_ref idref="fl-1f"/>
      </object_component>
      <object_component id="oc-529">
         <name>.text.RingBuf_putPointer</name>
         <load_address>0x3e6e</load_address>
         <run_address>0x3e6e</run_address>
         <size>0x2e</size>
         <input_file_ref idref="fl-1f"/>
      </object_component>
      <object_component id="oc-522">
         <name>.text.UART2CC26X2_getRxData</name>
         <load_address>0x3e9c</load_address>
         <run_address>0x3e9c</run_address>
         <size>0x2e</size>
         <input_file_ref idref="fl-2b"/>
      </object_component>
      <object_component id="oc-428">
         <name>.text.ti_sysbios_BIOS_nullFunc__I</name>
         <load_address>0x3eca</load_address>
         <run_address>0x3eca</run_address>
         <size>0x2</size>
         <input_file_ref idref="fl-10"/>
      </object_component>
      <object_component id="oc-479">
         <name>.text.GPIO_setInterruptConfig</name>
         <load_address>0x3ecc</load_address>
         <run_address>0x3ecc</run_address>
         <size>0x2c</size>
         <input_file_ref idref="fl-22"/>
      </object_component>
      <object_component id="oc-377">
         <name>.text._pthread_cleanupFxn</name>
         <load_address>0x3ef8</load_address>
         <run_address>0x3ef8</run_address>
         <size>0x2c</size>
         <input_file_ref idref="fl-49"/>
      </object_component>
      <object_component id="oc-346">
         <name>.text._pthread_delete</name>
         <load_address>0x3f24</load_address>
         <run_address>0x3f24</run_address>
         <size>0x2c</size>
         <input_file_ref idref="fl-49"/>
      </object_component>
      <object_component id="oc-493">
         <name>.text.ti_sysbios_knl_Clock_getTicksUntilInterrupt__E</name>
         <load_address>0x3f50</load_address>
         <run_address>0x3f50</run_address>
         <size>0x2c</size>
         <input_file_ref idref="fl-32"/>
      </object_component>
      <object_component id="oc-47">
         <name>.text:_c_int00_noinit</name>
         <load_address>0x3f7c</load_address>
         <run_address>0x3f7c</run_address>
         <size>0x2c</size>
         <input_file_ref idref="fl-4d"/>
      </object_component>
      <object_component id="oc-43e">
         <name>.text.NOROM_OSCHF_TurnOnXosc</name>
         <load_address>0x3fa8</load_address>
         <run_address>0x3fa8</run_address>
         <size>0x2a</size>
         <input_file_ref idref="fl-50"/>
      </object_component>
      <object_component id="oc-2fd">
         <name>.text.ti_sysbios_family_arm_cc26xx_Timer_setNextTick__E</name>
         <load_address>0x3fd2</load_address>
         <run_address>0x3fd2</run_address>
         <size>0x2a</size>
         <input_file_ref idref="fl-3a"/>
      </object_component>
      <object_component id="oc-50e">
         <name>.text.GPIO_setMux</name>
         <load_address>0x3ffc</load_address>
         <run_address>0x3ffc</run_address>
         <size>0x28</size>
         <input_file_ref idref="fl-22"/>
      </object_component>
      <object_component id="oc-534">
         <name>.text.List_remove</name>
         <load_address>0x4024</load_address>
         <run_address>0x4024</run_address>
         <size>0x28</size>
         <input_file_ref idref="fl-27"/>
      </object_component>
      <object_component id="oc-4b2">
         <name>.text.SemaphoreP_createBinary</name>
         <load_address>0x404c</load_address>
         <run_address>0x404c</run_address>
         <size>0x28</size>
         <input_file_ref idref="fl-2f"/>
      </object_component>
      <object_component id="oc-37">
         <name>.text.calloc</name>
         <load_address>0x4074</load_address>
         <run_address>0x4074</run_address>
         <size>0x28</size>
         <input_file_ref idref="fl-10"/>
      </object_component>
      <object_component id="oc-3a2">
         <name>.text.ti_sysbios_BIOS_registerRTSLock__I</name>
         <load_address>0x409c</load_address>
         <run_address>0x409c</run_address>
         <size>0x28</size>
         <input_file_ref idref="fl-10"/>
      </object_component>
      <object_component id="oc-48">
         <name>.text:_c_int00_noinit_noargs</name>
         <load_address>0x40c4</load_address>
         <run_address>0x40c4</run_address>
         <size>0x28</size>
         <input_file_ref idref="fl-4d"/>
      </object_component>
      <object_component id="oc-31d">
         <name>.text.NOROM_ThisLibraryIsFor_CC13x2x7_CC26x2x7_HaltIfViolated</name>
         <load_address>0x40ec</load_address>
         <run_address>0x40ec</run_address>
         <size>0x26</size>
         <input_file_ref idref="fl-54"/>
      </object_component>
      <object_component id="oc-4ee">
         <name>.text.SemaphoreP_constructBinary</name>
         <load_address>0x4112</load_address>
         <run_address>0x4112</run_address>
         <size>0x26</size>
         <input_file_ref idref="fl-2f"/>
      </object_component>
      <object_component id="oc-29d">
         <name>.text.Display_doInit</name>
         <load_address>0x4138</load_address>
         <run_address>0x4138</run_address>
         <size>0x24</size>
         <input_file_ref idref="fl-28"/>
      </object_component>
      <object_component id="oc-51a">
         <name>.text.List_put</name>
         <load_address>0x415c</load_address>
         <run_address>0x415c</run_address>
         <size>0x24</size>
         <input_file_ref idref="fl-27"/>
      </object_component>
      <object_component id="oc-3bb">
         <name>.text.OSCClockLossEventEnable</name>
         <load_address>0x4180</load_address>
         <run_address>0x4180</run_address>
         <size>0x24</size>
         <input_file_ref idref="fl-23"/>
      </object_component>
      <object_component id="oc-4ed">
         <name>.text.Power_registerNotify</name>
         <load_address>0x41a4</load_address>
         <run_address>0x41a4</run_address>
         <size>0x24</size>
         <input_file_ref idref="fl-23"/>
      </object_component>
      <object_component id="oc-3a4">
         <name>.text.ti_sysbios_BIOS_removeRTSLock__I</name>
         <load_address>0x41c8</load_address>
         <run_address>0x41c8</run_address>
         <size>0x24</size>
         <input_file_ref idref="fl-10"/>
      </object_component>
      <object_component id="oc-480">
         <name>.text.LED_stopBlinking</name>
         <load_address>0x41ec</load_address>
         <run_address>0x41ec</run_address>
         <size>0x22</size>
         <input_file_ref idref="fl-20"/>
      </object_component>
      <object_component id="oc-525">
         <name>.text.RingBuf_getPointer</name>
         <load_address>0x420e</load_address>
         <run_address>0x420e</run_address>
         <size>0x22</size>
         <input_file_ref idref="fl-1f"/>
      </object_component>
      <object_component id="oc-2fe">
         <name>.text.ti_sysbios_family_arm_cc26xx_Timer_getMaxTicks__E</name>
         <load_address>0x4230</load_address>
         <run_address>0x4230</run_address>
         <size>0x22</size>
         <input_file_ref idref="fl-3a"/>
      </object_component>
      <object_component id="oc-48d">
         <name>.text.xdc_runtime_SysMin_output__I</name>
         <load_address>0x4252</load_address>
         <run_address>0x4252</run_address>
         <size>0x22</size>
         <input_file_ref idref="fl-10"/>
      </object_component>
      <object_component id="oc-4d8">
         <name>.text.PowerCC26XX_schedulerRestore</name>
         <load_address>0x4274</load_address>
         <run_address>0x4274</run_address>
         <size>0x20</size>
         <input_file_ref idref="fl-31"/>
      </object_component>
      <object_component id="oc-499">
         <name>.text.Power_getTransitionLatency</name>
         <load_address>0x4294</load_address>
         <run_address>0x4294</run_address>
         <size>0x20</size>
         <input_file_ref idref="fl-23"/>
      </object_component>
      <object_component id="oc-504">
         <name>.text.Power_unregisterNotify</name>
         <load_address>0x42b4</load_address>
         <run_address>0x42b4</run_address>
         <size>0x20</size>
         <input_file_ref idref="fl-23"/>
      </object_component>
      <object_component id="oc-2c5">
         <name>.text.xdc_runtime_Error_policyMin__E</name>
         <load_address>0x42d4</load_address>
         <run_address>0x42d4</run_address>
         <size>0x20</size>
         <input_file_ref idref="fl-42"/>
      </object_component>
      <object_component id="oc-388">
         <name>.text.xdc_runtime_SysMin_Module_startup__E</name>
         <load_address>0x42f4</load_address>
         <run_address>0x42f4</run_address>
         <size>0x20</size>
         <input_file_ref idref="fl-47"/>
      </object_component>
      <object_component id="oc-384">
         <name>.text</name>
         <load_address>0x4314</load_address>
         <run_address>0x4314</run_address>
         <size>0x20</size>
         <input_file_ref idref="fl-a9"/>
      </object_component>
      <object_component id="oc-4d7">
         <name>.text.PowerCC26XX_schedulerDisable</name>
         <load_address>0x4334</load_address>
         <run_address>0x4334</run_address>
         <size>0x1c</size>
         <input_file_ref idref="fl-31"/>
      </object_component>
      <object_component id="oc-2a4">
         <name>.text.pthread_attr_init</name>
         <load_address>0x4350</load_address>
         <run_address>0x4350</run_address>
         <size>0x1c</size>
         <input_file_ref idref="fl-49"/>
      </object_component>
      <object_component id="oc-425">
         <name>.text.ti_sysbios_BIOS_rtsLock__I</name>
         <load_address>0x436c</load_address>
         <run_address>0x436c</run_address>
         <size>0x1c</size>
         <input_file_ref idref="fl-10"/>
      </object_component>
      <object_component id="oc-4cd">
         <name>.text.ti_sysbios_rts_ti_ReentSupport_getReent__F</name>
         <load_address>0x4388</load_address>
         <run_address>0x4388</run_address>
         <size>0x1c</size>
         <input_file_ref idref="fl-40"/>
      </object_component>
      <object_component id="oc-38f">
         <name>.text.xdc_runtime_SysMin_exit__E</name>
         <load_address>0x43a4</load_address>
         <run_address>0x43a4</run_address>
         <size>0x1c</size>
         <input_file_ref idref="fl-47"/>
      </object_component>
      <object_component id="oc-483">
         <name>.text.LED_toggle</name>
         <load_address>0x43c0</load_address>
         <run_address>0x43c0</run_address>
         <size>0x1a</size>
         <input_file_ref idref="fl-20"/>
      </object_component>
      <object_component id="oc-532">
         <name>.text.UART2Support_disableRx</name>
         <load_address>0x43da</load_address>
         <run_address>0x43da</run_address>
         <size>0x1a</size>
         <input_file_ref idref="fl-2b"/>
      </object_component>
      <object_component id="oc-463">
         <name>.text.DisplayUart2Min_close</name>
         <load_address>0x43f4</load_address>
         <run_address>0x43f4</run_address>
         <size>0x18</size>
         <input_file_ref idref="fl-29"/>
      </object_component>
      <object_component id="oc-3f7">
         <name>.text.GPIO_setCallback</name>
         <load_address>0x440c</load_address>
         <run_address>0x440c</run_address>
         <size>0x18</size>
         <input_file_ref idref="fl-1e"/>
      </object_component>
      <object_component id="oc-43d">
         <name>.text.PowerCC26XX_calibrate</name>
         <load_address>0x4424</load_address>
         <run_address>0x4424</run_address>
         <size>0x18</size>
         <input_file_ref idref="fl-23"/>
      </object_component>
      <object_component id="oc-376">
         <name>.text.Power_idleFunc</name>
         <load_address>0x443c</load_address>
         <run_address>0x443c</run_address>
         <size>0x18</size>
         <input_file_ref idref="fl-23"/>
      </object_component>
      <object_component id="oc-3be">
         <name>.text.switchToTCXO</name>
         <load_address>0x4454</load_address>
         <run_address>0x4454</run_address>
         <size>0x18</size>
         <input_file_ref idref="fl-23"/>
      </object_component>
      <object_component id="oc-310">
         <name>.text.ti_sysbios_BIOS_exitFunc__I</name>
         <load_address>0x446c</load_address>
         <run_address>0x446c</run_address>
         <size>0x18</size>
         <input_file_ref idref="fl-10"/>
      </object_component>
      <object_component id="oc-426">
         <name>.text.ti_sysbios_BIOS_rtsUnlock__I</name>
         <load_address>0x4484</load_address>
         <run_address>0x4484</run_address>
         <size>0x18</size>
         <input_file_ref idref="fl-10"/>
      </object_component>
      <object_component id="oc-300">
         <name>.text.ti_sysbios_family_arm_cc26xx_Timer_dynamicStub__E</name>
         <load_address>0x449c</load_address>
         <run_address>0x449c</run_address>
         <size>0x18</size>
         <input_file_ref idref="fl-3a"/>
      </object_component>
      <object_component id="oc-302">
         <name>.text.ti_sysbios_family_arm_cc26xx_TimestampProvider_get32__E</name>
         <load_address>0x44b4</load_address>
         <run_address>0x44b4</run_address>
         <size>0x18</size>
         <input_file_ref idref="fl-3b"/>
      </object_component>
      <object_component id="oc-3a1">
         <name>.text.ti_sysbios_knl_Clock_doTick__I</name>
         <load_address>0x44cc</load_address>
         <run_address>0x44cc</run_address>
         <size>0x18</size>
         <input_file_ref idref="fl-10"/>
      </object_component>
      <object_component id="oc-267">
         <name>.text.ti_sysbios_rom_cortexm_cc26xx_cc26x2v2_CC26xx_checkRevision__E</name>
         <load_address>0x44e4</load_address>
         <run_address>0x44e4</run_address>
         <size>0x18</size>
         <input_file_ref idref="fl-10"/>
      </object_component>
      <object_component id="oc-514">
         <name>.text.uartDmaDisable</name>
         <load_address>0x44fc</load_address>
         <run_address>0x44fc</run_address>
         <size>0x18</size>
         <input_file_ref idref="fl-2b"/>
      </object_component>
      <object_component id="oc-53c">
         <name>.text.uartDmaEnable</name>
         <load_address>0x4514</load_address>
         <run_address>0x4514</run_address>
         <size>0x18</size>
         <input_file_ref idref="fl-2b"/>
      </object_component>
      <object_component id="oc-25b">
         <name>.text.xdc_runtime_Error_init__E</name>
         <load_address>0x452c</load_address>
         <run_address>0x452c</run_address>
         <size>0x18</size>
         <input_file_ref idref="fl-42"/>
      </object_component>
      <object_component id="oc-3e">
         <name>.text.xdc_runtime_Startup_exec__I</name>
         <load_address>0x4544</load_address>
         <run_address>0x4544</run_address>
         <size>0x18</size>
         <input_file_ref idref="fl-10"/>
      </object_component>
      <object_component id="oc-29b">
         <name>.text.Board_init</name>
         <load_address>0x455c</load_address>
         <run_address>0x455c</run_address>
         <size>0x16</size>
         <input_file_ref idref="fl-3"/>
      </object_component>
      <object_component id="oc-487">
         <name>.text.Button_getLastPressedDuration</name>
         <load_address>0x4572</load_address>
         <run_address>0x4572</run_address>
         <size>0x16</size>
         <input_file_ref idref="fl-21"/>
      </object_component>
      <object_component id="oc-358">
         <name>.text.Display_doPrintf</name>
         <load_address>0x4588</load_address>
         <run_address>0x4588</run_address>
         <size>0x16</size>
         <input_file_ref idref="fl-28"/>
      </object_component>
      <object_component id="oc-4f5">
         <name>.text.UART2CC26X2_writeTimeout</name>
         <load_address>0x459e</load_address>
         <run_address>0x459e</run_address>
         <size>0x16</size>
         <input_file_ref idref="fl-2b"/>
      </object_component>
      <object_component id="oc-348">
         <name>.text._pthread_runStub</name>
         <load_address>0x45b4</load_address>
         <run_address>0x45b4</run_address>
         <size>0x16</size>
         <input_file_ref idref="fl-49"/>
      </object_component>
      <object_component id="oc-2eb">
         <name>.text.xdc_runtime_SysCallback_defaultAbort</name>
         <load_address>0x45ca</load_address>
         <run_address>0x45ca</run_address>
         <size>0x2</size>
         <input_file_ref idref="fl-46"/>
      </object_component>
      <object_component id="oc-457">
         <name>.text.GPIO_disableInt</name>
         <load_address>0x45cc</load_address>
         <run_address>0x45cc</run_address>
         <size>0x14</size>
         <input_file_ref idref="fl-22"/>
      </object_component>
      <object_component id="oc-474">
         <name>.text.GPIO_read</name>
         <load_address>0x45e0</load_address>
         <run_address>0x45e0</run_address>
         <size>0x14</size>
         <input_file_ref idref="fl-22"/>
      </object_component>
      <object_component id="oc-52d">
         <name>.text.HwiP_interruptsEnabled</name>
         <load_address>0x45f4</load_address>
         <run_address>0x45f4</run_address>
         <size>0x14</size>
         <input_file_ref idref="fl-2e"/>
      </object_component>
      <object_component id="oc-4be">
         <name>.text.SemaphoreP_pend</name>
         <load_address>0x4608</load_address>
         <run_address>0x4608</run_address>
         <size>0x14</size>
         <input_file_ref idref="fl-2f"/>
      </object_component>
      <object_component id="oc-4f2">
         <name>.text.UART2CC26X2_postNotifyFxn</name>
         <load_address>0x461c</load_address>
         <run_address>0x461c</run_address>
         <size>0x14</size>
         <input_file_ref idref="fl-2b"/>
      </object_component>
      <object_component id="oc-4f4">
         <name>.text.UART2CC26X2_readTimeout</name>
         <load_address>0x4630</load_address>
         <run_address>0x4630</run_address>
         <size>0x14</size>
         <input_file_ref idref="fl-2b"/>
      </object_component>
      <object_component id="oc-26e">
         <name>.text._args_main</name>
         <load_address>0x4644</load_address>
         <run_address>0x4644</run_address>
         <size>0x14</size>
         <input_file_ref idref="fl-63"/>
      </object_component>
      <object_component id="oc-39">
         <name>.text.free</name>
         <load_address>0x4658</load_address>
         <run_address>0x4658</run_address>
         <size>0x14</size>
         <input_file_ref idref="fl-10"/>
      </object_component>
      <object_component id="oc-2aa">
         <name>.text.pthread_attr_setschedparam</name>
         <load_address>0x466c</load_address>
         <run_address>0x466c</run_address>
         <size>0x14</size>
         <input_file_ref idref="fl-49"/>
      </object_component>
      <object_component id="oc-2ef">
         <name>.text.xdc_runtime_System_SupportProxy_Module__startupDone__S</name>
         <load_address>0x4680</load_address>
         <run_address>0x4680</run_address>
         <size>0x14</size>
         <input_file_ref idref="fl-10"/>
      </object_component>
      <object_component id="oc-25a">
         <name>.text</name>
         <load_address>0x4694</load_address>
         <run_address>0x4694</run_address>
         <size>0x14</size>
         <input_file_ref idref="fl-ad"/>
      </object_component>
      <object_component id="oc-39b">
         <name>.text</name>
         <load_address>0x46a8</load_address>
         <run_address>0x46a8</run_address>
         <size>0x14</size>
         <input_file_ref idref="fl-ae"/>
      </object_component>
      <object_component id="oc-446">
         <name>.text.OUTLINED_FUNCTION_1</name>
         <load_address>0x46bc</load_address>
         <run_address>0x46bc</run_address>
         <size>0x12</size>
         <input_file_ref idref="fl-23"/>
      </object_component>
      <object_component id="oc-31b">
         <name>.text:TI_memcpy_small</name>
         <load_address>0x46ce</load_address>
         <run_address>0x46ce</run_address>
         <size>0x12</size>
         <input_file_ref idref="fl-b3"/>
      </object_component>
      <object_component id="oc-359">
         <name>.text.Button_Params_init</name>
         <load_address>0x46e0</load_address>
         <run_address>0x46e0</run_address>
         <size>0x10</size>
         <input_file_ref idref="fl-21"/>
      </object_component>
      <object_component id="oc-455">
         <name>.text.GPIO_write</name>
         <load_address>0x46f0</load_address>
         <run_address>0x46f0</run_address>
         <size>0x10</size>
         <input_file_ref idref="fl-22"/>
      </object_component>
      <object_component id="oc-3cd">
         <name>.text.HwiP_Params_init</name>
         <load_address>0x4700</load_address>
         <run_address>0x4700</run_address>
         <size>0x10</size>
         <input_file_ref idref="fl-2e"/>
      </object_component>
      <object_component id="oc-402">
         <name>.text.PWM_Params_init</name>
         <load_address>0x4710</load_address>
         <run_address>0x4710</run_address>
         <size>0x10</size>
         <input_file_ref idref="fl-26"/>
      </object_component>
      <object_component id="oc-533">
         <name>.text.Power_getDependencyCount</name>
         <load_address>0x4720</load_address>
         <run_address>0x4720</run_address>
         <size>0x10</size>
         <input_file_ref idref="fl-23"/>
      </object_component>
      <object_component id="oc-353">
         <name>.text.RingBuf_construct</name>
         <load_address>0x4730</load_address>
         <run_address>0x4730</run_address>
         <size>0x10</size>
         <input_file_ref idref="fl-1f"/>
      </object_component>
      <object_component id="oc-52f">
         <name>.text.UART2Support_txDone</name>
         <load_address>0x4740</load_address>
         <run_address>0x4740</run_address>
         <size>0x10</size>
         <input_file_ref idref="fl-2b"/>
      </object_component>
      <object_component id="oc-392">
         <name>.text.xdc_runtime_SysMin_ready__E</name>
         <load_address>0x4750</load_address>
         <run_address>0x4750</run_address>
         <size>0x10</size>
         <input_file_ref idref="fl-47"/>
      </object_component>
      <object_component id="oc-278">
         <name>.text:decompress:ZI</name>
         <load_address>0x4760</load_address>
         <run_address>0x4760</run_address>
         <size>0x10</size>
         <input_file_ref idref="fl-66"/>
      </object_component>
      <object_component id="oc-35c">
         <name>.text.LED_Params_init</name>
         <load_address>0x4770</load_address>
         <run_address>0x4770</run_address>
         <size>0xe</size>
         <input_file_ref idref="fl-20"/>
      </object_component>
[...]
         <name>ti_sysbios_family_arm_cc26xx_Timer_getCount64__E</name>
         <value>0x4899</value>
         <object_component_ref idref="oc-2ff"/>
      </symbol>
      <symbol id="sm-728">
         <name>ti_sysbios_family_arm_cc26xx_Timer_getCurrentTick__E</name>
         <value>0x3c29</value>
         <object_component_ref idref="oc-301"/>
      </symbol>
      <symbol id="sm-729">
         <name>ti_sysbios_family_arm_cc26xx_Timer_getMaxTicks__E</name>
         <value>0x4231</value>
         <object_component_ref idref="oc-2fe"/>
      </symbol>
      <symbol id="sm-72a">
         <name>ti_sysbios_family_arm_cc26xx_Timer_initDevice__I</name>
         <value>0x3d81</value>
         <object_component_ref idref="oc-2fb"/>
      </symbol>
      <symbol id="sm-72b">
         <name>ti_sysbios_family_arm_cc26xx_Timer_setNextTick__E</name>
         <value>0x3fd3</value>
         <object_component_ref idref="oc-2fd"/>
      </symbol>
      <symbol id="sm-72c">
         <name>ti_sysbios_family_arm_cc26xx_Timer_setThreshold__I</name>
         <value>0x3959</value>
         <object_component_ref idref="oc-2fc"/>
      </symbol>
      <symbol id="sm-72d">
         <name>ti_sysbios_family_arm_cc26xx_Timer_start__E</name>
         <value>0x275d</value>
         <object_component_ref idref="oc-2f5"/>
      </symbol>
      <symbol id="sm-738">
         <name>ti_sysbios_family_arm_cc26xx_TimestampProvider_get32__E</name>
         <value>0x44b5</value>
         <object_component_ref idref="oc-302"/>
      </symbol>
      <symbol id="sm-746">
         <name>ti_sysbios_heaps_HeapMem_allocUnprotected__E</name>
         <value>0x2e21</value>
         <object_component_ref idref="oc-37e"/>
      </symbol>
      <symbol id="sm-747">
         <name>ti_sysbios_heaps_HeapMem_alloc__E</name>
         <value>0x305d</value>
         <object_component_ref idref="oc-2d9"/>
      </symbol>
      <symbol id="sm-756">
         <name>ti_sysbios_rts_ti_ReentSupport_getReent__F</name>
         <value>0x4389</value>
         <object_component_ref idref="oc-4cd"/>
      </symbol>
      <symbol id="sm-75e">
         <name>__xdc__init</name>
         <value>0x494b</value>
         <object_component_ref idref="oc-253"/>
      </symbol>
      <symbol id="sm-76c">
         <name>xdc_runtime_Error_init__E</name>
         <value>0x452d</value>
         <object_component_ref idref="oc-25b"/>
      </symbol>
      <symbol id="sm-76d">
         <name>xdc_runtime_Error_policyMin__E</name>
         <value>0x42d5</value>
         <object_component_ref idref="oc-2c5"/>
      </symbol>
      <symbol id="sm-77a">
         <name>xdc_runtime_System_formatNum__I</name>
         <value>0x2b49</value>
         <object_component_ref idref="oc-308"/>
      </symbol>
      <symbol id="sm-78c">
         <name>xdc_runtime_SysCallback_defaultAbort</name>
         <value>0x45cb</value>
         <object_component_ref idref="oc-2eb"/>
      </symbol>
      <symbol id="sm-78d">
         <name>xdc_runtime_SysCallback_defaultExit</name>
         <value>0x49df</value>
         <object_component_ref idref="oc-2d2"/>
      </symbol>
      <symbol id="sm-78e">
         <name>xdc_runtime_SysCallback_defaultFlush</name>
         <value>0x49e5</value>
         <object_component_ref idref="oc-2ca"/>
      </symbol>
      <symbol id="sm-78f">
         <name>xdc_runtime_SysCallback_defaultPutch</name>
         <value>0x49e7</value>
         <object_component_ref idref="oc-2e5"/>
      </symbol>
      <symbol id="sm-790">
         <name>xdc_runtime_SysCallback_defaultReady</name>
         <value>0x49c7</value>
         <object_component_ref idref="oc-2e7"/>
      </symbol>
      <symbol id="sm-7aa">
         <name>xdc_runtime_SysMin_Module_startup__E</name>
         <value>0x42f5</value>
         <object_component_ref idref="oc-388"/>
      </symbol>
      <symbol id="sm-7ab">
         <name>xdc_runtime_SysMin_abort__E</name>
         <value>0x3db1</value>
         <object_component_ref idref="oc-38e"/>
      </symbol>
      <symbol id="sm-7ac">
         <name>xdc_runtime_SysMin_exit__E</name>
         <value>0x43a5</value>
         <object_component_ref idref="oc-38f"/>
      </symbol>
      <symbol id="sm-7ad">
         <name>xdc_runtime_SysMin_flush__E</name>
         <value>0x34e1</value>
         <object_component_ref idref="oc-390"/>
      </symbol>
      <symbol id="sm-7ae">
         <name>xdc_runtime_SysMin_putch__E</name>
         <value>0x3995</value>
         <object_component_ref idref="oc-391"/>
      </symbol>
      <symbol id="sm-7af">
         <name>xdc_runtime_SysMin_ready__E</name>
         <value>0x4751</value>
         <object_component_ref idref="oc-392"/>
      </symbol>
      <symbol id="sm-7d7">
         <name>_pthread_cleanupFxn</name>
         <value>0x3ef9</value>
         <object_component_ref idref="oc-377"/>
      </symbol>
      <symbol id="sm-7d8">
         <name>pthread_attr_init</name>
         <value>0x4351</value>
         <object_component_ref idref="oc-2a4"/>
      </symbol>
      <symbol id="sm-7d9">
         <name>pthread_attr_setdetachstate</name>
         <value>0x488d</value>
         <object_component_ref idref="oc-33e"/>
      </symbol>
      <symbol id="sm-7da">
         <name>pthread_attr_setschedparam</name>
         <value>0x466d</value>
         <object_component_ref idref="oc-2aa"/>
      </symbol>
      <symbol id="sm-7db">
         <name>pthread_attr_setstacksize</name>
         <value>0x495d</value>
         <object_component_ref idref="oc-33f"/>
      </symbol>
      <symbol id="sm-7dc">
         <name>pthread_create</name>
         <value>0x1ad5</value>
         <object_component_ref idref="oc-2ad"/>
      </symbol>
      <symbol id="sm-7dd">
         <name>pthread_exit</name>
         <value>0x3001</value>
         <object_component_ref idref="oc-3ec"/>
      </symbol>
      <symbol id="sm-7de">
         <name>pthread_self</name>
         <value>0x479b</value>
         <object_component_ref idref="oc-46b"/>
      </symbol>
      <symbol id="sm-7eb">
         <name>_pthread_removeThreadKeys</name>
         <value>0x27e5</value>
         <object_component_ref idref="oc-46c"/>
      </symbol>
      <symbol id="sm-7f9">
         <name>sleep</name>
         <value>0x372d</value>
         <object_component_ref idref="oc-371"/>
      </symbol>
      <symbol id="sm-7fa">
         <name>usleep</name>
         <value>0x3c5d</value>
         <object_component_ref idref="oc-360"/>
      </symbol>
      <symbol id="sm-802">
         <name>__aeabi_errno_addr</name>
         <value>0x499b</value>
         <object_component_ref idref="oc-410"/>
      </symbol>
      <symbol id="sm-816">
         <name>__stack</name>
         <value>0x200239c0</value>
         <object_component_ref idref="oc-24f"/>
      </symbol>
      <symbol id="sm-817">
         <name>_c_int00</name>
         <value>0x3de1</value>
         <object_component_ref idref="oc-40"/>
      </symbol>
      <symbol id="sm-818">
         <name>_c_int00_noargs</name>
         <value>0x3e11</value>
         <object_component_ref idref="oc-46"/>
      </symbol>
      <symbol id="sm-819">
         <name>_c_int00_noinit</name>
         <value>0x3f7d</value>
         <object_component_ref idref="oc-47"/>
      </symbol>
      <symbol id="sm-81a">
         <name>_c_int00_noinit_noargs</name>
         <value>0x40c5</value>
         <object_component_ref idref="oc-48"/>
      </symbol>
      <symbol id="sm-825">
         <name>_system_post_cinit</name>
         <value>0x499f</value>
         <object_component_ref idref="oc-326"/>
      </symbol>
      <symbol id="sm-826">
         <name>_system_pre_init</name>
         <value>0x48d9</value>
         <object_component_ref idref="oc-268"/>
      </symbol>
      <symbol id="sm-832">
         <name>NOROM_PRCMPowerDomainsAllOff</name>
         <value>0x3829</value>
         <object_component_ref idref="oc-4de"/>
      </symbol>
      <symbol id="sm-833">
         <name>NOROM_PRCMPowerDomainsAllOn</name>
         <value>0x362d</value>
         <object_component_ref idref="oc-44b"/>
      </symbol>
      <symbol id="sm-84b">
         <name>NOROM_OSCHF_AttemptToSwitchToXosc</name>
         <value>0x2361</value>
         <object_component_ref idref="oc-4a7"/>
      </symbol>
      <symbol id="sm-84c">
         <name>NOROM_OSCHF_SwitchToRcOscTurnOffXosc</name>
         <value>0x2a61</value>
         <object_component_ref idref="oc-491"/>
      </symbol>
      <symbol id="sm-84d">
         <name>NOROM_OSCHF_TurnOnXosc</name>
         <value>0x3fa9</value>
         <object_component_ref idref="oc-43e"/>
      </symbol>
      <symbol id="sm-84e">
         <name>NOROM_OSC_HPOSCRelativeFrequencyOffsetGet</name>
         <value>0x329f</value>
         <object_component_ref idref="oc-448"/>
      </symbol>
      <symbol id="sm-84f">
         <name>_hposcCoeffs</name>
         <value>0x200005ec</value>
         <object_component_ref idref="oc-4a9"/>
      </symbol>
      <symbol id="sm-85d">
         <name>NOROM_CPUcpsid</name>
         <value>0x4809</value>
         <object_component_ref idref="oc-395"/>
      </symbol>
      <symbol id="sm-85e">
         <name>NOROM_CPUcpsie</name>
         <value>0x4815</value>
         <object_component_ref idref="oc-39a"/>
      </symbol>
      <symbol id="sm-85f">
         <name>NOROM_CPUdelay</name>
         <value>0x48f5</value>
         <object_component_ref idref="oc-456"/>
      </symbol>
      <symbol id="sm-86c">
         <name>NOROM_SetupTrimDevice</name>
         <value>0x1e2d</value>
         <object_component_ref idref="oc-288"/>
      </symbol>
      <symbol id="sm-878">
         <name>NOROM_SysCtrlIdle</name>
         <value>0x38e1</value>
         <object_component_ref idref="oc-49b"/>
      </symbol>
      <symbol id="sm-879">
         <name>NOROM_SysCtrlStandby</name>
         <value>0x15d1</value>
         <object_component_ref idref="oc-4d9"/>
      </symbol>
      <symbol id="sm-883">
         <name>NOROM_ThisLibraryIsFor_CC13x2x7_CC26x2x7_HaltIfViolated</name>
         <value>0x40ed</value>
         <object_component_ref idref="oc-31d"/>
      </symbol>
      <symbol id="sm-88f">
         <name>NOROM_AUXSYSIFOpModeChange</name>
         <value>0x3339</value>
         <object_component_ref idref="oc-3a7"/>
      </symbol>
      <symbol id="sm-89a">
         <name>_lock</name>
         <value>0x20000670</value>
         <object_component_ref idref="oc-48f"/>
      </symbol>
      <symbol id="sm-89b">
         <name>_nop</name>
         <value>0x32eb</value>
         <object_component_ref idref="oc-427"/>
      </symbol>
      <symbol id="sm-89c">
         <name>_register_lock</name>
         <value>0x4875</value>
         <object_component_ref idref="oc-423"/>
      </symbol>
      <symbol id="sm-89d">
         <name>_register_unlock</name>
         <value>0x4881</value>
         <object_component_ref idref="oc-424"/>
      </symbol>
      <symbol id="sm-89e">
         <name>_unlock</name>
         <value>0x20000674</value>
         <object_component_ref idref="oc-490"/>
      </symbol>
      <symbol id="sm-8a3">
         <name>_args_main</name>
         <value>0x4645</value>
         <object_component_ref idref="oc-26e"/>
      </symbol>
      <symbol id="sm-8a8">
         <name>__TI_auto_init_nobinit_nopinit</name>
         <value>0x39d1</value>
         <object_component_ref idref="oc-293"/>
      </symbol>
      <symbol id="sm-8ad">
         <name>__TI_zero_init</name>
         <value>0x4761</value>
         <object_component_ref idref="oc-278"/>
      </symbol>
      <symbol id="sm-8b1">
         <name>__TI_decompress_none</name>
         <value>0x47ef</value>
         <object_component_ref idref="oc-4b"/>
      </symbol>
      <symbol id="sm-8b5">
         <name>__TI_decompress_lzss</name>
         <value>0x2bb9</value>
         <object_component_ref idref="oc-4a"/>
      </symbol>
      <symbol id="sm-8ba">
         <name>HOSTwrite</name>
         <value>0x30b5</value>
         <object_component_ref idref="oc-4d3"/>
      </symbol>
      <symbol id="sm-8c2">
         <name>C$$IO$$</name>
         <value>0x3beb</value>
         <object_component_ref idref="oc-509"/>
      </symbol>
      <symbol id="sm-8c3">
         <name>__CIOBUF_</name>
         <value>0x20007468</value>
         <object_component_ref idref="oc-535"/>
      </symbol>
      <symbol id="sm-8c4">
         <name>__TI_readmsg</name>
         <value>0x3cf1</value>
         <object_component_ref idref="oc-50a"/>
      </symbol>
      <symbol id="sm-8c5">
         <name>__TI_writemsg</name>
         <value>0x3bc1</value>
         <object_component_ref idref="oc-509"/>
      </symbol>
      <symbol id="sm-8c7">
         <name>parmbuf</name>
         <value>0x20007968</value>
      </symbol>
      <symbol id="sm-8c9">
         <name>__adddf3</name>
         <value>0x9e3</value>
         <object_component_ref idref="oc-385"/>
      </symbol>
      <symbol id="sm-8ca">
         <name>__aeabi_dadd</name>
         <value>0x9e3</value>
         <object_component_ref idref="oc-385"/>
      </symbol>
      <symbol id="sm-8cb">
         <name>__aeabi_dsub</name>
         <value>0x9d9</value>
         <object_component_ref idref="oc-385"/>
      </symbol>
      <symbol id="sm-8cc">
         <name>__subdf3</name>
         <value>0x9d9</value>
         <object_component_ref idref="oc-385"/>
      </symbol>
      <symbol id="sm-8ce">
         <name>__aeabi_dmul</name>
         <value>0x19d9</value>
         <object_component_ref idref="oc-386"/>
      </symbol>
      <symbol id="sm-8cf">
         <name>__muldf3</name>
         <value>0x19d9</value>
         <object_component_ref idref="oc-386"/>
      </symbol>
      <symbol id="sm-8d1">
         <name>__aeabi_f2d</name>
         <value>0x3aed</value>
         <object_component_ref idref="oc-370"/>
      </symbol>
      <symbol id="sm-8d2">
         <name>__extendsfdf2</name>
         <value>0x3aed</value>
         <object_component_ref idref="oc-370"/>
      </symbol>
      <symbol id="sm-8d4">
         <name>__aeabi_d2iz</name>
         <value>0x33c9</value>
         <object_component_ref idref="oc-387"/>
      </symbol>
      <symbol id="sm-8d5">
         <name>__fixdfsi</name>
         <value>0x33c9</value>
         <object_component_ref idref="oc-387"/>
      </symbol>
      <symbol id="sm-8d7">
         <name>__aeabi_d2uiz</name>
         <value>0x3525</value>
         <object_component_ref idref="oc-383"/>
      </symbol>
      <symbol id="sm-8d8">
         <name>__fixunsdfsi</name>
         <value>0x3525</value>
         <object_component_ref idref="oc-383"/>
      </symbol>
      <symbol id="sm-8da">
         <name>__aeabi_ui2d</name>
         <value>0x4315</value>
         <object_component_ref idref="oc-384"/>
      </symbol>
      <symbol id="sm-8db">
         <name>__floatunsidf</name>
         <value>0x4315</value>
         <object_component_ref idref="oc-384"/>
      </symbol>
      <symbol id="sm-8dd">
         <name>__aeabi_dcmpeq</name>
         <value>0x2e85</value>
         <object_component_ref idref="oc-382"/>
      </symbol>
      <symbol id="sm-8de">
         <name>__aeabi_dcmpge</name>
         <value>0x2ec1</value>
         <object_component_ref idref="oc-382"/>
      </symbol>
      <symbol id="sm-8df">
         <name>__aeabi_dcmpgt</name>
         <value>0x2ed5</value>
         <object_component_ref idref="oc-382"/>
      </symbol>
      <symbol id="sm-8e0">
         <name>__aeabi_dcmple</name>
         <value>0x2ead</value>
         <object_component_ref idref="oc-382"/>
      </symbol>
      <symbol id="sm-8e1">
         <name>__aeabi_dcmplt</name>
         <value>0x2e99</value>
         <object_component_ref idref="oc-382"/>
      </symbol>
      <symbol id="sm-8e3">
         <name>__aeabi_memcpy</name>
         <value>0x49e1</value>
         <object_component_ref idref="oc-261"/>
      </symbol>
      <symbol id="sm-8e4">
         <name>__aeabi_memcpy4</name>
         <value>0x49e1</value>
         <object_component_ref idref="oc-261"/>
      </symbol>
      <symbol id="sm-8e5">
         <name>__aeabi_memcpy8</name>
         <value>0x49e1</value>
         <object_component_ref idref="oc-261"/>
      </symbol>
      <symbol id="sm-8e7">
         <name>__aeabi_memclr</name>
         <value>0x46a1</value>
         <object_component_ref idref="oc-25a"/>
      </symbol>
      <symbol id="sm-8e8">
         <name>__aeabi_memclr4</name>
         <value>0x46a1</value>
         <object_component_ref idref="oc-25a"/>
      </symbol>
      <symbol id="sm-8e9">
         <name>__aeabi_memclr8</name>
         <value>0x46a1</value>
         <object_component_ref idref="oc-25a"/>
      </symbol>
      <symbol id="sm-8ea">
         <name>__aeabi_memset</name>
         <value>0x4695</value>
         <object_component_ref idref="oc-25a"/>
      </symbol>
      <symbol id="sm-8eb">
         <name>__aeabi_memset4</name>
         <value>0x4695</value>
         <object_component_ref idref="oc-25a"/>
      </symbol>
      <symbol id="sm-8ec">
         <name>__aeabi_memset8</name>
         <value>0x4695</value>
         <object_component_ref idref="oc-25a"/>
      </symbol>
      <symbol id="sm-8ee">
         <name>__aeabi_uldivmod</name>
         <value>0x46a9</value>
         <object_component_ref idref="oc-39b"/>
      </symbol>
      <symbol id="sm-8f0">
         <name>__udivmoddi4</name>
         <value>0x2579</value>
         <object_component_ref idref="oc-422"/>
      </symbol>
      <symbol id="sm-8f6">
         <name>__cmpdf2</name>
         <value>0x29e5</value>
         <object_component_ref idref="oc-418"/>
      </symbol>
      <symbol id="sm-8f7">
         <name>__eqdf2</name>
         <value>0x29e5</value>
         <object_component_ref idref="oc-418"/>
      </symbol>
      <symbol id="sm-8f8">
         <name>__gedf2</name>
         <value>0x2969</value>
         <object_component_ref idref="oc-419"/>
      </symbol>
      <symbol id="sm-8f9">
         <name>__gtdf2</name>
         <value>0x2969</value>
         <object_component_ref idref="oc-419"/>
      </symbol>
      <symbol id="sm-8fa">
         <name>__ledf2</name>
         <value>0x29e5</value>
         <object_component_ref idref="oc-418"/>
      </symbol>
      <symbol id="sm-8fb">
         <name>__ltdf2</name>
         <value>0x29e5</value>
         <object_component_ref idref="oc-418"/>
      </symbol>
      <symbol id="sm-8fc">
         <name>__nedf2</name>
         <value>0x29e5</value>
         <object_component_ref idref="oc-418"/>
      </symbol>
      <symbol id="sm-901">
         <name>__aeabi_ldiv0</name>
         <value>0x31af</value>
         <object_component_ref idref="oc-48e"/>
      </symbol>
      <symbol id="sm-904">
         <name>TI_memcpy_small</name>
         <value>0x46cf</value>
         <object_component_ref idref="oc-31b"/>
      </symbol>
      <symbol id="sm-907">
         <name>TI_memset_small</name>
         <value>0x47e1</value>
         <object_component_ref idref="oc-319"/>
      </symbol>
      <symbol id="sm-908">
         <name>__TI_static_base__</name>
         <value>0x0</value>
      </symbol>
      <symbol id="sm-90f">
         <name>PIN_hwi_bypass</name>
         <value>0x0</value>
      </symbol>
      <symbol id="sm-910">
         <name>PWM_count</name>
         <value>0x0</value>
      </symbol>
      <symbol id="sm-911">
         <name>PWM_config</name>
         <value>0x0</value>
      </symbol>
      <symbol id="sm-912">
         <name>ITM_flush</name>
         <value>0x0</value>
      </symbol>
      <symbol id="sm-913">
         <name>ITM_restore</name>
         <value>0x0</value>
      </symbol>
      <symbol id="sm-914">
         <name>__mpu_init</name>
         <value>0x0</value>
      </symbol>
      <symbol id="sm-915">
         <name>__c_args__</name>
         <value>0x0</value>
      </symbol>
   </symbol_table>
   <title>Link successful</title>
</link_info>
